#
# A fatal error has been detected by the Java Runtime Environment:
#
#  EXCEPTION_ACCESS_VIOLATION (0xc0000005) at pc=0x0000016758a4f400, pid=6408, tid=11848
#
# JRE version: OpenJDK Runtime Environment Corretto-17.0.14.7.1 (17.0.14+7) (build 17.0.14+7-LTS)
# Java VM: OpenJDK 64-Bit Server VM Corretto-17.0.14.7.1 (17.0.14+7-LTS, mixed mode, sharing, tiered, compressed oops, compressed class ptrs, g1 gc, windows-amd64)
# Problematic frame:
# C  0x0000016758a4f400
#
# No core dump will be written. Minidumps are not enabled by default on client versions of Windows
#
# If you would like to submit a bug report, please visit:
#   https://github.com/corretto/corretto-17/issues/
#

---------------  S U M M A R Y ------------

Command Line: -javaagent:C:\Program Files\JetBrains\IntelliJ IDEA 2024.3.2.2\lib\idea_rt.jar=50463:C:\Program Files\JetBrains\IntelliJ IDEA 2024.3.2.2\bin -Dfile.encoding=UTF-8 com.luna.luna_project.LunaProjectApplication

Host: Intel(R) Core(TM) i7-9750H CPU @ 2.60GHz, 12 cores, 15G,  Windows 11 , 64 bit Build 26100 (10.0.26100.3912)
Time: Fri May 23 22:31:01 2025 Hora oficial do Brasil elapsed time: 2.047909 seconds (0d 0h 0m 2s)

---------------  T H R E A D  ---------------

Current thread (0x00000167582c5b80):  JavaThread "C2 CompilerThread2" daemon [_thread_in_native, id=11848, stack(0x0000004acd800000,0x0000004acd900000)]


Current CompileTask:
C2:   2047 1834       4       jdk.internal.org.objectweb.asm.Frame::execute (2305 bytes)

Stack: [0x0000004acd800000,0x0000004acd900000],  sp=0x0000004acd8fa5a8,  free space=1001k
Native frames: (J=compiled Java code, j=interpreted, Vv=VM code, C=native code)
C  0x0000016758a4f400


siginfo: EXCEPTION_ACCESS_VIOLATION (0xc0000005), data execution prevention violation at address 0x0000016758a4f400


Registers:
RAX=0x0000016758a4f450, RBX=0x0000016758265c88, RCX=0x0000016758065880, RDX=0x0000016758145434
RSP=0x0000004acd8fa5a8, RBP=0x0000000000000009, RSI=0x0000004acd8fa9c0, RDI=0x0000004acd8fa6b0
R8 =0x0000000000000200, R9 =0xfefeff6f6071735e, R10=0xfefefefefefefeff, R11=0x8080808080808080
R12=0x0000004acd8fa690, R13=0x0000004acd8fa670, R14=0x0000000000000001, R15=0x0000016758265880
RIP=0x0000016758a4f400, EFLAGS=0x0000000000010246


Register to memory mapping:

RIP=0x0000016758a4f400 points into unknown readable memory: 0x00000167580af7b8 | b8 f7 0a 58 67 01 00 00
RAX=0x0000016758a4f450 points into unknown readable memory: 0x0000000000000000 | 00 00 00 00 00 00 00 00
RBX=0x0000016758265c88 points into unknown readable memory: 0x00007fff9dc16770 | 70 67 c1 9d ff 7f 00 00
RCX=0x0000016758065880 points into unknown readable memory: 0x0000016758a4f450 | 50 f4 a4 58 67 01 00 00
RDX=0x0000016758145434 points into unknown readable memory: 00 7e ff ff
RSP=0x0000004acd8fa5a8 is pointing into the stack for thread: 0x00000167582c5b80
RBP=0x0000000000000009 is an unknown value
RSI=0x0000004acd8fa9c0 is pointing into the stack for thread: 0x00000167582c5b80
RDI=0x0000004acd8fa6b0 is pointing into the stack for thread: 0x00000167582c5b80
R8 =0x0000000000000200 is an unknown value
R9 =0xfefeff6f6071735e is an unknown value
R10=0xfefefefefefefeff is an unknown value
R11=0x8080808080808080 is an unknown value
R12=0x0000004acd8fa690 is pointing into the stack for thread: 0x00000167582c5b80
R13=0x0000004acd8fa670 is pointing into the stack for thread: 0x00000167582c5b80
R14=0x0000000000000001 is an unknown value
R15=0x0000016758265880 points into unknown readable memory: 0x00007fff9dc91808 | 08 18 c9 9d ff 7f 00 00


Top of Stack: (sp=0x0000004acd8fa5a8)
0x0000004acd8fa5a8:   00007fff9d9ae427 000001675d926598
0x0000004acd8fa5b8:   0000004acd8fa670 0000000000000001
0x0000004acd8fa5c8:   0000004acd8fa6b0 0000016758265880
0x0000004acd8fa5d8:   00007fff9d8e8611 000001675d956150
0x0000004acd8fa5e8:   0000004acd8fa9c0 0000004acd8fa690
0x0000004acd8fa5f8:   00000167581cb9f0 0000000000000000
0x0000004acd8fa608:   00000167581cba20 0000004acd8fa740
0x0000004acd8fa618:   0000000000048200 0000016772cb14a0
0x0000004acd8fa628:   0000000000000001 0000016758a20148
0x0000004acd8fa638:   00007fff9d8e7918 0000004acd8fa9c0
0x0000004acd8fa648:   0000004acd8fa9c0 0000016700000001
0x0000004acd8fa658:   0000004acd8fa6b0 00000000000482e8
0x0000004acd8fa668:   0000016771200000 00000167581c65f0
0x0000004acd8fa678:   00007ff800001000 000001675e25df90
0x0000004acd8fa688:   0000000000000963 0000016700000100
0x0000004acd8fa698:   00000167581453a0 0000016700000100
0x0000004acd8fa6a8:   00000167581c65f0 000001675e274980
0x0000004acd8fa6b8:   000001675e283f80 000001675e274990
0x0000004acd8fa6c8:   00000167581c65f0 00000167581c65f0
0x0000004acd8fa6d8:   00007fff00000004 000001675dcb00e0
0x0000004acd8fa6e8:   0000016700000000 0000016717454670
0x0000004acd8fa6f8:   00000167171278b0 00000000000000b5
0x0000004acd8fa708:   00007fff9d8c578e 0000004acd8fa8f8
0x0000004acd8fa718:   00000167582c5b80 00000000000000b5
0x0000004acd8fa728:   00007fff9d53234c 00000167582c5b80
0x0000004acd8fa738:   0000004acd8fa860 00001560f6298f22
0x0000004acd8fa748:   00007fff9db8218e 0000000000000100
0x0000004acd8fa758:   00007fff9d53237e 0000000000000007
0x0000004acd8fa768:   000001671733fdc8 0000016717456320
0x0000004acd8fa778:   00000167582c5b80 0000000000000000
0x0000004acd8fa788:   00007fff9d478486 0000000000000000
0x0000004acd8fa798:   000001675e212340 00000000000482e8 

Instructions: (pc=0x0000016758a4f400)
0x0000016758a4f300:   00 00 00 00 00 00 00 00 3d 55 f7 8a 00 79 00 90
0x0000016758a4f310:   00 00 00 00 00 00 00 00 90 ed a4 58 67 01 00 00
0x0000016758a4f320:   c0 f2 a4 58 67 01 00 00 3f 55 f1 8a 67 7a 00 90
0x0000016758a4f330:   03 00 ff 2c 07 00 6d 61 72 6b 65 72 73 01 00 00
0x0000016758a4f340:   c0 f2 a4 58 67 01 00 00 39 55 f3 8a 67 7b 00 90
0x0000016758a4f350:   60 c4 9e 58 67 01 00 00 50 f0 a4 58 67 01 00 00
0x0000016758a4f360:   28 f1 0a 58 67 01 00 00 3b 55 0d 8b 95 7c 00 90
0x0000016758a4f370:   a0 b0 6a 7f 67 01 00 00 30 e3 88 58 67 01 00 00
0x0000016758a4f380:   00 00 00 00 00 00 00 00 35 55 0f 8b 67 7d 00 90
0x0000016758a4f390:   00 00 00 00 00 00 00 00 d0 f2 a4 58 67 01 00 00
0x0000016758a4f3a0:   b0 f3 a4 58 67 01 00 00 37 55 09 8b 00 7e 00 90
0x0000016758a4f3b0:   c0 4f 3b 58 67 01 00 00 20 8a 9a 58 67 01 00 00
0x0000016758a4f3c0:   60 f3 a4 58 67 01 00 00 31 55 0b 8b 67 7f 00 90
0x0000016758a4f3d0:   00 00 00 00 00 00 00 00 f0 cd a1 58 67 01 00 00
0x0000016758a4f3e0:   60 f3 a4 58 67 01 00 00 33 55 05 8b 00 80 00 90
0x0000016758a4f3f0:   00 00 00 00 00 00 00 00 e0 cb a1 58 67 01 00 00
0x0000016758a4f400:   b8 f7 0a 58 67 01 00 00 4d 55 07 8b 93 81 00 90
0x0000016758a4f410:   00 00 00 00 00 00 00 00 a8 e3 88 58 67 01 00 00
0x0000016758a4f420:   00 00 00 00 00 00 00 00 4f 55 01 8b 67 82 00 90
0x0000016758a4f430:   04 00 32 51 06 00 67 65 74 4d 64 63 00 00 00 00
0x0000016758a4f440:   a0 21 a5 58 67 01 00 00 49 55 03 8b 00 83 00 90
0x0000016758a4f450:   00 00 00 00 00 00 00 00 50 e3 88 58 67 01 00 00
0x0000016758a4f460:   00 f4 a4 58 67 01 00 00 4b 55 1d 8b 67 84 00 90
0x0000016758a4f470:   40 8b 9e 58 67 01 00 00 50 0c a1 58 67 01 00 00
0x0000016758a4f480:   00 f4 a4 58 67 01 00 00 45 55 1f 8b 67 85 00 90
0x0000016758a4f490:   00 00 00 00 00 00 00 00 d0 f9 a4 58 67 01 00 00
0x0000016758a4f4a0:   50 fd 0a 58 67 01 00 00 47 55 19 8b 90 86 00 90
0x0000016758a4f4b0:   00 00 00 00 00 00 00 00 50 c8 a1 58 67 01 00 00
0x0000016758a4f4c0:   30 0a a5 58 67 01 00 00 41 55 1b 8b 67 87 00 88
0x0000016758a4f4d0:   01 00 19 d4 0d 00 44 45 42 55 47 5f 49 4e 54 45
0x0000016758a4f4e0:   47 45 52 58 67 01 00 00 43 55 15 8b 00 88 00 90
0x0000016758a4f4f0:   60 b3 5e 58 67 01 00 00 30 fa a4 58 67 01 00 00 


Stack slot to memory mapping:
stack at sp + 0 slots: 0x00007fff9d9ae427 jvm.dll
stack at sp + 1 slots: 0x000001675d926598 points into unknown readable memory: 0x00007fff9dca4960 | 60 49 ca 9d ff 7f 00 00
stack at sp + 2 slots: 0x0000004acd8fa670 is pointing into the stack for thread: 0x00000167582c5b80
stack at sp + 3 slots: 0x0000000000000001 is an unknown value
stack at sp + 4 slots: 0x0000004acd8fa6b0 is pointing into the stack for thread: 0x00000167582c5b80
stack at sp + 5 slots: 0x0000016758265880 points into unknown readable memory: 0x00007fff9dc91808 | 08 18 c9 9d ff 7f 00 00
stack at sp + 6 slots: 0x00007fff9d8e8611 jvm.dll
stack at sp + 7 slots: 0x000001675d956150 points into unknown readable memory: 0x00007fff9dc91808 | 08 18 c9 9d ff 7f 00 00


---------------  P R O C E S S  ---------------

Threads class SMR info:
_java_thread_list=0x000001675de1eaf0, length=20, elements={
0x0000016772c9a9b0, 0x000001677f646e80, 0x000001677f647950, 0x000001677f655f00,
0x000001677f6587e0, 0x000001677f65b0c0, 0x000001677f65b990, 0x000001677f65c9a0,
0x000001677f6697d0, 0x000001677f692110, 0x000001675816f4f0, 0x0000016758247e30,
0x00000167582c5b80, 0x0000016758464120, 0x000001675868ea30, 0x000001675d811cf0,
0x0000016758bc5020, 0x000001675db70d80, 0x000001675dcfb400, 0x000001675d77bc10
}

Java Threads: ( => current thread )
  0x0000016772c9a9b0 JavaThread "main" [_thread_in_vm, id=3600, stack(0x0000004acc600000,0x0000004acc700000)]
  0x000001677f646e80 JavaThread "Reference Handler" daemon [_thread_blocked, id=12760, stack(0x0000004accd00000,0x0000004acce00000)]
  0x000001677f647950 JavaThread "Finalizer" daemon [_thread_blocked, id=14144, stack(0x0000004acce00000,0x0000004accf00000)]
  0x000001677f655f00 JavaThread "Signal Dispatcher" daemon [_thread_blocked, id=18164, stack(0x0000004accf00000,0x0000004acd000000)]
  0x000001677f6587e0 JavaThread "Attach Listener" daemon [_thread_blocked, id=8512, stack(0x0000004acd000000,0x0000004acd100000)]
  0x000001677f65b0c0 JavaThread "Service Thread" daemon [_thread_blocked, id=13024, stack(0x0000004acd100000,0x0000004acd200000)]
  0x000001677f65b990 JavaThread "Monitor Deflation Thread" daemon [_thread_blocked, id=18664, stack(0x0000004acd200000,0x0000004acd300000)]
  0x000001677f65c9a0 JavaThread "C2 CompilerThread0" daemon [_thread_in_native, id=8764, stack(0x0000004acd300000,0x0000004acd400000)]
  0x000001677f6697d0 JavaThread "C1 CompilerThread0" daemon [_thread_in_native, id=4764, stack(0x0000004acd400000,0x0000004acd500000)]
  0x000001677f692110 JavaThread "Sweeper thread" daemon [_thread_blocked, id=14644, stack(0x0000004acd500000,0x0000004acd600000)]
  0x000001675816f4f0 JavaThread "Common-Cleaner" daemon [_thread_blocked, id=19052, stack(0x0000004acd600000,0x0000004acd700000)]
  0x0000016758247e30 JavaThread "C2 CompilerThread1" daemon [_thread_in_native, id=13040, stack(0x0000004acd700000,0x0000004acd800000)]
=>0x00000167582c5b80 JavaThread "C2 CompilerThread2" daemon [_thread_in_native, id=11848, stack(0x0000004acd800000,0x0000004acd900000)]
  0x0000016758464120 JavaThread "Monitor Ctrl-Break" daemon [_thread_in_native, id=1284, stack(0x0000004acd900000,0x0000004acda00000)]
  0x000001675868ea30 JavaThread "Notification Thread" daemon [_thread_blocked, id=2784, stack(0x0000004acda00000,0x0000004acdb00000)]
  0x000001675d811cf0 JavaThread "RMI TCP Accept-0" daemon [_thread_in_native, id=11708, stack(0x0000004ace500000,0x0000004ace600000)]
  0x0000016758bc5020 JavaThread "RMI TCP Connection(1)-26.117.114.70" daemon [_thread_in_native, id=16620, stack(0x0000004ace600000,0x0000004ace700000)]
  0x000001675db70d80 JavaThread "RMI Scheduler(0)" daemon [_thread_blocked, id=15824, stack(0x0000004ace700000,0x0000004ace800000)]
  0x000001675dcfb400 JavaThread "JMX server connection timeout 20" daemon [_thread_blocked, id=11568, stack(0x0000004ace800000,0x0000004ace900000)]
  0x000001675d77bc10 JavaThread "background-preinit" [_thread_in_vm, id=15804, stack(0x0000004acea00000,0x0000004aceb00000)]

Other Threads:
  0x000001677f641b30 VMThread "VM Thread" [stack: 0x0000004accc00000,0x0000004accd00000] [id=13280]
  0x0000016772c9b640 WatcherThread [stack: 0x0000004acdb00000,0x0000004acdc00000] [id=15472]
  0x0000016772d079e0 GCTaskThread "GC Thread#0" [stack: 0x0000004acc700000,0x0000004acc800000] [id=7460]
  0x000001675d972230 GCTaskThread "GC Thread#1" [stack: 0x0000004acdc00000,0x0000004acdd00000] [id=14692]
  0x0000016758a2aa30 GCTaskThread "GC Thread#2" [stack: 0x0000004acdd00000,0x0000004acde00000] [id=9228]
  0x000001675d09c020 GCTaskThread "GC Thread#3" [stack: 0x0000004acde00000,0x0000004acdf00000] [id=8840]
  0x000001675dbe9270 GCTaskThread "GC Thread#4" [stack: 0x0000004acdf00000,0x0000004ace000000] [id=11372]
  0x000001675d6533a0 GCTaskThread "GC Thread#5" [stack: 0x0000004ace000000,0x0000004ace100000] [id=3816]
  0x000001675d970710 GCTaskThread "GC Thread#6" [stack: 0x0000004ace100000,0x0000004ace200000] [id=16004]
  0x000001675d573470 GCTaskThread "GC Thread#7" [stack: 0x0000004ace200000,0x0000004ace300000] [id=19428]
  0x000001675dc2f9b0 GCTaskThread "GC Thread#8" [stack: 0x0000004ace300000,0x0000004ace400000] [id=16152]
  0x000001675d626820 GCTaskThread "GC Thread#9" [stack: 0x0000004ace900000,0x0000004acea00000] [id=16072]
  0x0000016772d1b8b0 ConcurrentGCThread "G1 Main Marker" [stack: 0x0000004acc800000,0x0000004acc900000] [id=7144]
  0x0000016772d1e990 ConcurrentGCThread "G1 Conc#0" [stack: 0x0000004acc900000,0x0000004acca00000] [id=1120]
  0x000001677f56eed0 ConcurrentGCThread "G1 Refine#0" [stack: 0x0000004acca00000,0x0000004accb00000] [id=9528]
  0x000001675d96ff10 ConcurrentGCThread "G1 Refine#1" [stack: 0x0000004ace400000,0x0000004ace500000] [id=3340]
  0x000001677f56f810 ConcurrentGCThread "G1 Service" [stack: 0x0000004accb00000,0x0000004accc00000] [id=15276]

Threads with active compile tasks:
C2 CompilerThread0     2184 1939       4       java.util.ArrayList::add (25 bytes)
C1 CompilerThread0     2184 1962       3       org.hibernate.validator.internal.util.TypeHelper::resolveTypeForClassAndHierarchy (61 bytes)
C2 CompilerThread1     2184 1923   !   4       java.net.URL::<init> (543 bytes)
C2 CompilerThread2     2184 1834       4       jdk.internal.org.objectweb.asm.Frame::execute (2305 bytes)

VM state: not at safepoint (normal execution)

VM Mutex/Monitor currently owned by a thread: None

Heap address: 0x0000000702800000, size: 4056 MB, Compressed Oops mode: Zero based, Oop shift amount: 3

CDS archive(s) mapped at: [0x0000016717000000-0x0000016717bb0000-0x0000016717bb0000), size 12255232, SharedBaseAddress: 0x0000016717000000, ArchiveRelocationMode: 1.
Compressed class space mapped at: 0x0000016718000000-0x0000016758000000, reserved size: 1073741824
Narrow klass base: 0x0000016717000000, Narrow klass shift: 0, Narrow klass range: 0x100000000

GC Precious Log:
 CPUs: 12 total, 12 available
 Memory: 16221M
 Large Page Support: Disabled
 NUMA Support: Disabled
 Compressed Oops: Enabled (Zero based)
 Heap Region Size: 2M
 Heap Min Capacity: 8M
 Heap Initial Capacity: 254M
 Heap Max Capacity: 4056M
 Pre-touch: Disabled
 Parallel Workers: 10
 Concurrent Workers: 3
 Concurrent Refinement Workers: 10
 Periodic GC: Disabled

Heap:
 garbage-first heap   total 260096K, used 27348K [0x0000000702800000, 0x0000000800000000)
  region size 2048K, 10 young (20480K), 1 survivors (2048K)
 Metaspace       used 14971K, committed 15296K, reserved 1114112K
  class space    used 1940K, committed 2112K, reserved 1048576K

Heap Regions: E=young(eden), S=young(survivor), O=old, HS=humongous(starts), HC=humongous(continues), CS=collection set, F=free, OA=open archive, CA=closed archive, TAMS=top-at-mark-start (previous, next)
|   0|0x0000000702800000, 0x0000000702a00000, 0x0000000702a00000|100%| O|  |TAMS 0x0000000702800000, 0x0000000702800000| Untracked 
|   1|0x0000000702a00000, 0x0000000702c00000, 0x0000000702c00000|100%| O|  |TAMS 0x0000000702a00000, 0x0000000702a00000| Untracked 
|   2|0x0000000702c00000, 0x0000000702e00000, 0x0000000702e00000|100%| O|  |TAMS 0x0000000702c00000, 0x0000000702c00000| Untracked 
|   3|0x0000000702e00000, 0x0000000703000000, 0x0000000703000000|100%| O|  |TAMS 0x0000000702e00000, 0x0000000702e00000| Untracked 
|   4|0x0000000703000000, 0x0000000703148800, 0x0000000703200000| 64%| O|  |TAMS 0x0000000703000000, 0x0000000703000000| Untracked 
|   5|0x0000000703200000, 0x0000000703200000, 0x0000000703400000|  0%| F|  |TAMS 0x0000000703200000, 0x0000000703200000| Untracked 
|   6|0x0000000703400000, 0x0000000703400000, 0x0000000703600000|  0%| F|  |TAMS 0x0000000703400000, 0x0000000703400000| Untracked 
|   7|0x0000000703600000, 0x0000000703600000, 0x0000000703800000|  0%| F|  |TAMS 0x0000000703600000, 0x0000000703600000| Untracked 
|   8|0x0000000703800000, 0x0000000703800000, 0x0000000703a00000|  0%| F|  |TAMS 0x0000000703800000, 0x0000000703800000| Untracked 
|   9|0x0000000703a00000, 0x0000000703a00000, 0x0000000703c00000|  0%| F|  |TAMS 0x0000000703a00000, 0x0000000703a00000| Untracked 
|  10|0x0000000703c00000, 0x0000000703c00000, 0x0000000703e00000|  0%| F|  |TAMS 0x0000000703c00000, 0x0000000703c00000| Untracked 
|  11|0x0000000703e00000, 0x0000000703e00000, 0x0000000704000000|  0%| F|  |TAMS 0x0000000703e00000, 0x0000000703e00000| Untracked 
|  12|0x0000000704000000, 0x0000000704000000, 0x0000000704200000|  0%| F|  |TAMS 0x0000000704000000, 0x0000000704000000| Untracked 
|  13|0x0000000704200000, 0x0000000704200000, 0x0000000704400000|  0%| F|  |TAMS 0x0000000704200000, 0x0000000704200000| Untracked 
|  14|0x0000000704400000, 0x0000000704400000, 0x0000000704600000|  0%| F|  |TAMS 0x0000000704400000, 0x0000000704400000| Untracked 
|  15|0x0000000704600000, 0x0000000704600000, 0x0000000704800000|  0%| F|  |TAMS 0x0000000704600000, 0x0000000704600000| Untracked 
|  16|0x0000000704800000, 0x0000000704800000, 0x0000000704a00000|  0%| F|  |TAMS 0x0000000704800000, 0x0000000704800000| Untracked 
|  17|0x0000000704a00000, 0x0000000704a00000, 0x0000000704c00000|  0%| F|  |TAMS 0x0000000704a00000, 0x0000000704a00000| Untracked 
|  18|0x0000000704c00000, 0x0000000704c00000, 0x0000000704e00000|  0%| F|  |TAMS 0x0000000704c00000, 0x0000000704c00000| Untracked 
|  19|0x0000000704e00000, 0x0000000704e00000, 0x0000000705000000|  0%| F|  |TAMS 0x0000000704e00000, 0x0000000704e00000| Untracked 
|  20|0x0000000705000000, 0x0000000705000000, 0x0000000705200000|  0%| F|  |TAMS 0x0000000705000000, 0x0000000705000000| Untracked 
|  21|0x0000000705200000, 0x0000000705200000, 0x0000000705400000|  0%| F|  |TAMS 0x0000000705200000, 0x0000000705200000| Untracked 
|  22|0x0000000705400000, 0x0000000705400000, 0x0000000705600000|  0%| F|  |TAMS 0x0000000705400000, 0x0000000705400000| Untracked 
|  23|0x0000000705600000, 0x0000000705600000, 0x0000000705800000|  0%| F|  |TAMS 0x0000000705600000, 0x0000000705600000| Untracked 
|  24|0x0000000705800000, 0x0000000705800000, 0x0000000705a00000|  0%| F|  |TAMS 0x0000000705800000, 0x0000000705800000| Untracked 
|  25|0x0000000705a00000, 0x0000000705a00000, 0x0000000705c00000|  0%| F|  |TAMS 0x0000000705a00000, 0x0000000705a00000| Untracked 
|  26|0x0000000705c00000, 0x0000000705c00000, 0x0000000705e00000|  0%| F|  |TAMS 0x0000000705c00000, 0x0000000705c00000| Untracked 
|  27|0x0000000705e00000, 0x0000000705e00000, 0x0000000706000000|  0%| F|  |TAMS 0x0000000705e00000, 0x0000000705e00000| Untracked 
|  28|0x0000000706000000, 0x0000000706000000, 0x0000000706200000|  0%| F|  |TAMS 0x0000000706000000, 0x0000000706000000| Untracked 
|  29|0x0000000706200000, 0x0000000706200000, 0x0000000706400000|  0%| F|  |TAMS 0x0000000706200000, 0x0000000706200000| Untracked 
|  30|0x0000000706400000, 0x0000000706400000, 0x0000000706600000|  0%| F|  |TAMS 0x0000000706400000, 0x0000000706400000| Untracked 
|  31|0x0000000706600000, 0x0000000706600000, 0x0000000706800000|  0%| F|  |TAMS 0x0000000706600000, 0x0000000706600000| Untracked 
|  32|0x0000000706800000, 0x0000000706800000, 0x0000000706a00000|  0%| F|  |TAMS 0x0000000706800000, 0x0000000706800000| Untracked 
|  33|0x0000000706a00000, 0x0000000706a00000, 0x0000000706c00000|  0%| F|  |TAMS 0x0000000706a00000, 0x0000000706a00000| Untracked 
|  34|0x0000000706c00000, 0x0000000706c00000, 0x0000000706e00000|  0%| F|  |TAMS 0x0000000706c00000, 0x0000000706c00000| Untracked 
|  35|0x0000000706e00000, 0x0000000706e00000, 0x0000000707000000|  0%| F|  |TAMS 0x0000000706e00000, 0x0000000706e00000| Untracked 
|  36|0x0000000707000000, 0x0000000707000000, 0x0000000707200000|  0%| F|  |TAMS 0x0000000707000000, 0x0000000707000000| Untracked 
|  37|0x0000000707200000, 0x0000000707200000, 0x0000000707400000|  0%| F|  |TAMS 0x0000000707200000, 0x0000000707200000| Untracked 
|  38|0x0000000707400000, 0x0000000707400000, 0x0000000707600000|  0%| F|  |TAMS 0x0000000707400000, 0x0000000707400000| Untracked 
|  39|0x0000000707600000, 0x0000000707600000, 0x0000000707800000|  0%| F|  |TAMS 0x0000000707600000, 0x0000000707600000| Untracked 
|  40|0x0000000707800000, 0x0000000707800000, 0x0000000707a00000|  0%| F|  |TAMS 0x0000000707800000, 0x0000000707800000| Untracked 
|  41|0x0000000707a00000, 0x0000000707a00000, 0x0000000707c00000|  0%| F|  |TAMS 0x0000000707a00000, 0x0000000707a00000| Untracked 
|  42|0x0000000707c00000, 0x0000000707c00000, 0x0000000707e00000|  0%| F|  |TAMS 0x0000000707c00000, 0x0000000707c00000| Untracked 
|  43|0x0000000707e00000, 0x0000000707e00000, 0x0000000708000000|  0%| F|  |TAMS 0x0000000707e00000, 0x0000000707e00000| Untracked 
|  44|0x0000000708000000, 0x0000000708000000, 0x0000000708200000|  0%| F|  |TAMS 0x0000000708000000, 0x0000000708000000| Untracked 
|  45|0x0000000708200000, 0x0000000708200000, 0x0000000708400000|  0%| F|  |TAMS 0x0000000708200000, 0x0000000708200000| Untracked 
|  46|0x0000000708400000, 0x0000000708400000, 0x0000000708600000|  0%| F|  |TAMS 0x0000000708400000, 0x0000000708400000| Untracked 
|  47|0x0000000708600000, 0x0000000708600000, 0x0000000708800000|  0%| F|  |TAMS 0x0000000708600000, 0x0000000708600000| Untracked 
|  48|0x0000000708800000, 0x0000000708800000, 0x0000000708a00000|  0%| F|  |TAMS 0x0000000708800000, 0x0000000708800000| Untracked 
|  49|0x0000000708a00000, 0x0000000708a00000, 0x0000000708c00000|  0%| F|  |TAMS 0x0000000708a00000, 0x0000000708a00000| Untracked 
|  50|0x0000000708c00000, 0x0000000708c00000, 0x0000000708e00000|  0%| F|  |TAMS 0x0000000708c00000, 0x0000000708c00000| Untracked 
|  51|0x0000000708e00000, 0x0000000708e00000, 0x0000000709000000|  0%| F|  |TAMS 0x0000000708e00000, 0x0000000708e00000| Untracked 
|  52|0x0000000709000000, 0x0000000709000000, 0x0000000709200000|  0%| F|  |TAMS 0x0000000709000000, 0x0000000709000000| Untracked 
|  53|0x0000000709200000, 0x0000000709200000, 0x0000000709400000|  0%| F|  |TAMS 0x0000000709200000, 0x0000000709200000| Untracked 
|  54|0x0000000709400000, 0x0000000709400000, 0x0000000709600000|  0%| F|  |TAMS 0x0000000709400000, 0x0000000709400000| Untracked 
|  55|0x0000000709600000, 0x0000000709600000, 0x0000000709800000|  0%| F|  |TAMS 0x0000000709600000, 0x0000000709600000| Untracked 
|  56|0x0000000709800000, 0x0000000709800000, 0x0000000709a00000|  0%| F|  |TAMS 0x0000000709800000, 0x0000000709800000| Untracked 
|  57|0x0000000709a00000, 0x0000000709a00000, 0x0000000709c00000|  0%| F|  |TAMS 0x0000000709a00000, 0x0000000709a00000| Untracked 
|  58|0x0000000709c00000, 0x0000000709c00000, 0x0000000709e00000|  0%| F|  |TAMS 0x0000000709c00000, 0x0000000709c00000| Untracked 
|  59|0x0000000709e00000, 0x0000000709e00000, 0x000000070a000000|  0%| F|  |TAMS 0x0000000709e00000, 0x0000000709e00000| Untracked 
|  60|0x000000070a000000, 0x000000070a000000, 0x000000070a200000|  0%| F|  |TAMS 0x000000070a000000, 0x000000070a000000| Untracked 
|  61|0x000000070a200000, 0x000000070a200000, 0x000000070a400000|  0%| F|  |TAMS 0x000000070a200000, 0x000000070a200000| Untracked 
|  62|0x000000070a400000, 0x000000070a400000, 0x000000070a600000|  0%| F|  |TAMS 0x000000070a400000, 0x000000070a400000| Untracked 
|  63|0x000000070a600000, 0x000000070a600000, 0x000000070a800000|  0%| F|  |TAMS 0x000000070a600000, 0x000000070a600000| Untracked 
|  64|0x000000070a800000, 0x000000070a800000, 0x000000070aa00000|  0%| F|  |TAMS 0x000000070a800000, 0x000000070a800000| Untracked 
|  65|0x000000070aa00000, 0x000000070aa00000, 0x000000070ac00000|  0%| F|  |TAMS 0x000000070aa00000, 0x000000070aa00000| Untracked 
|  66|0x000000070ac00000, 0x000000070ac00000, 0x000000070ae00000|  0%| F|  |TAMS 0x000000070ac00000, 0x000000070ac00000| Untracked 
|  67|0x000000070ae00000, 0x000000070ae00000, 0x000000070b000000|  0%| F|  |TAMS 0x000000070ae00000, 0x000000070ae00000| Untracked 
|  68|0x000000070b000000, 0x000000070b000000, 0x000000070b200000|  0%| F|  |TAMS 0x000000070b000000, 0x000000070b000000| Untracked 
|  69|0x000000070b200000, 0x000000070b200000, 0x000000070b400000|  0%| F|  |TAMS 0x000000070b200000, 0x000000070b200000| Untracked 
|  70|0x000000070b400000, 0x000000070b400000, 0x000000070b600000|  0%| F|  |TAMS 0x000000070b400000, 0x000000070b400000| Untracked 
|  71|0x000000070b600000, 0x000000070b600000, 0x000000070b800000|  0%| F|  |TAMS 0x000000070b600000, 0x000000070b600000| Untracked 
|  72|0x000000070b800000, 0x000000070b800000, 0x000000070ba00000|  0%| F|  |TAMS 0x000000070b800000, 0x000000070b800000| Untracked 
|  73|0x000000070ba00000, 0x000000070ba00000, 0x000000070bc00000|  0%| F|  |TAMS 0x000000070ba00000, 0x000000070ba00000| Untracked 
|  74|0x000000070bc00000, 0x000000070bc00000, 0x000000070be00000|  0%| F|  |TAMS 0x000000070bc00000, 0x000000070bc00000| Untracked 
|  75|0x000000070be00000, 0x000000070be00000, 0x000000070c000000|  0%| F|  |TAMS 0x000000070be00000, 0x000000070be00000| Untracked 
|  76|0x000000070c000000, 0x000000070c000000, 0x000000070c200000|  0%| F|  |TAMS 0x000000070c000000, 0x000000070c000000| Untracked 
|  77|0x000000070c200000, 0x000000070c200000, 0x000000070c400000|  0%| F|  |TAMS 0x000000070c200000, 0x000000070c200000| Untracked 
|  78|0x000000070c400000, 0x000000070c400000, 0x000000070c600000|  0%| F|  |TAMS 0x000000070c400000, 0x000000070c400000| Untracked 
|  79|0x000000070c600000, 0x000000070c600000, 0x000000070c800000|  0%| F|  |TAMS 0x000000070c600000, 0x000000070c600000| Untracked 
|  80|0x000000070c800000, 0x000000070c800000, 0x000000070ca00000|  0%| F|  |TAMS 0x000000070c800000, 0x000000070c800000| Untracked 
|  81|0x000000070ca00000, 0x000000070ca00000, 0x000000070cc00000|  0%| F|  |TAMS 0x000000070ca00000, 0x000000070ca00000| Untracked 
|  82|0x000000070cc00000, 0x000000070cc00000, 0x000000070ce00000|  0%| F|  |TAMS 0x000000070cc00000, 0x000000070cc00000| Untracked 
|  83|0x000000070ce00000, 0x000000070ce00000, 0x000000070d000000|  0%| F|  |TAMS 0x000000070ce00000, 0x000000070ce00000| Untracked 
|  84|0x000000070d000000, 0x000000070d000000, 0x000000070d200000|  0%| F|  |TAMS 0x000000070d000000, 0x000000070d000000| Untracked 
|  85|0x000000070d200000, 0x000000070d200000, 0x000000070d400000|  0%| F|  |TAMS 0x000000070d200000, 0x000000070d200000| Untracked 
|  86|0x000000070d400000, 0x000000070d400000, 0x000000070d600000|  0%| F|  |TAMS 0x000000070d400000, 0x000000070d400000| Untracked 
|  87|0x000000070d600000, 0x000000070d600000, 0x000000070d800000|  0%| F|  |TAMS 0x000000070d600000, 0x000000070d600000| Untracked 
|  88|0x000000070d800000, 0x000000070d800000, 0x000000070da00000|  0%| F|  |TAMS 0x000000070d800000, 0x000000070d800000| Untracked 
|  89|0x000000070da00000, 0x000000070da00000, 0x000000070dc00000|  0%| F|  |TAMS 0x000000070da00000, 0x000000070da00000| Untracked 
|  90|0x000000070dc00000, 0x000000070dc00000, 0x000000070de00000|  0%| F|  |TAMS 0x000000070dc00000, 0x000000070dc00000| Untracked 
|  91|0x000000070de00000, 0x000000070de00000, 0x000000070e000000|  0%| F|  |TAMS 0x000000070de00000, 0x000000070de00000| Untracked 
|  92|0x000000070e000000, 0x000000070e000000, 0x000000070e200000|  0%| F|  |TAMS 0x000000070e000000, 0x000000070e000000| Untracked 
|  93|0x000000070e200000, 0x000000070e200000, 0x000000070e400000|  0%| F|  |TAMS 0x000000070e200000, 0x000000070e200000| Untracked 
|  94|0x000000070e400000, 0x000000070e400000, 0x000000070e600000|  0%| F|  |TAMS 0x000000070e400000, 0x000000070e400000| Untracked 
|  95|0x000000070e600000, 0x000000070e600000, 0x000000070e800000|  0%| F|  |TAMS 0x000000070e600000, 0x000000070e600000| Untracked 
|  96|0x000000070e800000, 0x000000070e800000, 0x000000070ea00000|  0%| F|  |TAMS 0x000000070e800000, 0x000000070e800000| Untracked 
|  97|0x000000070ea00000, 0x000000070ea00000, 0x000000070ec00000|  0%| F|  |TAMS 0x000000070ea00000, 0x000000070ea00000| Untracked 
|  98|0x000000070ec00000, 0x000000070ec00000, 0x000000070ee00000|  0%| F|  |TAMS 0x000000070ec00000, 0x000000070ec00000| Untracked 
|  99|0x000000070ee00000, 0x000000070ee00000, 0x000000070f000000|  0%| F|  |TAMS 0x000000070ee00000, 0x000000070ee00000| Untracked 
| 100|0x000000070f000000, 0x000000070f000000, 0x000000070f200000|  0%| F|  |TAMS 0x000000070f000000, 0x000000070f000000| Untracked 
| 101|0x000000070f200000, 0x000000070f200000, 0x000000070f400000|  0%| F|  |TAMS 0x000000070f200000, 0x000000070f200000| Untracked 
| 102|0x000000070f400000, 0x000000070f400000, 0x000000070f600000|  0%| F|  |TAMS 0x000000070f400000, 0x000000070f400000| Untracked 
| 103|0x000000070f600000, 0x000000070f600000, 0x000000070f800000|  0%| F|  |TAMS 0x000000070f600000, 0x000000070f600000| Untracked 
| 104|0x000000070f800000, 0x000000070f800000, 0x000000070fa00000|  0%| F|  |TAMS 0x000000070f800000, 0x000000070f800000| Untracked 
| 105|0x000000070fa00000, 0x000000070fa00000, 0x000000070fc00000|  0%| F|  |TAMS 0x000000070fa00000, 0x000000070fa00000| Untracked 
| 106|0x000000070fc00000, 0x000000070fc00000, 0x000000070fe00000|  0%| F|  |TAMS 0x000000070fc00000, 0x000000070fc00000| Untracked 
| 107|0x000000070fe00000, 0x000000070fe00000, 0x0000000710000000|  0%| F|  |TAMS 0x000000070fe00000, 0x000000070fe00000| Untracked 
| 108|0x0000000710000000, 0x0000000710000000, 0x0000000710200000|  0%| F|  |TAMS 0x0000000710000000, 0x0000000710000000| Untracked 
| 109|0x0000000710200000, 0x0000000710200000, 0x0000000710400000|  0%| F|  |TAMS 0x0000000710200000, 0x0000000710200000| Untracked 
| 110|0x0000000710400000, 0x0000000710400000, 0x0000000710600000|  0%| F|  |TAMS 0x0000000710400000, 0x0000000710400000| Untracked 
| 111|0x0000000710600000, 0x0000000710600000, 0x0000000710800000|  0%| F|  |TAMS 0x0000000710600000, 0x0000000710600000| Untracked 
| 112|0x0000000710800000, 0x0000000710800000, 0x0000000710a00000|  0%| F|  |TAMS 0x0000000710800000, 0x0000000710800000| Untracked 
| 113|0x0000000710a00000, 0x0000000710a00000, 0x0000000710c00000|  0%| F|  |TAMS 0x0000000710a00000, 0x0000000710a00000| Untracked 
| 114|0x0000000710c00000, 0x0000000710c00000, 0x0000000710e00000|  0%| F|  |TAMS 0x0000000710c00000, 0x0000000710c00000| Untracked 
| 115|0x0000000710e00000, 0x0000000710e00000, 0x0000000711000000|  0%| F|  |TAMS 0x0000000710e00000, 0x0000000710e00000| Untracked 
| 116|0x0000000711000000, 0x0000000711000000, 0x0000000711200000|  0%| F|  |TAMS 0x0000000711000000, 0x0000000711000000| Untracked 
| 117|0x0000000711200000, 0x0000000711247af8, 0x0000000711400000| 14%| E|  |TAMS 0x0000000711200000, 0x0000000711200000| Complete 
| 118|0x0000000711400000, 0x000000071156cb58, 0x0000000711600000| 71%| S|CS|TAMS 0x0000000711400000, 0x0000000711400000| Complete 
| 119|0x0000000711600000, 0x0000000711800000, 0x0000000711800000|100%| E|CS|TAMS 0x0000000711600000, 0x0000000711600000| Complete 
| 120|0x0000000711800000, 0x0000000711a00000, 0x0000000711a00000|100%| E|CS|TAMS 0x0000000711800000, 0x0000000711800000| Complete 
| 121|0x0000000711a00000, 0x0000000711c00000, 0x0000000711c00000|100%| E|CS|TAMS 0x0000000711a00000, 0x0000000711a00000| Complete 
| 122|0x0000000711c00000, 0x0000000711e00000, 0x0000000711e00000|100%| E|CS|TAMS 0x0000000711c00000, 0x0000000711c00000| Complete 
| 123|0x0000000711e00000, 0x0000000712000000, 0x0000000712000000|100%| E|CS|TAMS 0x0000000711e00000, 0x0000000711e00000| Complete 
| 124|0x0000000712000000, 0x0000000712200000, 0x0000000712200000|100%| E|CS|TAMS 0x0000000712000000, 0x0000000712000000| Complete 
| 125|0x0000000712200000, 0x0000000712400000, 0x0000000712400000|100%| E|CS|TAMS 0x0000000712200000, 0x0000000712200000| Complete 
| 126|0x0000000712400000, 0x0000000712600000, 0x0000000712600000|100%| E|CS|TAMS 0x0000000712400000, 0x0000000712400000| Complete 

Card table byte_map: [0x000001677bcb0000,0x000001677c4a0000] _byte_map_base: 0x000001677849c000

Marking Bits (Prev, Next): (CMBitMap*) 0x0000016772d07f10, (CMBitMap*) 0x0000016772d07f50
 Prev Bits: [0x000001670f000000, 0x0000016712f60000)
 Next Bits: [0x0000016712f60000, 0x0000016716ec0000)

Polling page: 0x00000167713f0000

Metaspace:

Usage:
  Non-class:     12.73 MB used.
      Class:      1.90 MB used.
       Both:     14.63 MB used.

Virtual space:
  Non-class space:       64.00 MB reserved,      12.88 MB ( 20%) committed,  1 nodes.
      Class space:        1.00 GB reserved,       2.06 MB ( <1%) committed,  1 nodes.
             Both:        1.06 GB reserved,      14.94 MB (  1%) committed. 

Chunk freelists:
   Non-Class:  3.16 MB
       Class:  13.84 MB
        Both:  17.00 MB

MaxMetaspaceSize: unlimited
CompressedClassSpaceSize: 1.00 GB
Initial GC threshold: 21.00 MB
Current GC threshold: 21.00 MB
CDS: on
MetaspaceReclaimPolicy: balanced
 - commit_granule_bytes: 65536.
 - commit_granule_words: 8192.
 - virtual_space_node_default_size: 8388608.
 - enlarge_chunks_in_place: 1.
 - new_chunks_are_fully_committed: 0.
 - uncommit_free_chunks: 1.
 - use_allocation_guard: 0.
 - handle_deallocations: 1.


Internal statistics:

num_allocs_failed_limit: 0.
num_arena_births: 288.
num_arena_deaths: 0.
num_vsnodes_births: 2.
num_vsnodes_deaths: 0.
num_space_committed: 239.
num_space_uncommitted: 0.
num_chunks_returned_to_freelist: 0.
num_chunks_taken_from_freelist: 723.
num_chunk_merges: 0.
num_chunk_splits: 438.
num_chunks_enlarged: 285.
num_inconsistent_stats: 0.

CodeHeap 'non-profiled nmethods': size=120000Kb used=764Kb max_used=764Kb free=119235Kb
 bounds [0x0000016707ad0000, 0x0000016707d40000, 0x000001670f000000]
CodeHeap 'profiled nmethods': size=120000Kb used=3419Kb max_used=3419Kb free=116580Kb
 bounds [0x0000016700000000, 0x0000016700360000, 0x0000016707530000]
CodeHeap 'non-nmethods': size=5760Kb used=1203Kb max_used=1228Kb free=4556Kb
 bounds [0x0000016707530000, 0x00000167077a0000, 0x0000016707ad0000]
 total_blobs=2456 nmethods=1956 adapters=412
 compilation: enabled
              stopped_count=0, restarted_count=0
 full_count=0

Compilation events (20 events):
Event: 2.011 Thread 0x000001677f6697d0 nmethod 1848 0x000001670031c690 code [0x000001670031c840, 0x000001670031c9c8]
Event: 2.011 Thread 0x000001677f6697d0 1849       3       jdk.internal.misc.VM::isModuleSystemInited (13 bytes)
Event: 2.012 Thread 0x000001677f6697d0 nmethod 1849 0x000001670031ca90 code [0x000001670031cc20, 0x000001670031cdd8]
Event: 2.017 Thread 0x000001677f6697d0 1850       3       java.time.temporal.ChronoField::checkValidValue (10 bytes)
Event: 2.018 Thread 0x000001677f6697d0 nmethod 1850 0x000001670031ce90 code [0x000001670031d040, 0x000001670031d1a8]
Event: 2.018 Thread 0x000001677f6697d0 1851       3       java.time.temporal.ValueRange::checkValidValue (24 bytes)
Event: 2.018 Thread 0x000001677f6697d0 nmethod 1851 0x000001670031d290 code [0x000001670031d460, 0x000001670031d7d8]
Event: 2.020 Thread 0x000001677f6697d0 1852  s    3       java.util.Hashtable::get (69 bytes)
Event: 2.022 Thread 0x000001677f6697d0 nmethod 1852 0x000001670031d910 code [0x000001670031dae0, 0x000001670031e018]
Event: 2.022 Thread 0x000001677f6697d0 1853       3       java.lang.invoke.BoundMethodHandle::bindArgumentL (11 bytes)
Event: 2.022 Thread 0x000001677f65c9a0 1855       4       java.lang.ref.SoftReference::get (29 bytes)
Event: 2.023 Thread 0x000001677f6697d0 nmethod 1853 0x000001670031e210 code [0x000001670031e400, 0x000001670031e8f8]
Event: 2.024 Thread 0x000001677f6697d0 1854       3       java.lang.invoke.LambdaFormEditor::bindArgumentL (59 bytes)
Event: 2.024 Thread 0x000001677f6697d0 nmethod 1854 0x000001670031eb10 code [0x000001670031ece0, 0x000001670031ef88]
Event: 2.027 Thread 0x000001677f65c9a0 nmethod 1855 0x0000016707b86790 code [0x0000016707b86900, 0x0000016707b869f8]
Event: 2.027 Thread 0x0000016758247e30 1856 % !   4       java.util.concurrent.ConcurrentHashMap::transfer @ 96 (849 bytes)
Event: 2.030 Thread 0x000001677f6697d0 1857       3       java.lang.reflect.Constructor::setAccessible (21 bytes)
Event: 2.031 Thread 0x000001677f6697d0 nmethod 1857 0x000001670031f090 code [0x000001670031f2a0, 0x000001670031f998]
Event: 2.031 Thread 0x000001677f6697d0 1858       3       java.lang.reflect.Constructor::checkCanSetAccessible (29 bytes)
Event: 2.031 Thread 0x000001677f6697d0 nmethod 1858 0x000001670031fc10 code [0x000001670031fde0, 0x0000016700320098]

GC Heap History (4 events):
Event: 0.985 GC heap before
{Heap before GC invocations=0 (full 0):
 garbage-first heap   total 260096K, used 22528K [0x0000000702800000, 0x0000000800000000)
  region size 2048K, 11 young (22528K), 0 survivors (0K)
 Metaspace       used 6911K, committed 7040K, reserved 1114112K
  class space    used 780K, committed 832K, reserved 1048576K
}
Event: 0.992 GC heap after
{Heap after GC invocations=1 (full 0):
 garbage-first heap   total 260096K, used 9466K [0x0000000702800000, 0x0000000800000000)
  region size 2048K, 2 young (4096K), 2 survivors (4096K)
 Metaspace       used 6911K, committed 7040K, reserved 1114112K
  class space    used 780K, committed 832K, reserved 1048576K
}
Event: 1.640 GC heap before
{Heap before GC invocations=1 (full 0):
 garbage-first heap   total 260096K, used 25850K [0x0000000702800000, 0x0000000800000000)
  region size 2048K, 10 young (20480K), 2 survivors (4096K)
 Metaspace       used 11472K, committed 11776K, reserved 1114112K
  class space    used 1396K, committed 1536K, reserved 1048576K
}
Event: 1.645 GC heap after
{Heap after GC invocations=2 (full 0):
 garbage-first heap   total 260096K, used 10964K [0x0000000702800000, 0x0000000800000000)
  region size 2048K, 1 young (2048K), 1 survivors (2048K)
 Metaspace       used 11472K, committed 11776K, reserved 1114112K
  class space    used 1396K, committed 1536K, reserved 1048576K
}

Dll operation events (13 events):
Event: 0.012 Loaded shared library C:\Users\Arthur\.jdks\corretto-17.0.14\bin\java.dll
Event: 0.032 Loaded shared library C:\Users\Arthur\.jdks\corretto-17.0.14\bin\jsvml.dll
Event: 0.187 Loaded shared library C:\Users\Arthur\.jdks\corretto-17.0.14\bin\zip.dll
Event: 0.190 Loaded shared library C:\Users\Arthur\.jdks\corretto-17.0.14\bin\instrument.dll
Event: 0.197 Loaded shared library C:\Users\Arthur\.jdks\corretto-17.0.14\bin\net.dll
Event: 0.199 Loaded shared library C:\Users\Arthur\.jdks\corretto-17.0.14\bin\nio.dll
Event: 0.201 Loaded shared library C:\Users\Arthur\.jdks\corretto-17.0.14\bin\zip.dll
Event: 0.263 Loaded shared library C:\Users\Arthur\.jdks\corretto-17.0.14\bin\jimage.dll
Event: 0.333 Loaded shared library C:\Program Files\JetBrains\IntelliJ IDEA 2024.3.2.2\bin\breakgen64.dll
Event: 0.364 Loaded shared library C:\Users\Arthur\.jdks\corretto-17.0.14\bin\extnet.dll
Event: 0.377 Loaded shared library C:\Users\Arthur\.jdks\corretto-17.0.14\bin\management.dll
Event: 0.396 Loaded shared library C:\Users\Arthur\.jdks\corretto-17.0.14\bin\verify.dll
Event: 0.404 Loaded shared library C:\Users\Arthur\.jdks\corretto-17.0.14\bin\management_ext.dll

Deoptimization events (20 events):
Event: 1.306 Thread 0x0000016772c9a9b0 Uncommon trap: trap_request=0xffffffde fr.pc=0x0000016707b5e248 relative=0x0000000000000128
Event: 1.306 Thread 0x0000016772c9a9b0 Uncommon trap: reason=class_check action=maybe_recompile pc=0x0000016707b5e248 method=jdk.internal.misc.Unsafe.allocateUninitializedArray(Ljava/lang/Class;I)Ljava/lang/Object; @ 51 c2
Event: 1.306 Thread 0x0000016772c9a9b0 DEOPT PACKING pc=0x0000016707b5e248 sp=0x0000004acc6fe0c0
Event: 1.306 Thread 0x0000016772c9a9b0 DEOPT UNPACKING pc=0x00000167075869a3 sp=0x0000004acc6fe048 mode 2
Event: 1.306 Thread 0x0000016772c9a9b0 Uncommon trap: trap_request=0xffffffde fr.pc=0x0000016707b5e248 relative=0x0000000000000128
Event: 1.306 Thread 0x0000016772c9a9b0 Uncommon trap: reason=class_check action=maybe_recompile pc=0x0000016707b5e248 method=jdk.internal.misc.Unsafe.allocateUninitializedArray(Ljava/lang/Class;I)Ljava/lang/Object; @ 51 c2
Event: 1.306 Thread 0x0000016772c9a9b0 DEOPT PACKING pc=0x0000016707b5e248 sp=0x0000004acc6fe6f0
Event: 1.306 Thread 0x0000016772c9a9b0 DEOPT UNPACKING pc=0x00000167075869a3 sp=0x0000004acc6fe678 mode 2
Event: 1.306 Thread 0x0000016772c9a9b0 Uncommon trap: trap_request=0xffffffde fr.pc=0x0000016707b5e248 relative=0x0000000000000128
Event: 1.306 Thread 0x0000016772c9a9b0 Uncommon trap: reason=class_check action=maybe_recompile pc=0x0000016707b5e248 method=jdk.internal.misc.Unsafe.allocateUninitializedArray(Ljava/lang/Class;I)Ljava/lang/Object; @ 51 c2
Event: 1.306 Thread 0x0000016772c9a9b0 DEOPT PACKING pc=0x0000016707b5e248 sp=0x0000004acc6fe670
Event: 1.306 Thread 0x0000016772c9a9b0 DEOPT UNPACKING pc=0x00000167075869a3 sp=0x0000004acc6fe5f8 mode 2
Event: 2.027 Thread 0x000001675d77bc10 Uncommon trap: trap_request=0xffffff45 fr.pc=0x0000016707b50fc8 relative=0x0000000000001028
Event: 2.027 Thread 0x000001675d77bc10 Uncommon trap: reason=unstable_if action=reinterpret pc=0x0000016707b50fc8 method=java.util.concurrent.ConcurrentHashMap.addCount(JI)V @ 171 c2
Event: 2.027 Thread 0x000001675d77bc10 DEOPT PACKING pc=0x0000016707b50fc8 sp=0x0000004aceafdb00
Event: 2.027 Thread 0x000001675d77bc10 DEOPT UNPACKING pc=0x00000167075869a3 sp=0x0000004aceafd9c0 mode 2
Event: 2.028 Thread 0x0000016772c9a9b0 Uncommon trap: trap_request=0xffffff45 fr.pc=0x0000016707b50fc8 relative=0x0000000000001028
Event: 2.028 Thread 0x0000016772c9a9b0 Uncommon trap: reason=unstable_if action=reinterpret pc=0x0000016707b50fc8 method=java.util.concurrent.ConcurrentHashMap.addCount(JI)V @ 171 c2
Event: 2.028 Thread 0x0000016772c9a9b0 DEOPT PACKING pc=0x0000016707b50fc8 sp=0x0000004acc6f93e0
Event: 2.028 Thread 0x0000016772c9a9b0 DEOPT UNPACKING pc=0x00000167075869a3 sp=0x0000004acc6f92a0 mode 2

Classes loaded (20 events):
Event: 1.954 Loading class java/lang/reflect/AnnotatedType
Event: 1.954 Loading class java/lang/reflect/AnnotatedType done
Event: 1.978 Loading class java/util/concurrent/locks/ReentrantReadWriteLock$NonfairSync
Event: 1.978 Loading class java/util/concurrent/locks/ReentrantReadWriteLock$NonfairSync done
Event: 2.011 Loading class java/lang/StackTraceElement$HashedModules
Event: 2.011 Loading class java/lang/StackTraceElement$HashedModules done
Event: 2.017 Loading class java/time/ZonedDateTime$1
Event: 2.017 Loading class java/time/ZonedDateTime$1 done
Event: 2.029 Loading class java/util/OptionalDouble
Event: 2.029 Loading class java/util/OptionalDouble done
Event: 2.030 Loading class java/util/OptionalLong
Event: 2.030 Loading class java/util/OptionalLong done
Event: 2.030 Loading class org/xml/sax/ErrorHandler
Event: 2.030 Loading class org/xml/sax/ErrorHandler done
Event: 2.031 Loading class org/xml/sax/EntityResolver
Event: 2.031 Loading class org/xml/sax/EntityResolver done
Event: 2.031 Loading class org/xml/sax/SAXParseException
Event: 2.031 Loading class org/xml/sax/SAXParseException done
Event: 2.031 Loading class javax/xml/parsers/ParserConfigurationException
Event: 2.031 Loading class javax/xml/parsers/ParserConfigurationException done

Classes unloaded (0 events):
No events

Classes redefined (0 events):
No events

Internal exceptions (20 events):
Event: 1.430 Thread 0x0000016772c9a9b0 Exception <a 'java/lang/NoSuchMethodError'{0x0000000711a87fe8}: 'java.lang.Object java.lang.invoke.Invokers$Holder.invokeExact_MT(java.lang.Object, java.lang.Object, java.lang.Object, java.lang.Object, java.lang.Object, java.lang.Object)'> (0x0000000711a87fe8) 
thrown [s\src\hotspot\share\interpreter\linkResolver.cpp, line 759]
Event: 1.441 Thread 0x0000016772c9a9b0 Exception <a 'java/lang/NoSuchMethodError'{0x0000000711ae9be8}: 'java.lang.Object java.lang.invoke.DirectMethodHandle$Holder.invokeSpecial(java.lang.Object, java.lang.Object, java.lang.Object, java.lang.Object, java.lang.Object, java.lang.Object, int)'> (0x0000000711ae9be8) 
thrown [s\src\hotspot\share\interpreter\linkResolver.cpp, line 759]
Event: 1.442 Thread 0x0000016772c9a9b0 Exception <a 'java/lang/NoSuchMethodError'{0x0000000711af4150}: 'java.lang.Object java.lang.invoke.DirectMethodHandle$Holder.newInvokeSpecial(java.lang.Object, java.lang.Object, java.lang.Object, java.lang.Object, java.lang.Object, java.lang.Object, int)'> (0x0000000711af4150) 
thrown [s\src\hotspot\share\interpreter\linkResolver.cpp, line 759]
Event: 1.442 Thread 0x0000016772c9a9b0 Exception <a 'java/lang/NoSuchMethodError'{0x0000000711af9190}: 'java.lang.Object java.lang.invoke.DirectMethodHandle$Holder.invokeSpecial(java.lang.Object, java.lang.Object, java.lang.Object, java.lang.Object, java.lang.Object, java.lang.Object, java.lang.Object, int)'> (0x0000000711af9190) 
thrown [s\src\hotspot\share\interpreter\linkResolver.cpp, line 759]
Event: 1.491 Thread 0x0000016772c9a9b0 Exception <a 'java/lang/NoSuchMethodError'{0x00000007118483d0}: 'void java.lang.invoke.DirectMethodHandle$Holder.invokeSpecial(java.lang.Object, java.lang.Object, java.lang.Object, java.lang.Object, java.lang.Object)'> (0x00000007118483d0) 
thrown [s\src\hotspot\share\interpreter\linkResolver.cpp, line 759]
Event: 1.501 Thread 0x0000016772c9a9b0 Exception <a 'java/lang/NoSuchMethodError'{0x0000000711889be8}: 'int java.lang.invoke.DirectMethodHandle$Holder.invokeVirtual(java.lang.Object, java.lang.Object)'> (0x0000000711889be8) 
thrown [s\src\hotspot\share\interpreter\linkResolver.cpp, line 759]
Event: 1.524 Thread 0x0000016772c9a9b0 Exception <a 'java/lang/NoSuchMethodError'{0x0000000711937188}: 'java.lang.Object java.lang.invoke.DirectMethodHandle$Holder.invokeSpecial(java.lang.Object, java.lang.Object, java.lang.Object, int, java.lang.Object)'> (0x0000000711937188) 
thrown [s\src\hotspot\share\interpreter\linkResolver.cpp, line 759]
Event: 1.524 Thread 0x0000016772c9a9b0 Exception <a 'java/lang/NoSuchMethodError'{0x000000071193f6f0}: 'java.lang.Object java.lang.invoke.DirectMethodHandle$Holder.newInvokeSpecial(java.lang.Object, java.lang.Object, java.lang.Object, int, java.lang.Object)'> (0x000000071193f6f0) 
thrown [s\src\hotspot\share\interpreter\linkResolver.cpp, line 759]
Event: 1.525 Thread 0x0000016772c9a9b0 Exception <a 'java/lang/NoSuchMethodError'{0x00000007119470c0}: 'java.lang.Object java.lang.invoke.Invokers$Holder.linkToTargetMethod(java.lang.Object, java.lang.Object, int, java.lang.Object, java.lang.Object)'> (0x00000007119470c0) 
thrown [s\src\hotspot\share\interpreter\linkResolver.cpp, line 759]
Event: 1.526 Thread 0x0000016772c9a9b0 Exception <a 'java/lang/NoSuchMethodError'{0x0000000711955c40}: 'java.lang.Object java.lang.invoke.DirectMethodHandle$Holder.newInvokeSpecial(java.lang.Object, int, java.lang.Object)'> (0x0000000711955c40) 
thrown [s\src\hotspot\share\interpreter\linkResolver.cpp, line 759]
Event: 1.527 Thread 0x0000016772c9a9b0 Exception <a 'java/lang/NoSuchMethodError'{0x0000000711959eb0}: 'int java.lang.invoke.DirectMethodHandle$Holder.invokeSpecialIFC(java.lang.Object, java.lang.Object, java.lang.Object, java.lang.Object)'> (0x0000000711959eb0) 
thrown [s\src\hotspot\share\interpreter\linkResolver.cpp, line 759]
Event: 1.560 Thread 0x0000016772c9a9b0 Exception <a 'java/lang/NoSuchMethodError'{0x0000000711633600}: 'void java.lang.invoke.DirectMethodHandle$Holder.invokeInterface(java.lang.Object, java.lang.Object, java.lang.Object)'> (0x0000000711633600) 
thrown [s\src\hotspot\share\interpreter\linkResolver.cpp, line 759]
Event: 1.584 Thread 0x0000016772c9a9b0 Exception <a 'java/lang/NoSuchMethodError'{0x00000007116c5258}: 'void java.lang.invoke.DirectMethodHandle$Holder.invokeStaticInit(java.lang.Object, java.lang.Object, java.lang.Object)'> (0x00000007116c5258) 
thrown [s\src\hotspot\share\interpreter\linkResolver.cpp, line 759]
Event: 1.593 Thread 0x0000016772c9a9b0 Exception <a 'java/lang/NoSuchMethodError'{0x000000071170efa0}: 'java.lang.Object java.lang.invoke.DirectMethodHandle$Holder.invokeVirtual(java.lang.Object, java.lang.Object, java.lang.Object)'> (0x000000071170efa0) 
thrown [s\src\hotspot\share\interpreter\linkResolver.cpp, line 759]
Event: 1.597 Thread 0x0000016772c9a9b0 Exception <a 'java/lang/NoSuchMethodError'{0x000000071172a960}: 'java.lang.Object java.lang.invoke.DirectMethodHandle$Holder.invokeStatic(java.lang.Object, java.lang.Object, long, java.lang.Object)'> (0x000000071172a960) 
thrown [s\src\hotspot\share\interpreter\linkResolver.cpp, line 759]
Event: 1.597 Thread 0x0000016772c9a9b0 Exception <a 'java/lang/NoSuchMethodError'{0x000000071172e3f8}: 'java.lang.Object java.lang.invoke.DirectMethodHandle$Holder.invokeStaticInit(java.lang.Object, java.lang.Object, long, java.lang.Object)'> (0x000000071172e3f8) 
thrown [s\src\hotspot\share\interpreter\linkResolver.cpp, line 759]
Event: 1.598 Thread 0x0000016772c9a9b0 Exception <a 'java/lang/NoSuchMethodError'{0x0000000711734a08}: 'java.lang.Object java.lang.invoke.DirectMethodHandle$Holder.newInvokeSpecial(java.lang.Object, java.lang.Object, long)'> (0x0000000711734a08) 
thrown [s\src\hotspot\share\interpreter\linkResolver.cpp, line 759]
Event: 1.622 Thread 0x0000016772c9a9b0 Exception <a 'java/lang/NoSuchMethodError'{0x0000000711790110}: 'void java.lang.invoke.DirectMethodHandle$Holder.invokeVirtual(java.lang.Object, java.lang.Object, java.lang.Object, java.lang.Object)'> (0x0000000711790110) 
thrown [s\src\hotspot\share\interpreter\linkResolver.cpp, line 759]
Event: 1.676 Thread 0x0000016772c9a9b0 Exception <a 'java/lang/NoSuchMethodError'{0x0000000712557878}: 'void java.lang.invoke.DirectMethodHandle$Holder.invokeSpecial(java.lang.Object, java.lang.Object, java.lang.Object)'> (0x0000000712557878) 
thrown [s\src\hotspot\share\interpreter\linkResolver.cpp, line 759]
Event: 1.689 Thread 0x0000016772c9a9b0 Exception <a 'java/lang/IncompatibleClassChangeError'{0x0000000712588550}: Found class java.lang.Object, but interface was expected> (0x0000000712588550) 
thrown [s\src\hotspot\share\interpreter\linkResolver.cpp, line 826]

VM Operations (20 events):
Event: 0.424 Executing VM operation: HandshakeAllThreads
Event: 0.425 Executing VM operation: HandshakeAllThreads done
Event: 0.752 Executing VM operation: HandshakeAllThreads
Event: 0.752 Executing VM operation: HandshakeAllThreads done
Event: 0.985 Executing VM operation: G1CollectForAllocation
Event: 0.992 Executing VM operation: G1CollectForAllocation done
Event: 1.096 Executing VM operation: HandshakeAllThreads
Event: 1.097 Executing VM operation: HandshakeAllThreads done
Event: 1.239 Executing VM operation: HandshakeAllThreads
Event: 1.239 Executing VM operation: HandshakeAllThreads done
Event: 1.499 Executing VM operation: HandshakeAllThreads
Event: 1.500 Executing VM operation: HandshakeAllThreads done
Event: 1.577 Executing VM operation: ICBufferFull
Event: 1.577 Executing VM operation: ICBufferFull done
Event: 1.640 Executing VM operation: G1CollectForAllocation
Event: 1.645 Executing VM operation: G1CollectForAllocation done
Event: 1.672 Executing VM operation: HandshakeAllThreads
Event: 1.672 Executing VM operation: HandshakeAllThreads done
Event: 1.672 Executing VM operation: HandshakeAllThreads
Event: 1.672 Executing VM operation: HandshakeAllThreads done

Memory protections (0 events):
No events

Nmethod flushes (0 events):
No events

Events (20 events):
Event: 0.033 Thread 0x0000016772c9a9b0 Thread added: 0x0000016772c9a9b0
Event: 0.036 Thread 0x0000016772c9a9b0 Thread added: 0x000001677f646e80
Event: 0.036 Thread 0x0000016772c9a9b0 Thread added: 0x000001677f647950
Event: 0.044 Thread 0x0000016772c9a9b0 Thread added: 0x000001677f655f00
Event: 0.044 Thread 0x0000016772c9a9b0 Thread added: 0x000001677f6587e0
Event: 0.045 Thread 0x0000016772c9a9b0 Thread added: 0x000001677f65b0c0
Event: 0.045 Thread 0x0000016772c9a9b0 Thread added: 0x000001677f65b990
Event: 0.045 Thread 0x0000016772c9a9b0 Thread added: 0x000001677f65c9a0
Event: 0.045 Thread 0x0000016772c9a9b0 Thread added: 0x000001677f6697d0
Event: 0.045 Thread 0x0000016772c9a9b0 Thread added: 0x000001677f692110
Event: 0.169 Thread 0x0000016772c9a9b0 Thread added: 0x000001675816f4f0
Event: 0.212 Thread 0x000001677f65c9a0 Thread added: 0x0000016758247e30
Event: 0.232 Thread 0x0000016758247e30 Thread added: 0x00000167582c5b80
Event: 0.334 Thread 0x0000016772c9a9b0 Thread added: 0x0000016758464120
Event: 0.334 Thread 0x0000016772c9a9b0 Thread added: 0x000001675868ea30
Event: 0.993 Thread 0x000001677f6587e0 Thread added: 0x000001675d811cf0
Event: 1.037 Thread 0x000001675d811cf0 Thread added: 0x0000016758bc5020
Event: 1.078 Thread 0x0000016758bc5020 Thread added: 0x000001675db70d80
Event: 1.093 Thread 0x0000016758bc5020 Thread added: 0x000001675dcfb400
Event: 1.679 Thread 0x0000016772c9a9b0 Thread added: 0x000001675d77bc10


Dynamic libraries:
0x00007ff686990000 - 0x00007ff68699e000 	C:\Users\Arthur\.jdks\corretto-17.0.14\bin\java.exe
0x00007ff82b980000 - 0x00007ff82bbe6000 	C:\WINDOWS\SYSTEM32\ntdll.dll
0x00007ff829be0000 - 0x00007ff829ca9000 	C:\WINDOWS\System32\KERNEL32.DLL
0x00007ff829370000 - 0x00007ff82973c000 	C:\WINDOWS\System32\KERNELBASE.dll
0x00007ff829090000 - 0x00007ff8291db000 	C:\WINDOWS\System32\ucrtbase.dll
0x00007ff80d980000 - 0x00007ff80d997000 	C:\Users\Arthur\.jdks\corretto-17.0.14\bin\jli.dll
0x00007ff80b280000 - 0x00007ff80b29b000 	C:\Users\Arthur\.jdks\corretto-17.0.14\bin\VCRUNTIME140.dll
0x00007ff829cb0000 - 0x00007ff829e7a000 	C:\WINDOWS\System32\USER32.dll
0x00007ff8291e0000 - 0x00007ff829207000 	C:\WINDOWS\System32\win32u.dll
0x00007ff814ed0000 - 0x00007ff81516a000 	C:\WINDOWS\WinSxS\amd64_microsoft.windows.common-controls_6595b64144ccf1df_6.0.26100.3912_none_3e07963ce335137e\COMCTL32.dll
0x00007ff82ac40000 - 0x00007ff82ac6b000 	C:\WINDOWS\System32\GDI32.dll
0x00007ff8298d0000 - 0x00007ff829979000 	C:\WINDOWS\System32\msvcrt.dll
0x00007ff828d40000 - 0x00007ff828e72000 	C:\WINDOWS\System32\gdi32full.dll
0x00007ff828b10000 - 0x00007ff828bb3000 	C:\WINDOWS\System32\msvcp_win.dll
0x00007ff82a150000 - 0x00007ff82a180000 	C:\WINDOWS\System32\IMM32.DLL
0x00007ff821d50000 - 0x00007ff821d5c000 	C:\Users\Arthur\.jdks\corretto-17.0.14\bin\vcruntime140_1.dll
0x00007ff804640000 - 0x00007ff8046cd000 	C:\Users\Arthur\.jdks\corretto-17.0.14\bin\msvcp140.dll
0x00007fff9d360000 - 0x00007fff9dfcc000 	C:\Users\Arthur\.jdks\corretto-17.0.14\bin\server\jvm.dll
0x00007ff829e90000 - 0x00007ff829f42000 	C:\WINDOWS\System32\ADVAPI32.dll
0x00007ff82b500000 - 0x00007ff82b5a6000 	C:\WINDOWS\System32\sechost.dll
0x00007ff82add0000 - 0x00007ff82aee6000 	C:\WINDOWS\System32\RPCRT4.dll
0x00007ff829740000 - 0x00007ff8297b4000 	C:\WINDOWS\System32\WS2_32.dll
0x00007ff8284e0000 - 0x00007ff82853e000 	C:\WINDOWS\SYSTEM32\POWRPROF.dll
0x00007ff816e00000 - 0x00007ff816e36000 	C:\WINDOWS\SYSTEM32\WINMM.dll
0x00007ff8203a0000 - 0x00007ff8203ab000 	C:\WINDOWS\SYSTEM32\VERSION.dll
0x00007ff8284c0000 - 0x00007ff8284d4000 	C:\WINDOWS\SYSTEM32\UMPDC.dll
0x00007ff827890000 - 0x00007ff8278aa000 	C:\WINDOWS\SYSTEM32\kernel.appcore.dll
0x00007ff812d60000 - 0x00007ff812d6a000 	C:\Users\Arthur\.jdks\corretto-17.0.14\bin\jimage.dll
0x00007ff8162b0000 - 0x00007ff8164f1000 	C:\WINDOWS\SYSTEM32\DBGHELP.DLL
0x00007ff82b5b0000 - 0x00007ff82b934000 	C:\WINDOWS\System32\combase.dll
0x00007ff82aef0000 - 0x00007ff82afd0000 	C:\WINDOWS\System32\OLEAUT32.dll
0x00007ff812080000 - 0x00007ff8120b9000 	C:\WINDOWS\SYSTEM32\dbgcore.DLL
0x00007ff8292d0000 - 0x00007ff829369000 	C:\WINDOWS\System32\bcryptPrimitives.dll
0x00007ff80b270000 - 0x00007ff80b27e000 	C:\Users\Arthur\.jdks\corretto-17.0.14\bin\instrument.dll
0x00007ff80b010000 - 0x00007ff80b035000 	C:\Users\Arthur\.jdks\corretto-17.0.14\bin\java.dll
0x00007ff8038c0000 - 0x00007ff803997000 	C:\Users\Arthur\.jdks\corretto-17.0.14\bin\jsvml.dll
0x00007ff82a190000 - 0x00007ff82a8bd000 	C:\WINDOWS\System32\SHELL32.dll
0x00007ff828f10000 - 0x00007ff829084000 	C:\WINDOWS\System32\wintypes.dll
0x00007ff826760000 - 0x00007ff826fb6000 	C:\WINDOWS\SYSTEM32\windows.storage.dll
0x00007ff82a9c0000 - 0x00007ff82aaaf000 	C:\WINDOWS\System32\SHCORE.dll
0x00007ff829b70000 - 0x00007ff829bd9000 	C:\WINDOWS\System32\shlwapi.dll
0x00007ff828a20000 - 0x00007ff828a4f000 	C:\WINDOWS\SYSTEM32\profapi.dll
0x00007ff803880000 - 0x00007ff803898000 	C:\Users\Arthur\.jdks\corretto-17.0.14\bin\zip.dll
0x00007ff804620000 - 0x00007ff804639000 	C:\Users\Arthur\.jdks\corretto-17.0.14\bin\net.dll
0x00007ff81d700000 - 0x00007ff81d81e000 	C:\WINDOWS\SYSTEM32\WINHTTP.dll
0x00007ff827de0000 - 0x00007ff827e4a000 	C:\WINDOWS\system32\mswsock.dll
0x00007ff8038a0000 - 0x00007ff8038b6000 	C:\Users\Arthur\.jdks\corretto-17.0.14\bin\nio.dll
0x00007ff803860000 - 0x00007ff80387a000 	C:\Program Files\JetBrains\IntelliJ IDEA 2024.3.2.2\bin\breakgen64.dll
0x00007ff827340000 - 0x00007ff827467000 	C:\WINDOWS\SYSTEM32\DNSAPI.dll
0x00007ff8272b0000 - 0x00007ff8272e3000 	C:\WINDOWS\SYSTEM32\IPHLPAPI.DLL
0x00007ff829b60000 - 0x00007ff829b6a000 	C:\WINDOWS\System32\NSI.dll
0x00007ff803840000 - 0x00007ff803849000 	C:\Users\Arthur\.jdks\corretto-17.0.14\bin\extnet.dll
0x00007ff81af90000 - 0x00007ff81af9b000 	C:\Windows\System32\rasadhlp.dll
0x00007ff81c6c0000 - 0x00007ff81c746000 	C:\WINDOWS\System32\fwpuclnt.dll
0x00007ff803830000 - 0x00007ff803839000 	C:\Users\Arthur\.jdks\corretto-17.0.14\bin\management.dll
0x00007ff803820000 - 0x00007ff803830000 	C:\Users\Arthur\.jdks\corretto-17.0.14\bin\verify.dll
0x00007ff803810000 - 0x00007ff80381b000 	C:\Users\Arthur\.jdks\corretto-17.0.14\bin\management_ext.dll
0x00007ff82aac0000 - 0x00007ff82aac8000 	C:\WINDOWS\System32\PSAPI.DLL
0x00007ff8281a0000 - 0x00007ff8281bc000 	C:\WINDOWS\SYSTEM32\CRYPTSP.dll
0x00007ff8277f0000 - 0x00007ff82782a000 	C:\WINDOWS\system32\rsaenh.dll
0x00007ff827e80000 - 0x00007ff827eab000 	C:\WINDOWS\SYSTEM32\USERENV.dll
0x00007ff8289f0000 - 0x00007ff828a16000 	C:\WINDOWS\SYSTEM32\bcrypt.dll
0x00007ff828010000 - 0x00007ff82801c000 	C:\WINDOWS\SYSTEM32\CRYPTBASE.dll
0x00007ff81ff10000 - 0x00007ff81ff2f000 	C:\WINDOWS\SYSTEM32\dhcpcsvc6.DLL
0x00007ff81fce0000 - 0x00007ff81fd05000 	C:\WINDOWS\SYSTEM32\dhcpcsvc.DLL
0x00007ff80cde0000 - 0x00007ff80cdf8000 	C:\WINDOWS\system32\napinsp.dll
0x00007ff80cdc0000 - 0x00007ff80cdd2000 	C:\WINDOWS\System32\winrnr.dll
0x00007ff80cd80000 - 0x00007ff80cdb0000 	C:\WINDOWS\system32\nlansp_c.dll
0x00007ff81fea0000 - 0x00007ff81fec0000 	C:\WINDOWS\system32\wshbth.dll
0x00007ff811320000 - 0x00007ff81136e000 	C:\WINDOWS\SYSTEM32\pdh.dll
0x00007ff821d20000 - 0x00007ff821d32000 	C:\WINDOWS\System32\perfproc.dll
0x00007ff821bf0000 - 0x00007ff821c01000 	C:\WINDOWS\System32\perfos.dll
0x00007ff823bc0000 - 0x00007ff823bd2000 	C:\WINDOWS\SYSTEM32\pfclient.dll

dbghelp: loaded successfully - version: 4.0.5 - missing functions: none
symbol engine: initialized successfully - sym options: 0x614 - pdb path: .;C:\Users\Arthur\.jdks\corretto-17.0.14\bin;C:\WINDOWS\SYSTEM32;C:\WINDOWS\WinSxS\amd64_microsoft.windows.common-controls_6595b64144ccf1df_6.0.26100.3912_none_3e07963ce335137e;C:\Users\Arthur\.jdks\corretto-17.0.14\bin\server;C:\Program Files\JetBrains\IntelliJ IDEA 2024.3.2.2\bin

VM Arguments:
jvm_args: -javaagent:C:\Program Files\JetBrains\IntelliJ IDEA 2024.3.2.2\lib\idea_rt.jar=50463:C:\Program Files\JetBrains\IntelliJ IDEA 2024.3.2.2\bin -Dfile.encoding=UTF-8 
java_command: com.luna.luna_project.LunaProjectApplication
java_class_path (initial): C:\Projects\LUNA\Nova pasta\Back-end\luna-project\target\classes;C:\Users\Arthur\.m2\repository\org\springframework\boot\spring-boot-starter-data-jpa\3.3.3\spring-boot-starter-data-jpa-3.3.3.jar;C:\Users\Arthur\.m2\repository\org\springframework\boot\spring-boot-starter-aop\3.3.3\spring-boot-starter-aop-3.3.3.jar;C:\Users\Arthur\.m2\repository\org\aspectj\aspectjweaver\1.9.22.1\aspectjweaver-1.9.22.1.jar;C:\Users\Arthur\.m2\repository\org\springframework\boot\spring-boot-starter-jdbc\3.3.3\spring-boot-starter-jdbc-3.3.3.jar;C:\Users\Arthur\.m2\repository\com\zaxxer\HikariCP\5.1.0\HikariCP-5.1.0.jar;C:\Users\Arthur\.m2\repository\org\springframework\spring-jdbc\6.1.12\spring-jdbc-6.1.12.jar;C:\Users\Arthur\.m2\repository\org\hibernate\orm\hibernate-core\6.5.2.Final\hibernate-core-6.5.2.Final.jar;C:\Users\Arthur\.m2\repository\jakarta\persistence\jakarta.persistence-api\3.1.0\jakarta.persistence-api-3.1.0.jar;C:\Users\Arthur\.m2\repository\jakarta\transaction\jakarta.transaction-api\2.0.1\jakarta.transaction-api-2.0.1.jar;C:\Users\Arthur\.m2\repository\org\jboss\logging\jboss-logging\3.5.3.Final\jboss-logging-3.5.3.Final.jar;C:\Users\Arthur\.m2\repository\org\hibernate\common\hibernate-commons-annotations\6.0.6.Final\hibernate-commons-annotations-6.0.6.Final.jar;C:\Users\Arthur\.m2\repository\io\smallrye\jandex\3.1.2\jandex-3.1.2.jar;C:\Users\Arthur\.m2\repository\com\fasterxml\classmate\1.7.0\classmate-1.7.0.jar;C:\Users\Arthur\.m2\repository\net\bytebuddy\byte-buddy\1.14.19\byte-buddy-1.14.19.jar;C:\Users\Arthur\.m2\repository\org\glassfish\jaxb\jaxb-runtime\4.0.5\jaxb-runtime-4.0.5.jar;C:\Users\Arthur\.m2\repository\org\glassfish\jaxb\jaxb-core\4.0.5\jaxb-core-4.0.5.jar;C:\Users\Arthur\.m2\repository\org\eclipse\angus\angus-activation\2.0.2\angus-activation-2.0.2.jar;C:\Users\Arthur\.m2\repository\org\glassfish\jaxb\txw2\4.0.5\txw2-4.0.5.jar;C:\Users\Arthur\.m2\repository\com\sun\istack\istack-commons-runtime\4.1.2\istack-commons-runtim
Launcher Type: SUN_STANDARD

[Global flags]
     intx CICompilerCount                          = 4                                         {product} {ergonomic}
     uint ConcGCThreads                            = 3                                         {product} {ergonomic}
     uint G1ConcRefinementThreads                  = 10                                        {product} {ergonomic}
   size_t G1HeapRegionSize                         = 2097152                                   {product} {ergonomic}
    uintx GCDrainStackTargetSize                   = 64                                        {product} {ergonomic}
   size_t InitialHeapSize                          = 266338304                                 {product} {ergonomic}
   size_t MarkStackSize                            = 4194304                                   {product} {ergonomic}
   size_t MaxHeapSize                              = 4253024256                                {product} {ergonomic}
   size_t MaxNewSize                               = 2550136832                                {product} {ergonomic}
   size_t MinHeapDeltaBytes                        = 2097152                                   {product} {ergonomic}
   size_t MinHeapSize                              = 8388608                                   {product} {ergonomic}
    uintx NonNMethodCodeHeapSize                   = 5839372                                {pd product} {ergonomic}
    uintx NonProfiledCodeHeapSize                  = 122909434                              {pd product} {ergonomic}
    uintx ProfiledCodeHeapSize                     = 122909434                              {pd product} {ergonomic}
    uintx ReservedCodeCacheSize                    = 251658240                              {pd product} {ergonomic}
     bool SegmentedCodeCache                       = true                                      {product} {ergonomic}
   size_t SoftMaxHeapSize                          = 4253024256                             {manageable} {ergonomic}
     bool UseCompressedClassPointers               = true                           {product lp64_product} {ergonomic}
     bool UseCompressedOops                        = true                           {product lp64_product} {ergonomic}
     bool UseG1GC                                  = true                                      {product} {ergonomic}
     bool UseLargePagesIndividualAllocation        = false                                  {pd product} {ergonomic}

Logging:
Log output configuration:
 #0: stdout all=warning uptime,level,tags
 #1: stderr all=off uptime,level,tags

Environment Variables:
PATH=C:\Program Files\Eclipse Adoptium\jdk-21.0.5.11-hotspot\bin;C:\Program Files (x86)\Common Files\Oracle\Java\java8path;C:\Program Files (x86)\Common Files\Oracle\Java\javapath;c:\windows\system32;c:\windows;c:\windows\system32\wbem;c:\windows\system32\windowspowershell\v1.0\;c:\windows\system32\openssh\;c:\program files\nvidia corporation\nvidia app\nvdlisr;C:\Program Files\Docker\Docker\resources\bin;C:\Program Files\dotnet\;C:\WINDOWS\system32;C:\WINDOWS;C:\WINDOWS\System32\Wbem;C:\WINDOWS\System32\WindowsPowerShell\v1.0\;C:\WINDOWS\System32\OpenSSH\;C:\Program Files (x86)\NVIDIA Corporation\PhysX\Common;C:\Program Files\Git\cmd;C:\Program Files\nodejs\;C:\gradle-8.13\bin;C:\apache-maven-3.9.9\bin;C:\Program Files\Go\bin;C:\Program Files\MySQL\MySQL Shell 8.0\bin\;C:\Users\Arthur\AppData\Local\Microsoft\WindowsApps;C:\Users\Arthur\AppData\Local\Programs\Microsoft VS Code\bin;C:\Program Files\sf\bin;C:\Users\Arthur\AppData\Roaming\npm;C:\Users\Arthur\AppData\Local\spicetify;C:\gradle-8.13\bin;C:\apache-maven-3.9.9\bin;C:\Users\Arthur\go\bin
USERNAME=Arthur
OS=Windows_NT
PROCESSOR_IDENTIFIER=Intel64 Family 6 Model 158 Stepping 10, GenuineIntel
TMP=C:\Users\Arthur\AppData\Local\Temp
TEMP=C:\Users\Arthur\AppData\Local\Temp



Periodic native trim disabled


---------------  S Y S T E M  ---------------

OS:
 Windows 11 , 64 bit Build 26100 (10.0.26100.3912)
OS uptime: 2 days 2:22 hours
Hyper-V role detected

CPU: total 12 (initial active 12) (6 cores per cpu, 2 threads per core) family 6 model 158 stepping 10 microcode 0xde, cx8, cmov, fxsr, ht, mmx, 3dnowpref, sse, sse2, sse3, ssse3, sse4.1, sse4.2, popcnt, lzcnt, tsc, tscinvbit, avx, avx2, aes, erms, clmul, bmi1, bmi2, adx, fma, vzeroupper, clflush, clflushopt, hv
Processor Information for all 12 processors :
  Max Mhz: 2592, Current Mhz: 2592, Mhz Limit: 2592

Memory: 4k page, system-wide physical 16221M (4262M free)
TotalPageFile size 23901M (AvailPageFile size 8291M)
current process WorkingSet (physical memory assigned to process): 130M, peak: 130M
current process commit charge ("private bytes"): 399M, peak: 399M

vm_info: OpenJDK 64-Bit Server VM (17.0.14+7-LTS) for windows-amd64 JRE (17.0.14+7-LTS), built on Jan  7 2025 20:14:24 by "Administrator" with MS VC++ 16.10 / 16.11 (VS2019)

END.
