#
# A fatal error has been detected by the Java Runtime Environment:
#
#  EXCEPTION_ACCESS_VIOLATION (0xc0000005) at pc=0x00007ffaa8390200, pid=9620, tid=2388
#
# JRE version: OpenJDK Runtime Environment Corretto-17.0.14.7.1 (17.0.14+7) (build 17.0.14+7-LTS)
# Java VM: OpenJDK 64-Bit Server VM Corretto-17.0.14.7.1 (17.0.14+7-LTS, mixed mode, sharing, tiered, compressed oops, compressed class ptrs, g1 gc, windows-amd64)
# Problematic frame:
# V  [jvm.dll+0x2b0200]
#
# No core dump will be written. Minidumps are not enabled by default on client versions of Windows
#
# If you would like to submit a bug report, please visit:
#   https://github.com/corretto/corretto-17/issues/
#

---------------  S U M M A R Y ------------

Command Line: -javaagent:C:\Program Files\JetBrains\IntelliJ IDEA 2024.3.2.2\lib\idea_rt.jar=65372:C:\Program Files\JetBrains\IntelliJ IDEA 2024.3.2.2\bin -Dfile.encoding=UTF-8 com.luna.luna_project.LunaProjectApplication

Host: Intel(R) Core(TM) i7-9750H CPU @ 2.60GHz, 12 cores, 15G,  Windows 11 , 64 bit Build 26100 (10.0.26100.3912)
Time: Sun Jun  1 21:02:56 2025 Hora oficial do Brasil elapsed time: 2.078590 seconds (0d 0h 0m 2s)

---------------  T H R E A D  ---------------

Current thread (0x000002594724cd10):  JavaThread "C2 CompilerThread0" daemon [_thread_in_native, id=2388, stack(0x0000009950c00000,0x0000009950d00000)]


Current CompileTask:
C2:   2078 1771       4       org.springframework.boot.context.properties.source.ConfigurationPropertyName$ElementsParser::parse (234 bytes)

Stack: [0x0000009950c00000,0x0000009950d00000],  sp=0x0000009950cfbad0,  free space=1006k
Native frames: (J=compiled Java code, j=interpreted, Vv=VM code, C=native code)
V  [jvm.dll+0x2b0200]
V  [jvm.dll+0x33114e]
V  [jvm.dll+0x21a7b1]
V  [jvm.dll+0x219bf1]
V  [jvm.dll+0x1a599d]
V  [jvm.dll+0x22994d]
V  [jvm.dll+0x227adc]
V  [jvm.dll+0x7edb77]
V  [jvm.dll+0x7e7f6c]
V  [jvm.dll+0x67ff37]
C  [ucrtbase.dll+0x37b0]
C  [KERNEL32.DLL+0x2e8d7]
C  [ntdll.dll+0x9c5dc]


siginfo: EXCEPTION_ACCESS_VIOLATION (0xc0000005), reading address 0xffffffffffffffff


Registers:
RAX=0x000002598ed95de0, RBX=0x0170016f010c6e01, RCX=0x000002598edd3040, RDX=0x000002598edd6bf0
RSP=0x0000009950cfbad0, RBP=0x0000000000000000, RSI=0x0000000000000002, RDI=0x00000000000000be
R8 =0x000002598edd6c40, R9 =0x000000000000000a, R10=0x000002598ed95de0, R11=0x0000000000000004
R12=0x0000009950cfbc70, R13=0x000002598edd3040, R14=0x000002598edd6c08, R15=0x0000025947d769b0
RIP=0x00007ffaa8390200, EFLAGS=0x0000000000010202


Register to memory mapping:

RIP=0x00007ffaa8390200 jvm.dll
RAX=0x000002598ed95de0 points into unknown readable memory: 0x007d001500000003 | 03 00 00 00 15 00 7d 00
RBX=0x0170016f010c6e01 is an unknown value
RCX=0x000002598edd3040 points into unknown readable memory: 0x0000000000000000 | 00 00 00 00 00 00 00 00
RDX=0x000002598edd6bf0 points into unknown readable memory: 0x0000025947d76a20 | 20 6a d7 47 59 02 00 00
RSP=0x0000009950cfbad0 is pointing into the stack for thread: 0x000002594724cd10
RBP=0x0 is NULL
RSI=0x0000000000000002 is an unknown value
RDI=0x00000000000000be is an unknown value
R8 =0x000002598edd6c40 points into unknown readable memory: 0x0000025947d768c0 | c0 68 d7 47 59 02 00 00
R9 =0x000000000000000a is an unknown value
R10=0x000002598ed95de0 points into unknown readable memory: 0x007d001500000003 | 03 00 00 00 15 00 7d 00
R11=0x0000000000000004 is an unknown value
R12=0x0000009950cfbc70 is pointing into the stack for thread: 0x000002594724cd10
R13=0x000002598edd3040 points into unknown readable memory: 0x0000000000000000 | 00 00 00 00 00 00 00 00
R14=0x000002598edd6c08 points into unknown readable memory: 0x000002598edd6bf0 | f0 6b dd 8e 59 02 00 00
R15=0x0000025947d769b0 points into unknown readable memory: 0x00007ffaa89fc870 | 70 c8 9f a8 fa 7f 00 00


Top of Stack: (sp=0x0000009950cfbad0)
0x0000009950cfbad0:   00000259475655e0 0000025947237bc0
0x0000009950cfbae0:   0000000000000000 0000025947248130
0x0000009950cfbaf0:   0000025947566d58 00000000001314b8
0x0000009950cfbb00:   0000025947248130 00007ffaa8a24d40
0x0000009950cfbb10:   0000000000000020 000002594722cc00
0x0000009950cfbb20:   0000000000000000 0000025947237c10
0x0000009950cfbb30:   0000025947237bc0 0000009950cfbc80
0x0000009950cfbb40:   0000009950cfbc70 00007ffaa841114e
0x0000009950cfbb50:   00000000000000be 0000025947248130
0x0000009950cfbb60:   000002594755ed70 00000259475655e0
0x0000009950cfbb70:   0000009950cfe660 00007ffaa82fa7b1
0x0000009950cfbb80:   00000000001314b8 0000009950cfe660
0x0000009950cfbb90:   0000009950cfbc80 0000025947237bc0
0x0000009950cfbba0:   0000000000000000 000002598d8b76d0
0x0000009950cfbbb0:   0000000000000000 0000000000000000
0x0000009950cfbbc0:   0000025947544890 0000000000000000
0x0000009950cfbbd0:   0000000000000000 00007ffaa8a24d40
0x0000009950cfbbe0:   0000000000000000 0000000000000000
0x0000009950cfbbf0:   0000000000000000 00007ffaa8a24d40
0x0000009950cfbc00:   000002598d59b100 0000000000000000
0x0000009950cfbc10:   0000000000000000 0000000000000000
0x0000009950cfbc20:   0000000000000000 0000000000000000
0x0000009950cfbc30:   0000000000000000 0000000000000000
0x0000009950cfbc40:   000002598da35e20 0000000000000000
0x0000009950cfbc50:   0000000000000000 0000000000000000
0x0000009950cfbc60:   0000000000000000 0000000000000000
0x0000009950cfbc70:   0000000000000007 0000009950cfe660
0x0000009950cfbc80:   000002598dcebb18 000002598e6e97a8
0x0000009950cfbc90:   0000000000000800 0000025947248130
0x0000009950cfbca0:   00000259475615e0 000000000000042d
0x0000009950cfbcb0:   000000000000042d 0000009950cfe8d0
0x0000009950cfbcc0:   0000000000000000 0000000000000000 

Instructions: (pc=0x00007ffaa8390200)
0x00007ffaa8390100:   08 48 0f 43 ca 8b 41 08 41 8b 4e f0 3b c1 73 06
0x00007ffaa8390110:   41 89 46 f0 eb 03 48 8b c1 ff c6 41 3b 77 18 0f
0x00007ffaa8390120:   82 6b ff ff ff 48 8b bc 24 80 00 00 00 eb 04 41
0x00007ffaa8390130:   8b 46 f0 48 8d 0c 80 48 03 c9 49 8b 44 cd 38 49
0x00007ffaa8390140:   89 46 20 49 89 5c cd 38 49 8b 46 10 49 8b 16 4d
0x00007ffaa8390150:   8b 56 f8 48 8b 48 18 8b 41 08 39 42 08 73 51 90
0x00007ffaa8390160:   4c 8b 43 28 44 8b 4b 0c 49 8b 40 28 8b 50 0c 41
0x00007ffaa8390170:   8b 40 0c 41 03 d1 03 c0 3b d0 72 12 49 89 58 20
0x00007ffaa8390180:   48 8b 43 28 48 8b 48 28 48 89 4b 28 eb 0f 45 89
0x00007ffaa8390190:   48 0c 48 8b 43 28 48 89 43 20 48 8b d8 48 8b 43
0x00007ffaa83901a0:   28 49 8b 16 48 8b 48 18 8b 41 08 39 42 08 72 b0
0x00007ffaa83901b0:   48 89 53 18 41 8b 46 f4 41 01 42 0c 41 8b 46 f4
0x00007ffaa83901c0:   03 c0 41 39 42 0c 73 0b 48 8b c3 49 8b 5a 28 49
0x00007ffaa83901d0:   89 42 28 49 3b dd 74 15 0f 1f 84 00 00 00 00 00
0x00007ffaa83901e0:   4c 89 53 20 48 8b 5b 28 49 3b dd 75 f3 49 8b 46
0x00007ffaa83901f0:   f8 48 8b 58 38 48 85 db 74 70 66 0f 1f 44 00 00
0x00007ffaa8390200:   48 8b 4b 20 48 85 c9 75 06 48 8b 4b 18 eb 42 48
0x00007ffaa8390210:   39 69 20 74 2a e8 46 f3 ff ff 4c 8b 43 20 48 8b
0x00007ffaa8390220:   53 18 49 8b 48 18 8b 42 08 39 41 08 73 07 48 89
0x00007ffaa8390230:   4b 18 48 8b d1 49 8b 48 20 48 89 4b 20 eb 04 48
0x00007ffaa8390240:   8b 53 18 48 8b 49 18 8b 42 08 39 41 08 48 0f 43
0x00007ffaa8390250:   ca 8b 43 08 39 41 08 72 04 49 8b 4e f8 48 89 4b
0x00007ffaa8390260:   30 48 8b 5b 38 48 85 db 75 96 49 83 ee 50 41 ba
0x00007ffaa8390270:   01 00 00 00 48 83 ef 01 48 89 bc 24 80 00 00 00
0x00007ffaa8390280:   0f 85 da fd ff ff 41 8b 54 24 40 48 8b bc 24 88
0x00007ffaa8390290:   00 00 00 48 8b b4 24 90 00 00 00 4c 8b b4 24 98
0x00007ffaa83902a0:   00 00 00 4c 8b 7c 24 20 41 b8 02 00 00 00 41 3b
0x00007ffaa83902b0:   d0 72 4c 0f 1f 40 00 66 0f 1f 84 00 00 00 00 00
0x00007ffaa83902c0:   41 8b c0 48 8d 14 80 48 c1 e2 04 49 03 d5 8b 42
0x00007ffaa83902d0:   08 4c 8b 4a 30 48 8d 0c 80 48 c1 e1 04 49 03 cd
0x00007ffaa83902e0:   4c 3b c9 74 08 49 8b 41 30 48 89 42 30 41 ff c0
0x00007ffaa83902f0:   48 89 6a 40 48 89 6a 48 45 3b 44 24 40 76 c1 49 


Stack slot to memory mapping:
stack at sp + 0 slots: 0x00000259475655e0 points into unknown readable memory: 0x000000060000001b | 1b 00 00 00 06 00 00 00
stack at sp + 1 slots: 0x0000025947237bc0 points into unknown readable memory: 0x0000000000000000 | 00 00 00 00 00 00 00 00
stack at sp + 2 slots: 0x0 is NULL
stack at sp + 3 slots: 0x0000025947248130 points into unknown readable memory: 0x006e006900000006 | 06 00 00 00 69 00 6e 00
stack at sp + 4 slots: 0x0000025947566d58 points into unknown readable memory: 0x10356b67693c643c | 3c 64 3c 69 67 6b 35 10
stack at sp + 5 slots: 0x00000000001314b8 is an unknown value
stack at sp + 6 slots: 0x0000025947248130 points into unknown readable memory: 0x006e006900000006 | 06 00 00 00 69 00 6e 00
stack at sp + 7 slots: 0x00007ffaa8a24d40 jvm.dll


---------------  P R O C E S S  ---------------

Threads class SMR info:
_java_thread_list=0x000002598e9b29c0, length=19, elements={
0x0000025921e7f2f0, 0x0000025947237f30, 0x0000025947238af0, 0x00000259472482d0,
0x000002594724aca0, 0x000002594724b660, 0x000002594724c020, 0x000002594724cd10,
0x000002594725a1f0, 0x0000025947262730, 0x0000025947220490, 0x000002594743b560,
0x0000025947a2fca0, 0x0000025947904130, 0x000002598d6d3120, 0x000002598dd72b10,
0x000002598d5055c0, 0x0000025947f2fe90, 0x000002598e4ecb90
}

Java Threads: ( => current thread )
  0x0000025921e7f2f0 JavaThread "main" [_thread_in_vm, id=13676, stack(0x000000994ff00000,0x0000009950000000)]
  0x0000025947237f30 JavaThread "Reference Handler" daemon [_thread_blocked, id=13684, stack(0x0000009950600000,0x0000009950700000)]
  0x0000025947238af0 JavaThread "Finalizer" daemon [_thread_blocked, id=3624, stack(0x0000009950700000,0x0000009950800000)]
  0x00000259472482d0 JavaThread "Signal Dispatcher" daemon [_thread_blocked, id=21844, stack(0x0000009950800000,0x0000009950900000)]
  0x000002594724aca0 JavaThread "Attach Listener" daemon [_thread_blocked, id=14416, stack(0x0000009950900000,0x0000009950a00000)]
  0x000002594724b660 JavaThread "Service Thread" daemon [_thread_blocked, id=14156, stack(0x0000009950a00000,0x0000009950b00000)]
  0x000002594724c020 JavaThread "Monitor Deflation Thread" daemon [_thread_blocked, id=14528, stack(0x0000009950b00000,0x0000009950c00000)]
=>0x000002594724cd10 JavaThread "C2 CompilerThread0" daemon [_thread_in_native, id=2388, stack(0x0000009950c00000,0x0000009950d00000)]
  0x000002594725a1f0 JavaThread "C1 CompilerThread0" daemon [_thread_in_native, id=10992, stack(0x0000009950d00000,0x0000009950e00000)]
  0x0000025947262730 JavaThread "Sweeper thread" daemon [_thread_blocked, id=16436, stack(0x0000009950e00000,0x0000009950f00000)]
  0x0000025947220490 JavaThread "Common-Cleaner" daemon [_thread_blocked, id=1940, stack(0x0000009950f00000,0x0000009951000000)]
  0x000002594743b560 JavaThread "C2 CompilerThread1" daemon [_thread_in_native, id=14808, stack(0x0000009951000000,0x0000009951100000)]
  0x0000025947a2fca0 JavaThread "Monitor Ctrl-Break" daemon [_thread_in_native, id=19608, stack(0x0000009951100000,0x0000009951200000)]
  0x0000025947904130 JavaThread "Notification Thread" daemon [_thread_blocked, id=9616, stack(0x0000009951200000,0x0000009951300000)]
  0x000002598d6d3120 JavaThread "RMI TCP Accept-0" daemon [_thread_in_native, id=17516, stack(0x0000009951d00000,0x0000009951e00000)]
  0x000002598dd72b10 JavaThread "RMI TCP Connection(1)-26.117.114.70" daemon [_thread_in_native, id=14452, stack(0x0000009951e00000,0x0000009951f00000)]
  0x000002598d5055c0 JavaThread "RMI Scheduler(0)" daemon [_thread_blocked, id=20740, stack(0x0000009951f00000,0x0000009952000000)]
  0x0000025947f2fe90 JavaThread "JMX server connection timeout 20" daemon [_thread_blocked, id=22084, stack(0x0000009952000000,0x0000009952100000)]
  0x000002598e4ecb90 JavaThread "background-preinit" [_thread_in_vm, id=4776, stack(0x0000009952100000,0x0000009952200000)]

Other Threads:
  0x00000259472319e0 VMThread "VM Thread" [stack: 0x0000009950500000,0x0000009950600000] [id=21788]
  0x0000025947905a50 WatcherThread [stack: 0x0000009951300000,0x0000009951400000] [id=7704]
  0x0000025921eec590 GCTaskThread "GC Thread#0" [stack: 0x0000009950000000,0x0000009950100000] [id=22204]
  0x000002598d6e59b0 GCTaskThread "GC Thread#1" [stack: 0x0000009951500000,0x0000009951600000] [id=13280]
  0x000002598d6e5c70 GCTaskThread "GC Thread#2" [stack: 0x0000009951600000,0x0000009951700000] [id=22364]
  0x000002598e1d1420 GCTaskThread "GC Thread#3" [stack: 0x0000009951700000,0x0000009951800000] [id=9536]
  0x000002598e1d16e0 GCTaskThread "GC Thread#4" [stack: 0x0000009951800000,0x0000009951900000] [id=2760]
  0x000002598e2f2850 GCTaskThread "GC Thread#5" [stack: 0x0000009951900000,0x0000009951a00000] [id=21900]
  0x000002598e19e130 GCTaskThread "GC Thread#6" [stack: 0x0000009951a00000,0x0000009951b00000] [id=3916]
  0x000002598dd77870 GCTaskThread "GC Thread#7" [stack: 0x0000009951b00000,0x0000009951c00000] [id=6636]
  0x000002598de3c6b0 GCTaskThread "GC Thread#8" [stack: 0x0000009951c00000,0x0000009951d00000] [id=10480]
  0x000002598e4fc1b0 GCTaskThread "GC Thread#9" [stack: 0x0000009951400000,0x0000009951500000] [id=10088]
  0x0000025921ef9fc0 ConcurrentGCThread "G1 Main Marker" [stack: 0x0000009950100000,0x0000009950200000] [id=13004]
  0x0000025921c9e6c0 ConcurrentGCThread "G1 Conc#0" [stack: 0x0000009950200000,0x0000009950300000] [id=14264]
  0x0000025946d9d660 ConcurrentGCThread "G1 Refine#0" [stack: 0x0000009950300000,0x0000009950400000] [id=3004]
  0x0000025946d9ef40 ConcurrentGCThread "G1 Service" [stack: 0x0000009950400000,0x0000009950500000] [id=21544]

Threads with active compile tasks:
C2 CompilerThread0     2289 1771       4       org.springframework.boot.context.properties.source.ConfigurationPropertyName$ElementsParser::parse (234 bytes)
C1 CompilerThread0     2289 1944       3       sun.reflect.generics.reflectiveObjects.TypeVariableImpl::hashCode (16 bytes)
C2 CompilerThread1     2289 1833       4       jdk.internal.org.objectweb.asm.Frame::execute (2305 bytes)

VM state: not at safepoint (normal execution)

VM Mutex/Monitor currently owned by a thread: None

Heap address: 0x0000000702800000, size: 4056 MB, Compressed Oops mode: Zero based, Oop shift amount: 3

CDS archive(s) mapped at: [0x0000025948000000-0x0000025948bb0000-0x0000025948bb0000), size 12255232, SharedBaseAddress: 0x0000025948000000, ArchiveRelocationMode: 1.
Compressed class space mapped at: 0x0000025949000000-0x0000025989000000, reserved size: 1073741824
Narrow klass base: 0x0000025948000000, Narrow klass shift: 0, Narrow klass range: 0x100000000

GC Precious Log:
 CPUs: 12 total, 12 available
 Memory: 16221M
 Large Page Support: Disabled
 NUMA Support: Disabled
 Compressed Oops: Enabled (Zero based)
 Heap Region Size: 2M
 Heap Min Capacity: 8M
 Heap Initial Capacity: 254M
 Heap Max Capacity: 4056M
 Pre-touch: Disabled
 Parallel Workers: 10
 Concurrent Workers: 3
 Concurrent Refinement Workers: 10
 Periodic GC: Disabled

Heap:
 garbage-first heap   total 260096K, used 23477K [0x0000000702800000, 0x0000000800000000)
  region size 2048K, 8 young (16384K), 1 survivors (2048K)
 Metaspace       used 14483K, committed 14784K, reserved 1114112K
  class space    used 1819K, committed 1984K, reserved 1048576K

Heap Regions: E=young(eden), S=young(survivor), O=old, HS=humongous(starts), HC=humongous(continues), CS=collection set, F=free, OA=open archive, CA=closed archive, TAMS=top-at-mark-start (previous, next)
|   0|0x0000000702800000, 0x0000000702a00000, 0x0000000702a00000|100%| O|  |TAMS 0x0000000702800000, 0x0000000702800000| Untracked 
|   1|0x0000000702a00000, 0x0000000702c00000, 0x0000000702c00000|100%| O|  |TAMS 0x0000000702a00000, 0x0000000702a00000| Untracked 
|   2|0x0000000702c00000, 0x0000000702e00000, 0x0000000702e00000|100%| O|  |TAMS 0x0000000702c00000, 0x0000000702c00000| Untracked 
|   3|0x0000000702e00000, 0x0000000703000000, 0x0000000703000000|100%| O|  |TAMS 0x0000000702e00000, 0x0000000702e00000| Untracked 
|   4|0x0000000703000000, 0x0000000703167000, 0x0000000703200000| 70%| O|  |TAMS 0x0000000703000000, 0x0000000703000000| Untracked 
|   5|0x0000000703200000, 0x0000000703200000, 0x0000000703400000|  0%| F|  |TAMS 0x0000000703200000, 0x0000000703200000| Untracked 
|   6|0x0000000703400000, 0x0000000703400000, 0x0000000703600000|  0%| F|  |TAMS 0x0000000703400000, 0x0000000703400000| Untracked 
|   7|0x0000000703600000, 0x0000000703600000, 0x0000000703800000|  0%| F|  |TAMS 0x0000000703600000, 0x0000000703600000| Untracked 
|   8|0x0000000703800000, 0x0000000703800000, 0x0000000703a00000|  0%| F|  |TAMS 0x0000000703800000, 0x0000000703800000| Untracked 
|   9|0x0000000703a00000, 0x0000000703a00000, 0x0000000703c00000|  0%| F|  |TAMS 0x0000000703a00000, 0x0000000703a00000| Untracked 
|  10|0x0000000703c00000, 0x0000000703c00000, 0x0000000703e00000|  0%| F|  |TAMS 0x0000000703c00000, 0x0000000703c00000| Untracked 
|  11|0x0000000703e00000, 0x0000000703e00000, 0x0000000704000000|  0%| F|  |TAMS 0x0000000703e00000, 0x0000000703e00000| Untracked 
|  12|0x0000000704000000, 0x0000000704000000, 0x0000000704200000|  0%| F|  |TAMS 0x0000000704000000, 0x0000000704000000| Untracked 
|  13|0x0000000704200000, 0x0000000704200000, 0x0000000704400000|  0%| F|  |TAMS 0x0000000704200000, 0x0000000704200000| Untracked 
|  14|0x0000000704400000, 0x0000000704400000, 0x0000000704600000|  0%| F|  |TAMS 0x0000000704400000, 0x0000000704400000| Untracked 
|  15|0x0000000704600000, 0x0000000704600000, 0x0000000704800000|  0%| F|  |TAMS 0x0000000704600000, 0x0000000704600000| Untracked 
|  16|0x0000000704800000, 0x0000000704800000, 0x0000000704a00000|  0%| F|  |TAMS 0x0000000704800000, 0x0000000704800000| Untracked 
|  17|0x0000000704a00000, 0x0000000704a00000, 0x0000000704c00000|  0%| F|  |TAMS 0x0000000704a00000, 0x0000000704a00000| Untracked 
|  18|0x0000000704c00000, 0x0000000704c00000, 0x0000000704e00000|  0%| F|  |TAMS 0x0000000704c00000, 0x0000000704c00000| Untracked 
|  19|0x0000000704e00000, 0x0000000704e00000, 0x0000000705000000|  0%| F|  |TAMS 0x0000000704e00000, 0x0000000704e00000| Untracked 
|  20|0x0000000705000000, 0x0000000705000000, 0x0000000705200000|  0%| F|  |TAMS 0x0000000705000000, 0x0000000705000000| Untracked 
|  21|0x0000000705200000, 0x0000000705200000, 0x0000000705400000|  0%| F|  |TAMS 0x0000000705200000, 0x0000000705200000| Untracked 
|  22|0x0000000705400000, 0x0000000705400000, 0x0000000705600000|  0%| F|  |TAMS 0x0000000705400000, 0x0000000705400000| Untracked 
|  23|0x0000000705600000, 0x0000000705600000, 0x0000000705800000|  0%| F|  |TAMS 0x0000000705600000, 0x0000000705600000| Untracked 
|  24|0x0000000705800000, 0x0000000705800000, 0x0000000705a00000|  0%| F|  |TAMS 0x0000000705800000, 0x0000000705800000| Untracked 
|  25|0x0000000705a00000, 0x0000000705a00000, 0x0000000705c00000|  0%| F|  |TAMS 0x0000000705a00000, 0x0000000705a00000| Untracked 
|  26|0x0000000705c00000, 0x0000000705c00000, 0x0000000705e00000|  0%| F|  |TAMS 0x0000000705c00000, 0x0000000705c00000| Untracked 
|  27|0x0000000705e00000, 0x0000000705e00000, 0x0000000706000000|  0%| F|  |TAMS 0x0000000705e00000, 0x0000000705e00000| Untracked 
|  28|0x0000000706000000, 0x0000000706000000, 0x0000000706200000|  0%| F|  |TAMS 0x0000000706000000, 0x0000000706000000| Untracked 
|  29|0x0000000706200000, 0x0000000706200000, 0x0000000706400000|  0%| F|  |TAMS 0x0000000706200000, 0x0000000706200000| Untracked 
|  30|0x0000000706400000, 0x0000000706400000, 0x0000000706600000|  0%| F|  |TAMS 0x0000000706400000, 0x0000000706400000| Untracked 
|  31|0x0000000706600000, 0x0000000706600000, 0x0000000706800000|  0%| F|  |TAMS 0x0000000706600000, 0x0000000706600000| Untracked 
|  32|0x0000000706800000, 0x0000000706800000, 0x0000000706a00000|  0%| F|  |TAMS 0x0000000706800000, 0x0000000706800000| Untracked 
|  33|0x0000000706a00000, 0x0000000706a00000, 0x0000000706c00000|  0%| F|  |TAMS 0x0000000706a00000, 0x0000000706a00000| Untracked 
|  34|0x0000000706c00000, 0x0000000706c00000, 0x0000000706e00000|  0%| F|  |TAMS 0x0000000706c00000, 0x0000000706c00000| Untracked 
|  35|0x0000000706e00000, 0x0000000706e00000, 0x0000000707000000|  0%| F|  |TAMS 0x0000000706e00000, 0x0000000706e00000| Untracked 
|  36|0x0000000707000000, 0x0000000707000000, 0x0000000707200000|  0%| F|  |TAMS 0x0000000707000000, 0x0000000707000000| Untracked 
|  37|0x0000000707200000, 0x0000000707200000, 0x0000000707400000|  0%| F|  |TAMS 0x0000000707200000, 0x0000000707200000| Untracked 
|  38|0x0000000707400000, 0x0000000707400000, 0x0000000707600000|  0%| F|  |TAMS 0x0000000707400000, 0x0000000707400000| Untracked 
|  39|0x0000000707600000, 0x0000000707600000, 0x0000000707800000|  0%| F|  |TAMS 0x0000000707600000, 0x0000000707600000| Untracked 
|  40|0x0000000707800000, 0x0000000707800000, 0x0000000707a00000|  0%| F|  |TAMS 0x0000000707800000, 0x0000000707800000| Untracked 
|  41|0x0000000707a00000, 0x0000000707a00000, 0x0000000707c00000|  0%| F|  |TAMS 0x0000000707a00000, 0x0000000707a00000| Untracked 
|  42|0x0000000707c00000, 0x0000000707c00000, 0x0000000707e00000|  0%| F|  |TAMS 0x0000000707c00000, 0x0000000707c00000| Untracked 
|  43|0x0000000707e00000, 0x0000000707e00000, 0x0000000708000000|  0%| F|  |TAMS 0x0000000707e00000, 0x0000000707e00000| Untracked 
|  44|0x0000000708000000, 0x0000000708000000, 0x0000000708200000|  0%| F|  |TAMS 0x0000000708000000, 0x0000000708000000| Untracked 
|  45|0x0000000708200000, 0x0000000708200000, 0x0000000708400000|  0%| F|  |TAMS 0x0000000708200000, 0x0000000708200000| Untracked 
|  46|0x0000000708400000, 0x0000000708400000, 0x0000000708600000|  0%| F|  |TAMS 0x0000000708400000, 0x0000000708400000| Untracked 
|  47|0x0000000708600000, 0x0000000708600000, 0x0000000708800000|  0%| F|  |TAMS 0x0000000708600000, 0x0000000708600000| Untracked 
|  48|0x0000000708800000, 0x0000000708800000, 0x0000000708a00000|  0%| F|  |TAMS 0x0000000708800000, 0x0000000708800000| Untracked 
|  49|0x0000000708a00000, 0x0000000708a00000, 0x0000000708c00000|  0%| F|  |TAMS 0x0000000708a00000, 0x0000000708a00000| Untracked 
|  50|0x0000000708c00000, 0x0000000708c00000, 0x0000000708e00000|  0%| F|  |TAMS 0x0000000708c00000, 0x0000000708c00000| Untracked 
|  51|0x0000000708e00000, 0x0000000708e00000, 0x0000000709000000|  0%| F|  |TAMS 0x0000000708e00000, 0x0000000708e00000| Untracked 
|  52|0x0000000709000000, 0x0000000709000000, 0x0000000709200000|  0%| F|  |TAMS 0x0000000709000000, 0x0000000709000000| Untracked 
|  53|0x0000000709200000, 0x0000000709200000, 0x0000000709400000|  0%| F|  |TAMS 0x0000000709200000, 0x0000000709200000| Untracked 
|  54|0x0000000709400000, 0x0000000709400000, 0x0000000709600000|  0%| F|  |TAMS 0x0000000709400000, 0x0000000709400000| Untracked 
|  55|0x0000000709600000, 0x0000000709600000, 0x0000000709800000|  0%| F|  |TAMS 0x0000000709600000, 0x0000000709600000| Untracked 
|  56|0x0000000709800000, 0x0000000709800000, 0x0000000709a00000|  0%| F|  |TAMS 0x0000000709800000, 0x0000000709800000| Untracked 
|  57|0x0000000709a00000, 0x0000000709a00000, 0x0000000709c00000|  0%| F|  |TAMS 0x0000000709a00000, 0x0000000709a00000| Untracked 
|  58|0x0000000709c00000, 0x0000000709c00000, 0x0000000709e00000|  0%| F|  |TAMS 0x0000000709c00000, 0x0000000709c00000| Untracked 
|  59|0x0000000709e00000, 0x0000000709e00000, 0x000000070a000000|  0%| F|  |TAMS 0x0000000709e00000, 0x0000000709e00000| Untracked 
|  60|0x000000070a000000, 0x000000070a000000, 0x000000070a200000|  0%| F|  |TAMS 0x000000070a000000, 0x000000070a000000| Untracked 
|  61|0x000000070a200000, 0x000000070a200000, 0x000000070a400000|  0%| F|  |TAMS 0x000000070a200000, 0x000000070a200000| Untracked 
|  62|0x000000070a400000, 0x000000070a400000, 0x000000070a600000|  0%| F|  |TAMS 0x000000070a400000, 0x000000070a400000| Untracked 
|  63|0x000000070a600000, 0x000000070a600000, 0x000000070a800000|  0%| F|  |TAMS 0x000000070a600000, 0x000000070a600000| Untracked 
|  64|0x000000070a800000, 0x000000070a800000, 0x000000070aa00000|  0%| F|  |TAMS 0x000000070a800000, 0x000000070a800000| Untracked 
|  65|0x000000070aa00000, 0x000000070aa00000, 0x000000070ac00000|  0%| F|  |TAMS 0x000000070aa00000, 0x000000070aa00000| Untracked 
|  66|0x000000070ac00000, 0x000000070ac00000, 0x000000070ae00000|  0%| F|  |TAMS 0x000000070ac00000, 0x000000070ac00000| Untracked 
|  67|0x000000070ae00000, 0x000000070ae00000, 0x000000070b000000|  0%| F|  |TAMS 0x000000070ae00000, 0x000000070ae00000| Untracked 
|  68|0x000000070b000000, 0x000000070b000000, 0x000000070b200000|  0%| F|  |TAMS 0x000000070b000000, 0x000000070b000000| Untracked 
|  69|0x000000070b200000, 0x000000070b200000, 0x000000070b400000|  0%| F|  |TAMS 0x000000070b200000, 0x000000070b200000| Untracked 
|  70|0x000000070b400000, 0x000000070b400000, 0x000000070b600000|  0%| F|  |TAMS 0x000000070b400000, 0x000000070b400000| Untracked 
|  71|0x000000070b600000, 0x000000070b600000, 0x000000070b800000|  0%| F|  |TAMS 0x000000070b600000, 0x000000070b600000| Untracked 
|  72|0x000000070b800000, 0x000000070b800000, 0x000000070ba00000|  0%| F|  |TAMS 0x000000070b800000, 0x000000070b800000| Untracked 
|  73|0x000000070ba00000, 0x000000070ba00000, 0x000000070bc00000|  0%| F|  |TAMS 0x000000070ba00000, 0x000000070ba00000| Untracked 
|  74|0x000000070bc00000, 0x000000070bc00000, 0x000000070be00000|  0%| F|  |TAMS 0x000000070bc00000, 0x000000070bc00000| Untracked 
|  75|0x000000070be00000, 0x000000070be00000, 0x000000070c000000|  0%| F|  |TAMS 0x000000070be00000, 0x000000070be00000| Untracked 
|  76|0x000000070c000000, 0x000000070c000000, 0x000000070c200000|  0%| F|  |TAMS 0x000000070c000000, 0x000000070c000000| Untracked 
|  77|0x000000070c200000, 0x000000070c200000, 0x000000070c400000|  0%| F|  |TAMS 0x000000070c200000, 0x000000070c200000| Untracked 
|  78|0x000000070c400000, 0x000000070c400000, 0x000000070c600000|  0%| F|  |TAMS 0x000000070c400000, 0x000000070c400000| Untracked 
|  79|0x000000070c600000, 0x000000070c600000, 0x000000070c800000|  0%| F|  |TAMS 0x000000070c600000, 0x000000070c600000| Untracked 
|  80|0x000000070c800000, 0x000000070c800000, 0x000000070ca00000|  0%| F|  |TAMS 0x000000070c800000, 0x000000070c800000| Untracked 
|  81|0x000000070ca00000, 0x000000070ca00000, 0x000000070cc00000|  0%| F|  |TAMS 0x000000070ca00000, 0x000000070ca00000| Untracked 
|  82|0x000000070cc00000, 0x000000070cc00000, 0x000000070ce00000|  0%| F|  |TAMS 0x000000070cc00000, 0x000000070cc00000| Untracked 
|  83|0x000000070ce00000, 0x000000070ce00000, 0x000000070d000000|  0%| F|  |TAMS 0x000000070ce00000, 0x000000070ce00000| Untracked 
|  84|0x000000070d000000, 0x000000070d000000, 0x000000070d200000|  0%| F|  |TAMS 0x000000070d000000, 0x000000070d000000| Untracked 
|  85|0x000000070d200000, 0x000000070d200000, 0x000000070d400000|  0%| F|  |TAMS 0x000000070d200000, 0x000000070d200000| Untracked 
|  86|0x000000070d400000, 0x000000070d400000, 0x000000070d600000|  0%| F|  |TAMS 0x000000070d400000, 0x000000070d400000| Untracked 
|  87|0x000000070d600000, 0x000000070d600000, 0x000000070d800000|  0%| F|  |TAMS 0x000000070d600000, 0x000000070d600000| Untracked 
|  88|0x000000070d800000, 0x000000070d800000, 0x000000070da00000|  0%| F|  |TAMS 0x000000070d800000, 0x000000070d800000| Untracked 
|  89|0x000000070da00000, 0x000000070da00000, 0x000000070dc00000|  0%| F|  |TAMS 0x000000070da00000, 0x000000070da00000| Untracked 
|  90|0x000000070dc00000, 0x000000070dc00000, 0x000000070de00000|  0%| F|  |TAMS 0x000000070dc00000, 0x000000070dc00000| Untracked 
|  91|0x000000070de00000, 0x000000070de00000, 0x000000070e000000|  0%| F|  |TAMS 0x000000070de00000, 0x000000070de00000| Untracked 
|  92|0x000000070e000000, 0x000000070e000000, 0x000000070e200000|  0%| F|  |TAMS 0x000000070e000000, 0x000000070e000000| Untracked 
|  93|0x000000070e200000, 0x000000070e200000, 0x000000070e400000|  0%| F|  |TAMS 0x000000070e200000, 0x000000070e200000| Untracked 
|  94|0x000000070e400000, 0x000000070e400000, 0x000000070e600000|  0%| F|  |TAMS 0x000000070e400000, 0x000000070e400000| Untracked 
|  95|0x000000070e600000, 0x000000070e600000, 0x000000070e800000|  0%| F|  |TAMS 0x000000070e600000, 0x000000070e600000| Untracked 
|  96|0x000000070e800000, 0x000000070e800000, 0x000000070ea00000|  0%| F|  |TAMS 0x000000070e800000, 0x000000070e800000| Untracked 
|  97|0x000000070ea00000, 0x000000070ea00000, 0x000000070ec00000|  0%| F|  |TAMS 0x000000070ea00000, 0x000000070ea00000| Untracked 
|  98|0x000000070ec00000, 0x000000070ec00000, 0x000000070ee00000|  0%| F|  |TAMS 0x000000070ec00000, 0x000000070ec00000| Untracked 
|  99|0x000000070ee00000, 0x000000070ee00000, 0x000000070f000000|  0%| F|  |TAMS 0x000000070ee00000, 0x000000070ee00000| Untracked 
| 100|0x000000070f000000, 0x000000070f000000, 0x000000070f200000|  0%| F|  |TAMS 0x000000070f000000, 0x000000070f000000| Untracked 
| 101|0x000000070f200000, 0x000000070f200000, 0x000000070f400000|  0%| F|  |TAMS 0x000000070f200000, 0x000000070f200000| Untracked 
| 102|0x000000070f400000, 0x000000070f400000, 0x000000070f600000|  0%| F|  |TAMS 0x000000070f400000, 0x000000070f400000| Untracked 
| 103|0x000000070f600000, 0x000000070f600000, 0x000000070f800000|  0%| F|  |TAMS 0x000000070f600000, 0x000000070f600000| Untracked 
| 104|0x000000070f800000, 0x000000070f800000, 0x000000070fa00000|  0%| F|  |TAMS 0x000000070f800000, 0x000000070f800000| Untracked 
| 105|0x000000070fa00000, 0x000000070fa00000, 0x000000070fc00000|  0%| F|  |TAMS 0x000000070fa00000, 0x000000070fa00000| Untracked 
| 106|0x000000070fc00000, 0x000000070fc00000, 0x000000070fe00000|  0%| F|  |TAMS 0x000000070fc00000, 0x000000070fc00000| Untracked 
| 107|0x000000070fe00000, 0x000000070fe00000, 0x0000000710000000|  0%| F|  |TAMS 0x000000070fe00000, 0x000000070fe00000| Untracked 
| 108|0x0000000710000000, 0x0000000710000000, 0x0000000710200000|  0%| F|  |TAMS 0x0000000710000000, 0x0000000710000000| Untracked 
| 109|0x0000000710200000, 0x0000000710200000, 0x0000000710400000|  0%| F|  |TAMS 0x0000000710200000, 0x0000000710200000| Untracked 
| 110|0x0000000710400000, 0x0000000710400000, 0x0000000710600000|  0%| F|  |TAMS 0x0000000710400000, 0x0000000710400000| Untracked 
| 111|0x0000000710600000, 0x0000000710600000, 0x0000000710800000|  0%| F|  |TAMS 0x0000000710600000, 0x0000000710600000| Untracked 
| 112|0x0000000710800000, 0x0000000710800000, 0x0000000710a00000|  0%| F|  |TAMS 0x0000000710800000, 0x0000000710800000| Untracked 
| 113|0x0000000710a00000, 0x0000000710a00000, 0x0000000710c00000|  0%| F|  |TAMS 0x0000000710a00000, 0x0000000710a00000| Untracked 
| 114|0x0000000710c00000, 0x0000000710c00000, 0x0000000710e00000|  0%| F|  |TAMS 0x0000000710c00000, 0x0000000710c00000| Untracked 
| 115|0x0000000710e00000, 0x0000000710e00000, 0x0000000711000000|  0%| F|  |TAMS 0x0000000710e00000, 0x0000000710e00000| Untracked 
| 116|0x0000000711000000, 0x0000000711000000, 0x0000000711200000|  0%| F|  |TAMS 0x0000000711000000, 0x0000000711000000| Untracked 
| 117|0x0000000711200000, 0x0000000711200000, 0x0000000711400000|  0%| F|  |TAMS 0x0000000711200000, 0x0000000711200000| Untracked 
| 118|0x0000000711400000, 0x0000000711586470, 0x0000000711600000| 76%| S|CS|TAMS 0x0000000711400000, 0x0000000711400000| Complete 
| 119|0x0000000711600000, 0x0000000711600000, 0x0000000711800000|  0%| F|  |TAMS 0x0000000711600000, 0x0000000711600000| Untracked 
| 120|0x0000000711800000, 0x0000000711934a20, 0x0000000711a00000| 60%| E|  |TAMS 0x0000000711800000, 0x0000000711800000| Complete 
| 121|0x0000000711a00000, 0x0000000711c00000, 0x0000000711c00000|100%| E|CS|TAMS 0x0000000711a00000, 0x0000000711a00000| Complete 
| 122|0x0000000711c00000, 0x0000000711e00000, 0x0000000711e00000|100%| E|CS|TAMS 0x0000000711c00000, 0x0000000711c00000| Complete 
| 123|0x0000000711e00000, 0x0000000712000000, 0x0000000712000000|100%| E|CS|TAMS 0x0000000711e00000, 0x0000000711e00000| Complete 
| 124|0x0000000712000000, 0x0000000712200000, 0x0000000712200000|100%| E|CS|TAMS 0x0000000712000000, 0x0000000712000000| Complete 
| 125|0x0000000712200000, 0x0000000712400000, 0x0000000712400000|100%| E|CS|TAMS 0x0000000712200000, 0x0000000712200000| Complete 
| 126|0x0000000712400000, 0x0000000712600000, 0x0000000712600000|100%| E|CS|TAMS 0x0000000712400000, 0x0000000712400000| Complete 

Card table byte_map: [0x000002593b640000,0x000002593be30000] _byte_map_base: 0x0000025937e2c000

Marking Bits (Prev, Next): (CMBitMap*) 0x0000025921eecbb0, (CMBitMap*) 0x0000025921eecbf0
 Prev Bits: [0x000002593c620000, 0x0000025940580000)
 Next Bits: [0x0000025940580000, 0x00000259444e0000)

Polling page: 0x0000025921f20000

Metaspace:

Usage:
  Non-class:     12.40 MB used.
      Class:      1.79 MB used.
       Both:     14.20 MB used.

Virtual space:
  Non-class space:       64.00 MB reserved,      12.56 MB ( 20%) committed,  1 nodes.
      Class space:        1.00 GB reserved,       1.94 MB ( <1%) committed,  1 nodes.
             Both:        1.06 GB reserved,      14.50 MB (  1%) committed. 

Chunk freelists:
   Non-Class:  3.22 MB
       Class:  14.00 MB
        Both:  17.22 MB

MaxMetaspaceSize: unlimited
CompressedClassSpaceSize: 1.00 GB
Initial GC threshold: 21.00 MB
Current GC threshold: 21.00 MB
CDS: on
MetaspaceReclaimPolicy: balanced
 - commit_granule_bytes: 65536.
 - commit_granule_words: 8192.
 - virtual_space_node_default_size: 8388608.
 - enlarge_chunks_in_place: 1.
 - new_chunks_are_fully_committed: 0.
 - uncommit_free_chunks: 1.
 - use_allocation_guard: 0.
 - handle_deallocations: 1.


Internal statistics:

num_allocs_failed_limit: 0.
num_arena_births: 282.
num_arena_deaths: 0.
num_vsnodes_births: 2.
num_vsnodes_deaths: 0.
num_space_committed: 232.
num_space_uncommitted: 0.
num_chunks_returned_to_freelist: 0.
num_chunks_taken_from_freelist: 677.
num_chunk_merges: 0.
num_chunk_splits: 422.
num_chunks_enlarged: 287.
num_inconsistent_stats: 0.

CodeHeap 'non-profiled nmethods': size=120000Kb used=734Kb max_used=734Kb free=119265Kb
 bounds [0x0000025932d90000, 0x0000025933000000, 0x000002593a2c0000]
CodeHeap 'profiled nmethods': size=120000Kb used=3558Kb max_used=3558Kb free=116441Kb
 bounds [0x000002592b2c0000, 0x000002592b640000, 0x00000259327f0000]
CodeHeap 'non-nmethods': size=5760Kb used=1199Kb max_used=1237Kb free=4560Kb
 bounds [0x00000259327f0000, 0x0000025932a60000, 0x0000025932d90000]
 total_blobs=2438 nmethods=1938 adapters=412
 compilation: enabled
              stopped_count=0, restarted_count=0
 full_count=0

Compilation events (20 events):
Event: 2.056 Thread 0x000002594725a1f0 nmethod 1836 0x000002592b601890 code [0x000002592b601a80, 0x000002592b601ff8]
Event: 2.057 Thread 0x000002594725a1f0 1837       3       java.lang.Module::implIsExportedOrOpen (92 bytes)
Event: 2.058 Thread 0x000002594725a1f0 nmethod 1837 0x000002592b602210 code [0x000002592b602440, 0x000002592b602b38]
Event: 2.058 Thread 0x000002594725a1f0 1838       3       java.util.concurrent.ConcurrentHashMap$KeySpliterator::forEachRemaining (35 bytes)
Event: 2.058 Thread 0x000002594725a1f0 nmethod 1838 0x000002592b602d10 code [0x000002592b602ee0, 0x000002592b6032a8]
Event: 2.058 Thread 0x000002594725a1f0 1839       3       java.lang.invoke.MethodHandles$Lookup::resolveOrFail (44 bytes)
Event: 2.060 Thread 0x000002594725a1f0 nmethod 1839 0x000002592b603410 code [0x000002592b6036c0, 0x000002592b604368]
Event: 2.060 Thread 0x000002594725a1f0 1840       3       java.lang.invoke.MethodHandles$Lookup::getDirectMethodForConstant (72 bytes)
Event: 2.062 Thread 0x000002594725a1f0 nmethod 1840 0x000002592b604790 code [0x000002592b604ae0, 0x000002592b605d88]
Event: 2.062 Thread 0x000002594725a1f0 1842       3       java.util.concurrent.atomic.AtomicInteger::<init> (5 bytes)
Event: 2.063 Thread 0x000002594725a1f0 nmethod 1842 0x000002592b606390 code [0x000002592b606540, 0x000002592b6066f8]
Event: 2.063 Thread 0x000002594725a1f0 1846       3       org.springframework.core.convert.support.GenericConversionService::addConverter (13 bytes)
Event: 2.063 Thread 0x000002594725a1f0 nmethod 1846 0x000002592b606810 code [0x000002592b6069c0, 0x000002592b606c58]
Event: 2.063 Thread 0x000002594725a1f0 1847       3       org.springframework.core.ResolvableType::toClass (7 bytes)
Event: 2.064 Thread 0x000002594725a1f0 nmethod 1847 0x000002592b606d90 code [0x000002592b606f40, 0x000002592b6071b8]
Event: 2.064 Thread 0x000002594725a1f0 1848       3       jdk.internal.org.objectweb.asm.ClassWriter::visit (160 bytes)
Event: 2.066 Thread 0x000002594725a1f0 nmethod 1848 0x000002592b607290 code [0x000002592b6074c0, 0x000002592b607cf8]
Event: 2.066 Thread 0x000002594725a1f0 1849       3       org.springframework.core.convert.support.GenericConversionService$Converters$$Lambda$170/0x0000025949140a98::apply (8 bytes)
Event: 2.067 Thread 0x000002594725a1f0 nmethod 1849 0x000002592b608110 code [0x000002592b608300, 0x000002592b608a58]
Event: 2.067 Thread 0x000002594725a1f0 1851       3       java.lang.invoke.VarHandleReferences$FieldInstanceReadWrite::compareAndSet (48 bytes)

GC Heap History (4 events):
Event: 1.128 GC heap before
{Heap before GC invocations=0 (full 0):
 garbage-first heap   total 260096K, used 22528K [0x0000000702800000, 0x0000000800000000)
  region size 2048K, 11 young (22528K), 0 survivors (0K)
 Metaspace       used 6747K, committed 6912K, reserved 1114112K
  class space    used 745K, committed 832K, reserved 1048576K
}
Event: 1.135 GC heap after
{Heap after GC invocations=1 (full 0):
 garbage-first heap   total 260096K, used 9466K [0x0000000702800000, 0x0000000800000000)
  region size 2048K, 2 young (4096K), 2 survivors (4096K)
 Metaspace       used 6747K, committed 6912K, reserved 1114112K
  class space    used 745K, committed 832K, reserved 1048576K
}
Event: 1.962 GC heap before
{Heap before GC invocations=1 (full 0):
 garbage-first heap   total 260096K, used 25850K [0x0000000702800000, 0x0000000800000000)
  region size 2048K, 10 young (20480K), 2 survivors (4096K)
 Metaspace       used 11447K, committed 11776K, reserved 1114112K
  class space    used 1379K, committed 1536K, reserved 1048576K
}
Event: 1.970 GC heap after
{Heap after GC invocations=2 (full 0):
 garbage-first heap   total 260096K, used 11189K [0x0000000702800000, 0x0000000800000000)
  region size 2048K, 1 young (2048K), 1 survivors (2048K)
 Metaspace       used 11447K, committed 11776K, reserved 1114112K
  class space    used 1379K, committed 1536K, reserved 1048576K
}

Dll operation events (13 events):
Event: 0.019 Loaded shared library C:\Users\Arthur\.jdks\corretto-17.0.14\bin\java.dll
Event: 0.049 Loaded shared library C:\Users\Arthur\.jdks\corretto-17.0.14\bin\jsvml.dll
Event: 0.285 Loaded shared library C:\Users\Arthur\.jdks\corretto-17.0.14\bin\zip.dll
Event: 0.288 Loaded shared library C:\Users\Arthur\.jdks\corretto-17.0.14\bin\instrument.dll
Event: 0.296 Loaded shared library C:\Users\Arthur\.jdks\corretto-17.0.14\bin\net.dll
Event: 0.300 Loaded shared library C:\Users\Arthur\.jdks\corretto-17.0.14\bin\nio.dll
Event: 0.303 Loaded shared library C:\Users\Arthur\.jdks\corretto-17.0.14\bin\zip.dll
Event: 0.502 Loaded shared library C:\Program Files\JetBrains\IntelliJ IDEA 2024.3.2.2\bin\breakgen64.dll
Event: 0.528 Loaded shared library C:\Users\Arthur\.jdks\corretto-17.0.14\bin\extnet.dll
Event: 0.542 Loaded shared library C:\Users\Arthur\.jdks\corretto-17.0.14\bin\verify.dll
Event: 0.556 Loaded shared library C:\Users\Arthur\.jdks\corretto-17.0.14\bin\jimage.dll
Event: 0.680 Loaded shared library C:\Users\Arthur\.jdks\corretto-17.0.14\bin\management.dll
Event: 0.700 Loaded shared library C:\Users\Arthur\.jdks\corretto-17.0.14\bin\management_ext.dll

Deoptimization events (20 events):
Event: 1.499 Thread 0x0000025921e7f2f0 DEOPT PACKING pc=0x0000025932e24c48 sp=0x000000994fffe4e0
Event: 1.499 Thread 0x0000025921e7f2f0 DEOPT UNPACKING pc=0x00000259328469a3 sp=0x000000994fffe468 mode 2
Event: 1.500 Thread 0x0000025921e7f2f0 Uncommon trap: trap_request=0xffffffde fr.pc=0x0000025932e24c48 relative=0x0000000000000128
Event: 1.500 Thread 0x0000025921e7f2f0 Uncommon trap: reason=class_check action=maybe_recompile pc=0x0000025932e24c48 method=jdk.internal.misc.Unsafe.allocateUninitializedArray(Ljava/lang/Class;I)Ljava/lang/Object; @ 51 c2
Event: 1.500 Thread 0x0000025921e7f2f0 DEOPT PACKING pc=0x0000025932e24c48 sp=0x000000994fffe4e0
Event: 1.500 Thread 0x0000025921e7f2f0 DEOPT UNPACKING pc=0x00000259328469a3 sp=0x000000994fffe468 mode 2
Event: 1.508 Thread 0x0000025921e7f2f0 DEOPT PACKING pc=0x000002592b2cb5c8 sp=0x000000994fffe260
Event: 1.508 Thread 0x0000025921e7f2f0 DEOPT UNPACKING pc=0x0000025932847143 sp=0x000000994fffd768 mode 0
Event: 1.763 Thread 0x0000025921e7f2f0 Uncommon trap: trap_request=0xffffff6e fr.pc=0x0000025932ddef14 relative=0x0000000000000474
Event: 1.763 Thread 0x0000025921e7f2f0 Uncommon trap: reason=loop_limit_check action=maybe_recompile pc=0x0000025932ddef14 method=java.lang.StringLatin1.indexOf([BI[BII)I @ 37 c2
Event: 1.763 Thread 0x0000025921e7f2f0 DEOPT PACKING pc=0x0000025932ddef14 sp=0x000000994fffe160
Event: 1.763 Thread 0x0000025921e7f2f0 DEOPT UNPACKING pc=0x00000259328469a3 sp=0x000000994fffe0c0 mode 2
Event: 1.769 Thread 0x0000025921e7f2f0 Uncommon trap: trap_request=0xffffffc6 fr.pc=0x0000025932e1a708 relative=0x00000000000008e8
Event: 1.769 Thread 0x0000025921e7f2f0 Uncommon trap: reason=bimorphic_or_optimized_type_check action=maybe_recompile pc=0x0000025932e1a708 method=java.util.HashMap.putVal(ILjava/lang/Object;Ljava/lang/Object;ZZ)Ljava/lang/Object; @ 91 c2
Event: 1.769 Thread 0x0000025921e7f2f0 DEOPT PACKING pc=0x0000025932e1a708 sp=0x000000994fffe430
Event: 1.769 Thread 0x0000025921e7f2f0 DEOPT UNPACKING pc=0x00000259328469a3 sp=0x000000994fffe340 mode 2
Event: 1.769 Thread 0x0000025921e7f2f0 Uncommon trap: trap_request=0xffffffc6 fr.pc=0x0000025932e1a708 relative=0x00000000000008e8
Event: 1.769 Thread 0x0000025921e7f2f0 Uncommon trap: reason=bimorphic_or_optimized_type_check action=maybe_recompile pc=0x0000025932e1a708 method=java.util.HashMap.putVal(ILjava/lang/Object;Ljava/lang/Object;ZZ)Ljava/lang/Object; @ 91 c2
Event: 1.769 Thread 0x0000025921e7f2f0 DEOPT PACKING pc=0x0000025932e1a708 sp=0x000000994fffe430
Event: 1.769 Thread 0x0000025921e7f2f0 DEOPT UNPACKING pc=0x00000259328469a3 sp=0x000000994fffe340 mode 2

Classes loaded (20 events):
Event: 1.809 Loading class java/util/stream/MatchOps$1MatchSink
Event: 1.809 Loading class java/util/stream/MatchOps$1MatchSink done
Event: 1.824 Loading class sun/reflect/generics/scope/ConstructorScope
Event: 1.824 Loading class sun/reflect/generics/scope/ConstructorScope done
Event: 1.936 Loading class java/util/concurrent/ConcurrentLinkedDeque$Itr
Event: 1.936 Loading class java/util/concurrent/ConcurrentLinkedDeque$AbstractItr
Event: 1.936 Loading class java/util/concurrent/ConcurrentLinkedDeque$AbstractItr done
Event: 1.936 Loading class java/util/concurrent/ConcurrentLinkedDeque$Itr done
Event: 1.939 Loading class java/nio/file/attribute/PosixFilePermission
Event: 1.939 Loading class java/nio/file/attribute/PosixFilePermission done
Event: 1.939 Loading class java/lang/ProcessHandle
Event: 1.939 Loading class java/lang/ProcessHandle done
Event: 1.939 Loading class java/lang/ProcessHandleImpl
Event: 1.939 Loading class java/lang/ProcessHandleImpl done
Event: 1.970 Loading class java/util/concurrent/Executors$DefaultThreadFactory
Event: 1.971 Loading class java/util/concurrent/Executors$DefaultThreadFactory done
Event: 1.998 Loading class java/util/Stack
Event: 1.998 Loading class java/util/Stack done
Event: 1.999 Loading class java/util/Vector$Itr
Event: 1.999 Loading class java/util/Vector$Itr done

Classes unloaded (0 events):
No events

Classes redefined (0 events):
No events

Internal exceptions (20 events):
Event: 1.694 Thread 0x0000025921e7f2f0 Exception <a 'java/lang/NoSuchMethodError'{0x0000000711b01828}: 'java.lang.Object java.lang.invoke.Invokers$Holder.invokeExact_MT(java.lang.Object, java.lang.Object, java.lang.Object, java.lang.Object, java.lang.Object, java.lang.Object)'> (0x0000000711b01828) 
thrown [s\src\hotspot\share\interpreter\linkResolver.cpp, line 759]
Event: 1.710 Thread 0x0000025921e7f2f0 Exception <a 'java/lang/NoSuchMethodError'{0x0000000711b645f0}: 'java.lang.Object java.lang.invoke.DirectMethodHandle$Holder.invokeSpecial(java.lang.Object, java.lang.Object, java.lang.Object, java.lang.Object, java.lang.Object, java.lang.Object, int)'> (0x0000000711b645f0) 
thrown [s\src\hotspot\share\interpreter\linkResolver.cpp, line 759]
Event: 1.711 Thread 0x0000025921e7f2f0 Exception <a 'java/lang/NoSuchMethodError'{0x0000000711b6eb58}: 'java.lang.Object java.lang.invoke.DirectMethodHandle$Holder.newInvokeSpecial(java.lang.Object, java.lang.Object, java.lang.Object, java.lang.Object, java.lang.Object, java.lang.Object, int)'> (0x0000000711b6eb58) 
thrown [s\src\hotspot\share\interpreter\linkResolver.cpp, line 759]
Event: 1.712 Thread 0x0000025921e7f2f0 Exception <a 'java/lang/NoSuchMethodError'{0x0000000711b73de0}: 'java.lang.Object java.lang.invoke.DirectMethodHandle$Holder.invokeSpecial(java.lang.Object, java.lang.Object, java.lang.Object, java.lang.Object, java.lang.Object, java.lang.Object, java.lang.Object, int)'> (0x0000000711b73de0) 
thrown [s\src\hotspot\share\interpreter\linkResolver.cpp, line 759]
Event: 1.777 Thread 0x0000025921e7f2f0 Exception <a 'java/lang/NoSuchMethodError'{0x00000007118c2bb8}: 'void java.lang.invoke.DirectMethodHandle$Holder.invokeSpecial(java.lang.Object, java.lang.Object, java.lang.Object, java.lang.Object, java.lang.Object)'> (0x00000007118c2bb8) 
thrown [s\src\hotspot\share\interpreter\linkResolver.cpp, line 759]
Event: 1.792 Thread 0x0000025921e7f2f0 Exception <a 'java/lang/NoSuchMethodError'{0x0000000711903a00}: 'int java.lang.invoke.DirectMethodHandle$Holder.invokeVirtual(java.lang.Object, java.lang.Object)'> (0x0000000711903a00) 
thrown [s\src\hotspot\share\interpreter\linkResolver.cpp, line 759]
Event: 1.835 Thread 0x0000025921e7f2f0 Exception <a 'java/lang/NoSuchMethodError'{0x00000007119b0828}: 'java.lang.Object java.lang.invoke.DirectMethodHandle$Holder.invokeSpecial(java.lang.Object, java.lang.Object, java.lang.Object, int, java.lang.Object)'> (0x00000007119b0828) 
thrown [s\src\hotspot\share\interpreter\linkResolver.cpp, line 759]
Event: 1.836 Thread 0x0000025921e7f2f0 Exception <a 'java/lang/NoSuchMethodError'{0x00000007119b8d90}: 'java.lang.Object java.lang.invoke.DirectMethodHandle$Holder.newInvokeSpecial(java.lang.Object, java.lang.Object, java.lang.Object, int, java.lang.Object)'> (0x00000007119b8d90) 
thrown [s\src\hotspot\share\interpreter\linkResolver.cpp, line 759]
Event: 1.837 Thread 0x0000025921e7f2f0 Exception <a 'java/lang/NoSuchMethodError'{0x00000007119c0760}: 'java.lang.Object java.lang.invoke.Invokers$Holder.linkToTargetMethod(java.lang.Object, java.lang.Object, int, java.lang.Object, java.lang.Object)'> (0x00000007119c0760) 
thrown [s\src\hotspot\share\interpreter\linkResolver.cpp, line 759]
Event: 1.839 Thread 0x0000025921e7f2f0 Exception <a 'java/lang/NoSuchMethodError'{0x00000007119cf548}: 'java.lang.Object java.lang.invoke.DirectMethodHandle$Holder.newInvokeSpecial(java.lang.Object, int, java.lang.Object)'> (0x00000007119cf548) 
thrown [s\src\hotspot\share\interpreter\linkResolver.cpp, line 759]
Event: 1.839 Thread 0x0000025921e7f2f0 Exception <a 'java/lang/NoSuchMethodError'{0x00000007119d37b8}: 'int java.lang.invoke.DirectMethodHandle$Holder.invokeSpecialIFC(java.lang.Object, java.lang.Object, java.lang.Object, java.lang.Object)'> (0x00000007119d37b8) 
thrown [s\src\hotspot\share\interpreter\linkResolver.cpp, line 759]
Event: 1.886 Thread 0x0000025921e7f2f0 Exception <a 'java/lang/NoSuchMethodError'{0x00000007116acd60}: 'void java.lang.invoke.DirectMethodHandle$Holder.invokeInterface(java.lang.Object, java.lang.Object, java.lang.Object)'> (0x00000007116acd60) 
thrown [s\src\hotspot\share\interpreter\linkResolver.cpp, line 759]
Event: 1.925 Thread 0x0000025921e7f2f0 Exception <a 'java/lang/NoSuchMethodError'{0x000000071173f4d8}: 'void java.lang.invoke.DirectMethodHandle$Holder.invokeStaticInit(java.lang.Object, java.lang.Object, java.lang.Object)'> (0x000000071173f4d8) 
thrown [s\src\hotspot\share\interpreter\linkResolver.cpp, line 759]
Event: 1.935 Thread 0x0000025921e7f2f0 Exception <a 'java/lang/NoSuchMethodError'{0x0000000711789268}: 'java.lang.Object java.lang.invoke.DirectMethodHandle$Holder.invokeVirtual(java.lang.Object, java.lang.Object, java.lang.Object)'> (0x0000000711789268) 
thrown [s\src\hotspot\share\interpreter\linkResolver.cpp, line 759]
Event: 1.940 Thread 0x0000025921e7f2f0 Exception <a 'java/lang/NoSuchMethodError'{0x00000007117a4c28}: 'java.lang.Object java.lang.invoke.DirectMethodHandle$Holder.invokeStatic(java.lang.Object, java.lang.Object, long, java.lang.Object)'> (0x00000007117a4c28) 
thrown [s\src\hotspot\share\interpreter\linkResolver.cpp, line 759]
Event: 1.941 Thread 0x0000025921e7f2f0 Exception <a 'java/lang/NoSuchMethodError'{0x00000007117a86c0}: 'java.lang.Object java.lang.invoke.DirectMethodHandle$Holder.invokeStaticInit(java.lang.Object, java.lang.Object, long, java.lang.Object)'> (0x00000007117a86c0) 
thrown [s\src\hotspot\share\interpreter\linkResolver.cpp, line 759]
Event: 1.941 Thread 0x0000025921e7f2f0 Exception <a 'java/lang/NoSuchMethodError'{0x00000007117aecd0}: 'java.lang.Object java.lang.invoke.DirectMethodHandle$Holder.newInvokeSpecial(java.lang.Object, java.lang.Object, long)'> (0x00000007117aecd0) 
thrown [s\src\hotspot\share\interpreter\linkResolver.cpp, line 759]
Event: 1.973 Thread 0x0000025921e7f2f0 Exception <a 'java/lang/NoSuchMethodError'{0x000000071240a6b8}: 'void java.lang.invoke.DirectMethodHandle$Holder.invokeVirtual(java.lang.Object, java.lang.Object, java.lang.Object, java.lang.Object)'> (0x000000071240a6b8) 
thrown [s\src\hotspot\share\interpreter\linkResolver.cpp, line 759]
Event: 2.053 Thread 0x0000025921e7f2f0 Exception <a 'java/lang/NoSuchMethodError'{0x00000007125ce548}: 'void java.lang.invoke.DirectMethodHandle$Holder.invokeSpecial(java.lang.Object, java.lang.Object, java.lang.Object)'> (0x00000007125ce548) 
thrown [s\src\hotspot\share\interpreter\linkResolver.cpp, line 759]
Event: 2.067 Thread 0x0000025921e7f2f0 Exception <a 'java/lang/IncompatibleClassChangeError'{0x00000007125ff220}: Found class java.lang.Object, but interface was expected> (0x00000007125ff220) 
thrown [s\src\hotspot\share\interpreter\linkResolver.cpp, line 826]

VM Operations (20 events):
Event: 0.723 Executing VM operation: HandshakeAllThreads
Event: 0.723 Executing VM operation: HandshakeAllThreads done
Event: 0.800 Executing VM operation: HandshakeAllThreads
Event: 0.800 Executing VM operation: HandshakeAllThreads done
Event: 1.127 Executing VM operation: G1CollectForAllocation
Event: 1.135 Executing VM operation: G1CollectForAllocation done
Event: 1.380 Executing VM operation: HandshakeAllThreads
Event: 1.380 Executing VM operation: HandshakeAllThreads done
Event: 1.434 Executing VM operation: HandshakeAllThreads
Event: 1.441 Executing VM operation: HandshakeAllThreads done
Event: 1.790 Executing VM operation: HandshakeAllThreads
Event: 1.790 Executing VM operation: HandshakeAllThreads done
Event: 1.846 Executing VM operation: ICBufferFull
Event: 1.846 Executing VM operation: ICBufferFull done
Event: 1.962 Executing VM operation: G1CollectForAllocation
Event: 1.970 Executing VM operation: G1CollectForAllocation done
Event: 2.045 Executing VM operation: HandshakeAllThreads
Event: 2.045 Executing VM operation: HandshakeAllThreads done
Event: 2.046 Executing VM operation: HandshakeAllThreads
Event: 2.046 Executing VM operation: HandshakeAllThreads done

Memory protections (0 events):
No events

Nmethod flushes (0 events):
No events

Events (20 events):
Event: 0.054 Thread 0x0000025921e7f2f0 Thread added: 0x0000025947237f30
Event: 0.054 Thread 0x0000025921e7f2f0 Thread added: 0x0000025947238af0
Event: 0.069 Thread 0x0000025921e7f2f0 Thread added: 0x00000259472482d0
Event: 0.069 Thread 0x0000025921e7f2f0 Thread added: 0x000002594724aca0
Event: 0.069 Thread 0x0000025921e7f2f0 Thread added: 0x000002594724b660
Event: 0.069 Thread 0x0000025921e7f2f0 Thread added: 0x000002594724c020
Event: 0.069 Thread 0x0000025921e7f2f0 Thread added: 0x000002594724cd10
Event: 0.070 Thread 0x0000025921e7f2f0 Thread added: 0x000002594725a1f0
Event: 0.070 Thread 0x0000025921e7f2f0 Thread added: 0x0000025947262730
Event: 0.251 Thread 0x0000025921e7f2f0 Thread added: 0x0000025947220490
Event: 0.332 Thread 0x000002594725a1f0 Thread added: 0x000002594743b560
Event: 0.502 Thread 0x0000025921e7f2f0 Thread added: 0x0000025947a2fca0
Event: 0.503 Thread 0x0000025921e7f2f0 Thread added: 0x0000025947904130
Event: 0.807 Thread 0x000002594725a1f0 Thread added: 0x0000025947cbf4d0
Event: 1.236 Thread 0x000002594724aca0 Thread added: 0x000002598d6d3120
Event: 1.351 Thread 0x000002598d6d3120 Thread added: 0x000002598dd72b10
Event: 1.417 Thread 0x000002598dd72b10 Thread added: 0x000002598d5055c0
Event: 1.432 Thread 0x000002598dd72b10 Thread added: 0x0000025947f2fe90
Event: 1.761 Thread 0x0000025947cbf4d0 Thread exited: 0x0000025947cbf4d0
Event: 2.061 Thread 0x0000025921e7f2f0 Thread added: 0x000002598e4ecb90


Dynamic libraries:
0x00007ff7d21d0000 - 0x00007ff7d21de000 	C:\Users\Arthur\.jdks\corretto-17.0.14\bin\java.exe
0x00007ffb57d20000 - 0x00007ffb57f86000 	C:\WINDOWS\SYSTEM32\ntdll.dll
0x00007ffb56590000 - 0x00007ffb56659000 	C:\WINDOWS\System32\KERNEL32.DLL
0x00007ffb55470000 - 0x00007ffb5583c000 	C:\WINDOWS\System32\KERNELBASE.dll
0x00007ffb558d0000 - 0x00007ffb55a1b000 	C:\WINDOWS\System32\ucrtbase.dll
0x00007ffb47340000 - 0x00007ffb47357000 	C:\Users\Arthur\.jdks\corretto-17.0.14\bin\jli.dll
0x00007ffb4dcd0000 - 0x00007ffb4dceb000 	C:\Users\Arthur\.jdks\corretto-17.0.14\bin\VCRUNTIME140.dll
0x00007ffb579a0000 - 0x00007ffb57b6a000 	C:\WINDOWS\System32\USER32.dll
0x00007ffb551b0000 - 0x00007ffb551d7000 	C:\WINDOWS\System32\win32u.dll
0x00007ffb41090000 - 0x00007ffb4132a000 	C:\WINDOWS\WinSxS\amd64_microsoft.windows.common-controls_6595b64144ccf1df_6.0.26100.3912_none_3e07963ce335137e\COMCTL32.dll
0x00007ffb56fa0000 - 0x00007ffb56fcb000 	C:\WINDOWS\System32\GDI32.dll
0x00007ffb55af0000 - 0x00007ffb55b99000 	C:\WINDOWS\System32\msvcrt.dll
0x00007ffb55290000 - 0x00007ffb553c2000 	C:\WINDOWS\System32\gdi32full.dll
0x00007ffb551e0000 - 0x00007ffb55283000 	C:\WINDOWS\System32\msvcp_win.dll
0x00007ffb56550000 - 0x00007ffb56580000 	C:\WINDOWS\System32\IMM32.DLL
0x00007ffb4dcc0000 - 0x00007ffb4dccc000 	C:\Users\Arthur\.jdks\corretto-17.0.14\bin\vcruntime140_1.dll
0x00007ffb46fa0000 - 0x00007ffb4702d000 	C:\Users\Arthur\.jdks\corretto-17.0.14\bin\msvcp140.dll
0x00007ffaa80e0000 - 0x00007ffaa8d4c000 	C:\Users\Arthur\.jdks\corretto-17.0.14\bin\server\jvm.dll
0x00007ffb57c20000 - 0x00007ffb57cd2000 	C:\WINDOWS\System32\ADVAPI32.dll
0x00007ffb55fc0000 - 0x00007ffb56066000 	C:\WINDOWS\System32\sechost.dll
0x00007ffb56070000 - 0x00007ffb56186000 	C:\WINDOWS\System32\RPCRT4.dll
0x00007ffb56310000 - 0x00007ffb56384000 	C:\WINDOWS\System32\WS2_32.dll
0x00007ffb54a80000 - 0x00007ffb54ade000 	C:\WINDOWS\SYSTEM32\POWRPROF.dll
0x00007ffb464f0000 - 0x00007ffb46526000 	C:\WINDOWS\SYSTEM32\WINMM.dll
0x00007ffb4cdf0000 - 0x00007ffb4cdfb000 	C:\WINDOWS\SYSTEM32\VERSION.dll
0x00007ffb54a40000 - 0x00007ffb54a54000 	C:\WINDOWS\SYSTEM32\UMPDC.dll
0x00007ffb53300000 - 0x00007ffb5331a000 	C:\WINDOWS\SYSTEM32\kernel.appcore.dll
0x00007ffb46f90000 - 0x00007ffb46f9a000 	C:\Users\Arthur\.jdks\corretto-17.0.14\bin\jimage.dll
0x00007ffb546d0000 - 0x00007ffb54911000 	C:\WINDOWS\SYSTEM32\DBGHELP.DLL
0x00007ffb55c20000 - 0x00007ffb55fa4000 	C:\WINDOWS\System32\combase.dll
0x00007ffb57000000 - 0x00007ffb570e0000 	C:\WINDOWS\System32\OLEAUT32.dll
0x00007ffb545c0000 - 0x00007ffb545f9000 	C:\WINDOWS\SYSTEM32\dbgcore.DLL
0x00007ffb553d0000 - 0x00007ffb55469000 	C:\WINDOWS\System32\bcryptPrimitives.dll
0x00007ffb454a0000 - 0x00007ffb454ae000 	C:\Users\Arthur\.jdks\corretto-17.0.14\bin\instrument.dll
0x00007ffb46f60000 - 0x00007ffb46f85000 	C:\Users\Arthur\.jdks\corretto-17.0.14\bin\java.dll
0x00007ffb407a0000 - 0x00007ffb40877000 	C:\Users\Arthur\.jdks\corretto-17.0.14\bin\jsvml.dll
0x00007ffb56810000 - 0x00007ffb56f3d000 	C:\WINDOWS\System32\SHELL32.dll
0x00007ffb55030000 - 0x00007ffb551a4000 	C:\WINDOWS\System32\wintypes.dll
0x00007ffb52060000 - 0x00007ffb528b6000 	C:\WINDOWS\SYSTEM32\windows.storage.dll
0x00007ffb56660000 - 0x00007ffb5674f000 	C:\WINDOWS\System32\SHCORE.dll
0x00007ffb57580000 - 0x00007ffb575e9000 	C:\WINDOWS\System32\shlwapi.dll
0x00007ffb54dc0000 - 0x00007ffb54def000 	C:\WINDOWS\SYSTEM32\profapi.dll
0x00007ffb454b0000 - 0x00007ffb454c8000 	C:\Users\Arthur\.jdks\corretto-17.0.14\bin\zip.dll
0x00007ffb46f40000 - 0x00007ffb46f59000 	C:\Users\Arthur\.jdks\corretto-17.0.14\bin\net.dll
0x00007ffb4ba10000 - 0x00007ffb4bb2e000 	C:\WINDOWS\SYSTEM32\WINHTTP.dll
0x00007ffb53810000 - 0x00007ffb5387a000 	C:\WINDOWS\system32\mswsock.dll
0x00007ffb46f20000 - 0x00007ffb46f36000 	C:\Users\Arthur\.jdks\corretto-17.0.14\bin\nio.dll
0x00007ffb45460000 - 0x00007ffb4547a000 	C:\Program Files\JetBrains\IntelliJ IDEA 2024.3.2.2\bin\breakgen64.dll
0x00007ffb45450000 - 0x00007ffb45459000 	C:\Users\Arthur\.jdks\corretto-17.0.14\bin\extnet.dll
0x00007ffb40790000 - 0x00007ffb407a0000 	C:\Users\Arthur\.jdks\corretto-17.0.14\bin\verify.dll
0x00007ffb52df0000 - 0x00007ffb52f17000 	C:\WINDOWS\SYSTEM32\DNSAPI.dll
0x00007ffb52d60000 - 0x00007ffb52d93000 	C:\WINDOWS\SYSTEM32\IPHLPAPI.DLL
0x00007ffb56f90000 - 0x00007ffb56f9a000 	C:\WINDOWS\System32\NSI.dll
0x00007ffb4bc60000 - 0x00007ffb4bc6b000 	C:\Windows\System32\rasadhlp.dll
0x00007ffb49190000 - 0x00007ffb49216000 	C:\WINDOWS\System32\fwpuclnt.dll
0x00007ffb40780000 - 0x00007ffb40789000 	C:\Users\Arthur\.jdks\corretto-17.0.14\bin\management.dll
0x00007ffb40770000 - 0x00007ffb4077b000 	C:\Users\Arthur\.jdks\corretto-17.0.14\bin\management_ext.dll
0x00007ffb55ae0000 - 0x00007ffb55ae8000 	C:\WINDOWS\System32\PSAPI.DLL
0x00007ffb54a60000 - 0x00007ffb54a7c000 	C:\WINDOWS\SYSTEM32\CRYPTSP.dll
0x00007ffb53c70000 - 0x00007ffb53caa000 	C:\WINDOWS\system32\rsaenh.dll
0x00007ffb53880000 - 0x00007ffb538ab000 	C:\WINDOWS\SYSTEM32\USERENV.dll
0x00007ffb54d90000 - 0x00007ffb54db6000 	C:\WINDOWS\SYSTEM32\bcrypt.dll
0x00007ffb53e90000 - 0x00007ffb53e9c000 	C:\WINDOWS\SYSTEM32\CRYPTBASE.dll
0x00007ffb4bc70000 - 0x00007ffb4bc8f000 	C:\WINDOWS\SYSTEM32\dhcpcsvc6.DLL
0x00007ffb49370000 - 0x00007ffb49395000 	C:\WINDOWS\SYSTEM32\dhcpcsvc.DLL
0x00007ffb37650000 - 0x00007ffb37668000 	C:\WINDOWS\system32\napinsp.dll
0x00007ffb37230000 - 0x00007ffb37242000 	C:\WINDOWS\System32\winrnr.dll
0x00007ffb37010000 - 0x00007ffb37040000 	C:\WINDOWS\system32\nlansp_c.dll
0x00007ffb37200000 - 0x00007ffb37220000 	C:\WINDOWS\system32\wshbth.dll
0x00007ffb3af10000 - 0x00007ffb3af5e000 	C:\WINDOWS\SYSTEM32\pdh.dll

dbghelp: loaded successfully - version: 4.0.5 - missing functions: none
symbol engine: initialized successfully - sym options: 0x614 - pdb path: .;C:\Users\Arthur\.jdks\corretto-17.0.14\bin;C:\WINDOWS\SYSTEM32;C:\WINDOWS\WinSxS\amd64_microsoft.windows.common-controls_6595b64144ccf1df_6.0.26100.3912_none_3e07963ce335137e;C:\Users\Arthur\.jdks\corretto-17.0.14\bin\server;C:\Program Files\JetBrains\IntelliJ IDEA 2024.3.2.2\bin

VM Arguments:
jvm_args: -javaagent:C:\Program Files\JetBrains\IntelliJ IDEA 2024.3.2.2\lib\idea_rt.jar=65372:C:\Program Files\JetBrains\IntelliJ IDEA 2024.3.2.2\bin -Dfile.encoding=UTF-8 
java_command: com.luna.luna_project.LunaProjectApplication
java_class_path (initial): C:\Projects\LUNA\Nova pasta\Back-end\luna-project\target\classes;C:\Users\Arthur\.m2\repository\org\springframework\boot\spring-boot-starter-data-jpa\3.3.3\spring-boot-starter-data-jpa-3.3.3.jar;C:\Users\Arthur\.m2\repository\org\springframework\boot\spring-boot-starter-aop\3.3.3\spring-boot-starter-aop-3.3.3.jar;C:\Users\Arthur\.m2\repository\org\aspectj\aspectjweaver\1.9.22.1\aspectjweaver-1.9.22.1.jar;C:\Users\Arthur\.m2\repository\org\springframework\boot\spring-boot-starter-jdbc\3.3.3\spring-boot-starter-jdbc-3.3.3.jar;C:\Users\Arthur\.m2\repository\com\zaxxer\HikariCP\5.1.0\HikariCP-5.1.0.jar;C:\Users\Arthur\.m2\repository\org\springframework\spring-jdbc\6.1.12\spring-jdbc-6.1.12.jar;C:\Users\Arthur\.m2\repository\org\hibernate\orm\hibernate-core\6.5.2.Final\hibernate-core-6.5.2.Final.jar;C:\Users\Arthur\.m2\repository\jakarta\persistence\jakarta.persistence-api\3.1.0\jakarta.persistence-api-3.1.0.jar;C:\Users\Arthur\.m2\repository\jakarta\transaction\jakarta.transaction-api\2.0.1\jakarta.transaction-api-2.0.1.jar;C:\Users\Arthur\.m2\repository\org\jboss\logging\jboss-logging\3.5.3.Final\jboss-logging-3.5.3.Final.jar;C:\Users\Arthur\.m2\repository\org\hibernate\common\hibernate-commons-annotations\6.0.6.Final\hibernate-commons-annotations-6.0.6.Final.jar;C:\Users\Arthur\.m2\repository\io\smallrye\jandex\3.1.2\jandex-3.1.2.jar;C:\Users\Arthur\.m2\repository\com\fasterxml\classmate\1.7.0\classmate-1.7.0.jar;C:\Users\Arthur\.m2\repository\net\bytebuddy\byte-buddy\1.14.19\byte-buddy-1.14.19.jar;C:\Users\Arthur\.m2\repository\org\glassfish\jaxb\jaxb-runtime\4.0.5\jaxb-runtime-4.0.5.jar;C:\Users\Arthur\.m2\repository\org\glassfish\jaxb\jaxb-core\4.0.5\jaxb-core-4.0.5.jar;C:\Users\Arthur\.m2\repository\org\eclipse\angus\angus-activation\2.0.2\angus-activation-2.0.2.jar;C:\Users\Arthur\.m2\repository\org\glassfish\jaxb\txw2\4.0.5\txw2-4.0.5.jar;C:\Users\Arthur\.m2\repository\com\sun\istack\istack-commons-runtime\4.1.2\istack-commons-runtim
Launcher Type: SUN_STANDARD

[Global flags]
     intx CICompilerCount                          = 4                                         {product} {ergonomic}
     uint ConcGCThreads                            = 3                                         {product} {ergonomic}
     uint G1ConcRefinementThreads                  = 10                                        {product} {ergonomic}
   size_t G1HeapRegionSize                         = 2097152                                   {product} {ergonomic}
    uintx GCDrainStackTargetSize                   = 64                                        {product} {ergonomic}
   size_t InitialHeapSize                          = 266338304                                 {product} {ergonomic}
   size_t MarkStackSize                            = 4194304                                   {product} {ergonomic}
   size_t MaxHeapSize                              = 4253024256                                {product} {ergonomic}
   size_t MaxNewSize                               = 2550136832                                {product} {ergonomic}
   size_t MinHeapDeltaBytes                        = 2097152                                   {product} {ergonomic}
   size_t MinHeapSize                              = 8388608                                   {product} {ergonomic}
    uintx NonNMethodCodeHeapSize                   = 5839372                                {pd product} {ergonomic}
    uintx NonProfiledCodeHeapSize                  = 122909434                              {pd product} {ergonomic}
    uintx ProfiledCodeHeapSize                     = 122909434                              {pd product} {ergonomic}
    uintx ReservedCodeCacheSize                    = 251658240                              {pd product} {ergonomic}
     bool SegmentedCodeCache                       = true                                      {product} {ergonomic}
   size_t SoftMaxHeapSize                          = 4253024256                             {manageable} {ergonomic}
     bool UseCompressedClassPointers               = true                           {product lp64_product} {ergonomic}
     bool UseCompressedOops                        = true                           {product lp64_product} {ergonomic}
     bool UseG1GC                                  = true                                      {product} {ergonomic}
     bool UseLargePagesIndividualAllocation        = false                                  {pd product} {ergonomic}

Logging:
Log output configuration:
 #0: stdout all=warning uptime,level,tags
 #1: stderr all=off uptime,level,tags

Environment Variables:
PATH=C:\Program Files\Eclipse Adoptium\jdk-21.0.5.11-hotspot\bin;C:\Program Files (x86)\Common Files\Oracle\Java\java8path;C:\Program Files (x86)\Common Files\Oracle\Java\javapath;c:\windows\system32;c:\windows;c:\windows\system32\wbem;c:\windows\system32\windowspowershell\v1.0\;c:\windows\system32\openssh\;c:\program files\nvidia corporation\nvidia app\nvdlisr;C:\Program Files\Docker\Docker\resources\bin;C:\Program Files\dotnet\;C:\WINDOWS\system32;C:\WINDOWS;C:\WINDOWS\System32\Wbem;C:\WINDOWS\System32\WindowsPowerShell\v1.0\;C:\WINDOWS\System32\OpenSSH\;C:\Program Files (x86)\NVIDIA Corporation\PhysX\Common;C:\Program Files\Git\cmd;C:\Program Files\nodejs\;C:\gradle-8.13\bin;C:\apache-maven-3.9.9\bin;C:\Program Files\Go\bin;C:\Program Files\MySQL\MySQL Shell 8.0\bin\;C:\Users\Arthur\AppData\Local\Microsoft\WindowsApps;C:\Users\Arthur\AppData\Local\Programs\Microsoft VS Code\bin;C:\Program Files\sf\bin;C:\Users\Arthur\AppData\Roaming\npm;C:\Users\Arthur\AppData\Local\spicetify;C:\gradle-8.13\bin;C:\apache-maven-3.9.9\bin;C:\Users\Arthur\go\bin;C:\Users\Arthur\AppData\Local\GitHubDesktop\bin
USERNAME=Arthur
OS=Windows_NT
PROCESSOR_IDENTIFIER=Intel64 Family 6 Model 158 Stepping 10, GenuineIntel
TMP=C:\Users\Arthur\AppData\Local\Temp
TEMP=C:\Users\Arthur\AppData\Local\Temp



Periodic native trim disabled


---------------  S Y S T E M  ---------------

OS:
 Windows 11 , 64 bit Build 26100 (10.0.26100.3912)
OS uptime: 3 days 7:12 hours
Hyper-V role detected

CPU: total 12 (initial active 12) (6 cores per cpu, 2 threads per core) family 6 model 158 stepping 10 microcode 0xde, cx8, cmov, fxsr, ht, mmx, 3dnowpref, sse, sse2, sse3, ssse3, sse4.1, sse4.2, popcnt, lzcnt, tsc, tscinvbit, avx, avx2, aes, erms, clmul, bmi1, bmi2, adx, fma, vzeroupper, clflush, clflushopt, hv
Processor Information for all 12 processors :
  Max Mhz: 2592, Current Mhz: 2592, Mhz Limit: 2592

Memory: 4k page, system-wide physical 16221M (6606M free)
TotalPageFile size 22109M (AvailPageFile size 9414M)
current process WorkingSet (physical memory assigned to process): 132M, peak: 133M
current process commit charge ("private bytes"): 400M, peak: 402M

vm_info: OpenJDK 64-Bit Server VM (17.0.14+7-LTS) for windows-amd64 JRE (17.0.14+7-LTS), built on Jan  7 2025 20:14:24 by "Administrator" with MS VC++ 16.10 / 16.11 (VS2019)

END.
