#
# A fatal error has been detected by the Java Runtime Environment:
#
#  EXCEPTION_ACCESS_VIOLATION (0xc0000005) at pc=0x00007fff9d8e832d, pid=6284, tid=6752
#
# JRE version: OpenJDK Runtime Environment Corretto-17.0.14.7.1 (17.0.14+7) (build 17.0.14+7-LTS)
# Java VM: OpenJDK 64-Bit Server VM Corretto-17.0.14.7.1 (17.0.14+7-LTS, mixed mode, sharing, tiered, compressed oops, compressed class ptrs, g1 gc, windows-amd64)
# Problematic frame:
# V  [jvm.dll+0x58832d]
#
# No core dump will be written. Minidumps are not enabled by default on client versions of Windows
#
# If you would like to submit a bug report, please visit:
#   https://github.com/corretto/corretto-17/issues/
#

---------------  S U M M A R Y ------------

Command Line: -javaagent:C:\Program Files\JetBrains\IntelliJ IDEA 2024.3.2.2\lib\idea_rt.jar=50471:C:\Program Files\JetBrains\IntelliJ IDEA 2024.3.2.2\bin -Dfile.encoding=UTF-8 com.luna.luna_project.LunaProjectApplication

Host: Intel(R) Core(TM) i7-9750H CPU @ 2.60GHz, 12 cores, 15G,  Windows 11 , 64 bit Build 26100 (10.0.26100.3912)
Time: Fri May 23 22:31:18 2025 Hora oficial do Brasil elapsed time: 5.527996 seconds (0d 0h 0m 5s)

---------------  T H R E A D  ---------------

Current thread (0x000002910b979bf0):  JavaThread "C2 CompilerThread2" daemon [_thread_in_native, id=6752, stack(0x000000e5c3300000,0x000000e5c3400000)]


Current CompileTask:
C2:   5528 3644   !   4       org.springframework.core.ResolvableType::getSuperType (53 bytes)

Stack: [0x000000e5c3300000,0x000000e5c3400000],  sp=0x000000e5c33fa9f0,  free space=1002k
Native frames: (J=compiled Java code, j=interpreted, Vv=VM code, C=native code)
V  [jvm.dll+0x58832d]
V  [jvm.dll+0x587807]
V  [jvm.dll+0x2230d2]
V  [jvm.dll+0x21c332]
V  [jvm.dll+0x219ae1]
V  [jvm.dll+0x1a599d]
V  [jvm.dll+0x22994d]
V  [jvm.dll+0x227adc]
V  [jvm.dll+0x7edb77]
V  [jvm.dll+0x7e7f6c]
V  [jvm.dll+0x67ff37]
C  [ucrtbase.dll+0x37b0]
C  [KERNEL32.DLL+0x2e8d7]
C  [ntdll.dll+0x9c5dc]


siginfo: EXCEPTION_ACCESS_VIOLATION (0xc0000005), reading address 0x00000000000000a8


Registers:
RAX=0x0000000000000000, RBX=0x0000029151450908, RCX=0x0000029151450908, RDX=0x0000029154b08a40
RSP=0x000000e5c33fa9f0, RBP=0x000000e5c33fadd0, RSI=0x0000000000000001, RDI=0x0000000000000000
R8 =0x0000000000000002, R9 =0x0000000000000002, R10=0x00007ff80d980000, R11=0x0000029154b08b40
R12=0x000000000000004a, R13=0x000000e5c33faa80, R14=0x0000029154dbfd58, R15=0x000000e5c33faaa0
RIP=0x00007fff9d8e832d, EFLAGS=0x0000000000010202


Register to memory mapping:

RIP=0x00007fff9d8e832d jvm.dll
RAX=0x0 is NULL
RBX=0x0000029151450908 points into unknown readable memory: 0x0000000000000000 | 00 00 00 00 00 00 00 00
RCX=0x0000029151450908 points into unknown readable memory: 0x0000000000000000 | 00 00 00 00 00 00 00 00
RDX=0x0000029154b08a40 points into unknown readable memory: 0x00088010000222ff | ff 22 02 00 10 80 08 00
RSP=0x000000e5c33fa9f0 is pointing into the stack for thread: 0x000002910b979bf0
RBP=0x000000e5c33fadd0 is pointing into the stack for thread: 0x000002910b979bf0
RSI=0x0000000000000001 is an unknown value
RDI=0x0 is NULL
R8 =0x0000000000000002 is an unknown value
R9 =0x0000000000000002 is an unknown value
R10=0x00007ff80d980000 VCRUNTIME140.dll
R11=0x0000029154b08b40 points into unknown readable memory: 0x01fc1e0906000168 | 68 01 00 06 09 1e fc 01
R12=0x000000000000004a is an unknown value
R13=0x000000e5c33faa80 is pointing into the stack for thread: 0x000002910b979bf0
R14=0x0000029154dbfd58 points into unknown readable memory: 0x00007fff9dd01808 | 08 18 d0 9d ff 7f 00 00
R15=0x000000e5c33faaa0 is pointing into the stack for thread: 0x000002910b979bf0


Top of Stack: (sp=0x000000e5c33fa9f0)
0x000000e5c33fa9f0:   00000000000011e0 000000e5c33fadd0
0x000000e5c33faa00:   000000e5c33faac0 00007fff9db8218e
0x000000e5c33faa10:   000002910bace300 00000291684e0f30
0x000000e5c33faa20:   0000000000000000 0000000000000001
0x000000e5c33faa30:   000002910bace2d0 0000000000080200
0x000000e5c33faa40:   000000e5c33fab50 00007fff9d8e7807
0x000000e5c33faa50:   000000e5c33fadd0 000000e5c33faaa0
0x000000e5c33faa60:   000002910000005f 000000e5c33faac0
0x000000e5c33faa70:   0000000000080270 0000029166180000
0x000000e5c33faa80:   000002910bac2420 00007ff800000080
0x000000e5c33faa90:   0000029154b08640 0000000000000061
0x000000e5c33faaa0:   0000029100000200 0000029154b08a40
0x000000e5c33faab0:   0000029100000200 000002910bac2420
0x000000e5c33faac0:   0000029154e11020 0000029154e19210
0x000000e5c33faad0:   0000029154e11020 000002910bac2420
0x000000e5c33faae0:   000002910bac2420 0000000000000004
0x000000e5c33faaf0:   00000291558ad820 0000000000000000
0x000000e5c33fab00:   0000029152917350 00007fff9db5c020
0x000000e5c33fab10:   0000000000000000 0000029153997e40
0x000000e5c33fab20:   000002910bace2b0 00007fff7fffffff
0x000000e5c33fab30:   0000000000001002 0000000000000000
0x000000e5c33fab40:   0000000010001000 00007fff9db61d68
0x000000e5c33fab50:   0000000000000000 0000000000000005
0x000000e5c33fab60:   000002910b9b60f8 0000029152917350
0x000000e5c33fab70:   000000e500000000 0000000000000000
0x000000e5c33fab80:   0000000000000000 00007fff9db5b07f
0x000000e5c33fab90:   000002915110e5a0 0000029151650c70
0x000000e5c33faba0:   0000000000000005 0000029153aa05f0
0x000000e5c33fabb0:   0000000000080270 0000029153aa70e8
0x000000e5c33fabc0:   00007ff8291c88b0 00007ff8290a0139
0x000000e5c33fabd0:   0000029153997e50 0000000000020010
0x000000e5c33fabe0:   000000000000000d 0000029153997e50 

Instructions: (pc=0x00007fff9d8e832d)
0x00007fff9d8e822d:   85 c9 74 37 49 8b 49 68 48 85 c9 74 26 8b 51 18
0x00007fff9d8e823d:   33 c0 85 d2 74 1d 4c 8b 41 10 66 0f 1f 84 00 00
0x00007fff9d8e824d:   00 00 00 4d 3b 34 c0 0f 84 9e 00 00 00 ff c0 3b
0x00007fff9d8e825d:   c2 72 f0 4d 8b 09 4d 85 c9 75 c9 49 8b 46 08 49
0x00007fff9d8e826d:   8b d6 48 8b cd 48 8b 30 4c 8b c6 e8 33 db fe ff
0x00007fff9d8e827d:   48 8b 4f 60 48 85 c9 74 08 49 8b d6 e8 a2 7c 0d
0x00007fff9d8e828d:   00 8b 7e 28 8b df c1 eb 05 41 3b 1f 72 0a 8b d3
0x00007fff9d8e829d:   49 8b cf e8 7b 9e 29 00 49 8b 47 08 83 e7 1f 48
0x00007fff9d8e82ad:   8d 14 98 40 0f b6 cf 41 b8 01 00 00 00 41 d3 e0
0x00007fff9d8e82bd:   8b 0a 8b c1 41 0b c0 89 02 41 85 c8 75 23 41 8b
0x00007fff9d8e82cd:   5d 18 8d 43 01 41 89 45 18 41 3b 5d 08 72 0a 8b
0x00007fff9d8e82dd:   d3 49 8b cd e8 6a 63 0d 00 49 8b 45 10 48 89 34
0x00007fff9d8e82ed:   d8 8b 74 24 70 44 8d 66 01 eb 04 8b 74 24 70 44
0x00007fff9d8e82fd:   3b e6 0f 83 f8 00 00 00 66 66 66 0f 1f 84 00 00
0x00007fff9d8e830d:   00 00 00 49 8b 46 08 41 8b cc 41 ff c4 48 8b 1c
0x00007fff9d8e831d:   c8 48 85 db 0f 84 cb 00 00 00 48 8b 03 48 8b cb
0x00007fff9d8e832d:   ff 90 a8 00 00 00 84 c0 74 38 48 8b 03 48 8b cb
0x00007fff9d8e833d:   ff 50 10 84 c0 75 2b 48 8b 43 08 8b 7b 28 4c 8b
0x00007fff9d8e834d:   38 3b 7d 28 72 0b 8b d7 48 8d 4d 20 e8 f2 62 0d
0x00007fff9d8e835d:   00 48 8b 45 30 49 8d 57 01 4c 8b 7c 24 68 48 89
0x00007fff9d8e836d:   14 f8 8b 73 28 8b fe c1 ef 05 41 3b 3f 72 0a 8b
0x00007fff9d8e837d:   d7 49 8b cf e8 9a 9d 29 00 49 8b 47 08 83 e6 1f
0x00007fff9d8e838d:   44 8b 0c b8 48 8d 14 b8 41 8b c1 41 b8 01 00 00
0x00007fff9d8e839d:   00 40 0f b6 ce 41 d3 e0 41 0b c0 45 23 c8 89 02
0x00007fff9d8e83ad:   8b 43 28 3b 45 28 0f 83 d2 00 00 00 8b c8 48 8b
0x00007fff9d8e83bd:   45 30 48 83 3c c8 00 0f 84 c1 00 00 00 45 85 c9
0x00007fff9d8e83cd:   75 23 41 8b 7d 18 8d 47 01 41 89 45 18 41 3b 7d
0x00007fff9d8e83dd:   08 72 0a 8b d7 49 8b cd e8 66 62 0d 00 49 8b 45
0x00007fff9d8e83ed:   10 48 89 1c f8 44 3b 64 24 70 0f 82 13 ff ff ff
0x00007fff9d8e83fd:   41 8b 46 28 3b 45 28 73 0d 8b c8 48 8b 45 30 48
0x00007fff9d8e840d:   83 3c c8 00 75 57 49 8b d6 48 8b cd e8 b2 39 00
0x00007fff9d8e841d:   00 41 8b 5e 28 48 8b f0 3b 5d 28 72 0b 8b d3 48 


Stack slot to memory mapping:
stack at sp + 0 slots: 0x00000000000011e0 is an unknown value
stack at sp + 1 slots: 0x000000e5c33fadd0 is pointing into the stack for thread: 0x000002910b979bf0
stack at sp + 2 slots: 0x000000e5c33faac0 is pointing into the stack for thread: 0x000002910b979bf0
stack at sp + 3 slots: 0x00007fff9db8218e jvm.dll
stack at sp + 4 slots: 0x000002910bace300 points into unknown readable memory: 0x8000000800000001 | 01 00 00 00 08 00 00 80
stack at sp + 5 slots: 0x00000291684e0f30 points into unknown readable memory: 0x00007fff9dcb7550 | 50 75 cb 9d ff 7f 00 00
stack at sp + 6 slots: 0x0 is NULL
stack at sp + 7 slots: 0x0000000000000001 is an unknown value


---------------  P R O C E S S  ---------------

Threads class SMR info:
_java_thread_list=0x000002915325a9a0, length=19, elements={
0x00000291684ca3e0, 0x000002910b945b90, 0x000002910b948560, 0x000002910b955640,
0x000002910b956000, 0x000002910b9569c0, 0x000002910b957b20, 0x000002910b95a470,
0x000002910b978c00, 0x000002910b981fe0, 0x000002910ba7ee80, 0x000002910b979150,
0x000002910b979bf0, 0x000002915150be30, 0x0000029151297f60, 0x00000291516540e0,
0x0000029152174d60, 0x0000029151db5bd0, 0x0000029152154530
}

Java Threads: ( => current thread )
  0x00000291684ca3e0 JavaThread "main" [_thread_in_vm, id=10696, stack(0x000000e5c2100000,0x000000e5c2200000)]
  0x000002910b945b90 JavaThread "Reference Handler" daemon [_thread_blocked, id=14820, stack(0x000000e5c2800000,0x000000e5c2900000)]
  0x000002910b948560 JavaThread "Finalizer" daemon [_thread_blocked, id=5504, stack(0x000000e5c2900000,0x000000e5c2a00000)]
  0x000002910b955640 JavaThread "Signal Dispatcher" daemon [_thread_blocked, id=17456, stack(0x000000e5c2a00000,0x000000e5c2b00000)]
  0x000002910b956000 JavaThread "Attach Listener" daemon [_thread_blocked, id=15372, stack(0x000000e5c2b00000,0x000000e5c2c00000)]
  0x000002910b9569c0 JavaThread "Service Thread" daemon [_thread_blocked, id=3456, stack(0x000000e5c2c00000,0x000000e5c2d00000)]
  0x000002910b957b20 JavaThread "Monitor Deflation Thread" daemon [_thread_blocked, id=2768, stack(0x000000e5c2d00000,0x000000e5c2e00000)]
  0x000002910b95a470 JavaThread "C2 CompilerThread0" daemon [_thread_in_native, id=5748, stack(0x000000e5c2e00000,0x000000e5c2f00000)]
  0x000002910b978c00 JavaThread "C1 CompilerThread0" daemon [_thread_in_native, id=3404, stack(0x000000e5c2f00000,0x000000e5c3000000)]
  0x000002910b981fe0 JavaThread "Sweeper thread" daemon [_thread_blocked, id=13340, stack(0x000000e5c3000000,0x000000e5c3100000)]
  0x000002910ba7ee80 JavaThread "Common-Cleaner" daemon [_thread_blocked, id=9092, stack(0x000000e5c3100000,0x000000e5c3200000)]
  0x000002910b979150 JavaThread "C2 CompilerThread1" daemon [_thread_in_native, id=10916, stack(0x000000e5c3200000,0x000000e5c3300000)]
=>0x000002910b979bf0 JavaThread "C2 CompilerThread2" daemon [_thread_in_native, id=6752, stack(0x000000e5c3300000,0x000000e5c3400000)]
  0x000002915150be30 JavaThread "Monitor Ctrl-Break" daemon [_thread_in_native, id=15404, stack(0x000000e5c3400000,0x000000e5c3500000)]
  0x0000029151297f60 JavaThread "Notification Thread" daemon [_thread_blocked, id=19252, stack(0x000000e5c3500000,0x000000e5c3600000)]
  0x00000291516540e0 JavaThread "RMI TCP Accept-0" daemon [_thread_in_native, id=17272, stack(0x000000e5c4000000,0x000000e5c4100000)]
  0x0000029152174d60 JavaThread "RMI TCP Connection(1)-26.117.114.70" daemon [_thread_in_native, id=8328, stack(0x000000e5c4100000,0x000000e5c4200000)]
  0x0000029151db5bd0 JavaThread "RMI Scheduler(0)" daemon [_thread_blocked, id=5540, stack(0x000000e5c4200000,0x000000e5c4300000)]
  0x0000029152154530 JavaThread "JMX server connection timeout 20" daemon [_thread_blocked, id=16068, stack(0x000000e5c4300000,0x000000e5c4400000)]

Other Threads:
  0x000002910b93ffb0 VMThread "VM Thread" [stack: 0x000000e5c2700000,0x000000e5c2800000] [id=6164]
  0x00000291512997b0 WatcherThread [stack: 0x000000e5c3600000,0x000000e5c3700000] [id=9116]
  0x0000029168537180 GCTaskThread "GC Thread#0" [stack: 0x000000e5c2200000,0x000000e5c2300000] [id=6516]
  0x0000029151c285f0 GCTaskThread "GC Thread#1" [stack: 0x000000e5c3700000,0x000000e5c3800000] [id=7632]
  0x0000029151cbf730 GCTaskThread "GC Thread#2" [stack: 0x000000e5c3800000,0x000000e5c3900000] [id=9068]
  0x00000291517d1250 GCTaskThread "GC Thread#3" [stack: 0x000000e5c3900000,0x000000e5c3a00000] [id=18060]
  0x0000029152262c40 GCTaskThread "GC Thread#4" [stack: 0x000000e5c3a00000,0x000000e5c3b00000] [id=960]
  0x0000029151c5ac50 GCTaskThread "GC Thread#5" [stack: 0x000000e5c3b00000,0x000000e5c3c00000] [id=9968]
  0x00000291520669c0 GCTaskThread "GC Thread#6" [stack: 0x000000e5c3c00000,0x000000e5c3d00000] [id=10668]
  0x0000029151d6b030 GCTaskThread "GC Thread#7" [stack: 0x000000e5c3d00000,0x000000e5c3e00000] [id=14724]
  0x0000029151b9b310 GCTaskThread "GC Thread#8" [stack: 0x000000e5c3e00000,0x000000e5c3f00000] [id=3148]
  0x00000291524811c0 GCTaskThread "GC Thread#9" [stack: 0x000000e5c4400000,0x000000e5c4500000] [id=13352]
  0x000002916854ab30 ConcurrentGCThread "G1 Main Marker" [stack: 0x000000e5c2300000,0x000000e5c2400000] [id=14168]
  0x000002916854c400 ConcurrentGCThread "G1 Conc#0" [stack: 0x000000e5c2400000,0x000000e5c2500000] [id=7764]
  0x00000291533ee350 ConcurrentGCThread "G1 Conc#1" [stack: 0x000000e5c4700000,0x000000e5c4800000] [id=15300]
  0x0000029152e5fcc0 ConcurrentGCThread "G1 Conc#2" [stack: 0x000000e5c4800000,0x000000e5c4900000] [id=10252]
  0x000002910b3a4da0 ConcurrentGCThread "G1 Refine#0" [stack: 0x000000e5c2500000,0x000000e5c2600000] [id=15952]
  0x00000291520472c0 ConcurrentGCThread "G1 Refine#1" [stack: 0x000000e5c3f00000,0x000000e5c4000000] [id=10692]
  0x000002910b3a7580 ConcurrentGCThread "G1 Service" [stack: 0x000000e5c2600000,0x000000e5c2700000] [id=7900]

Threads with active compile tasks:
C2 CompilerThread0     5646 3553       4       org.springframework.core.ResolvableType::resolveType (146 bytes)
C1 CompilerThread0     5646 3753       3       java.lang.invoke.InvokerBytecodeGenerator::isStaticallyNameable (148 bytes)
C2 CompilerThread1     5647 3700       4       org.springframework.beans.factory.support.AbstractBeanFactory::isTypeMatch (745 bytes)
C2 CompilerThread2     5647 3644   !   4       org.springframework.core.ResolvableType::getSuperType (53 bytes)

VM state: not at safepoint (normal execution)

VM Mutex/Monitor currently owned by a thread: None

Heap address: 0x0000000702800000, size: 4056 MB, Compressed Oops mode: Zero based, Oop shift amount: 3

CDS archive(s) mapped at: [0x000002910c000000-0x000002910cbb0000-0x000002910cbb0000), size 12255232, SharedBaseAddress: 0x000002910c000000, ArchiveRelocationMode: 1.
Compressed class space mapped at: 0x000002910d000000-0x000002914d000000, reserved size: 1073741824
Narrow klass base: 0x000002910c000000, Narrow klass shift: 0, Narrow klass range: 0x100000000

GC Precious Log:
 CPUs: 12 total, 12 available
 Memory: 16221M
 Large Page Support: Disabled
 NUMA Support: Disabled
 Compressed Oops: Enabled (Zero based)
 Heap Region Size: 2M
 Heap Min Capacity: 8M
 Heap Initial Capacity: 254M
 Heap Max Capacity: 4056M
 Pre-touch: Disabled
 Parallel Workers: 10
 Concurrent Workers: 3
 Concurrent Refinement Workers: 10
 Periodic GC: Disabled

Heap:
 garbage-first heap   total 61440K, used 33094K [0x0000000702800000, 0x0000000800000000)
  region size 2048K, 9 young (18432K), 2 survivors (4096K)
 Metaspace       used 30872K, committed 31296K, reserved 1114112K
  class space    used 3960K, committed 4160K, reserved 1048576K

Heap Regions: E=young(eden), S=young(survivor), O=old, HS=humongous(starts), HC=humongous(continues), CS=collection set, F=free, OA=open archive, CA=closed archive, TAMS=top-at-mark-start (previous, next)
|   0|0x0000000702800000, 0x0000000702a00000, 0x0000000702a00000|100%| O|  |TAMS 0x0000000702a00000, 0x0000000702800000| Untracked 
|   1|0x0000000702a00000, 0x0000000702c00000, 0x0000000702c00000|100%| O|  |TAMS 0x0000000702c00000, 0x0000000702a00000| Untracked 
|   2|0x0000000702c00000, 0x0000000702e00000, 0x0000000702e00000|100%| O|  |TAMS 0x0000000702e00000, 0x0000000702c00000| Untracked 
|   3|0x0000000702e00000, 0x0000000703000000, 0x0000000703000000|100%| O|  |TAMS 0x0000000703000000, 0x0000000702e00000| Untracked 
|   4|0x0000000703000000, 0x0000000703000000, 0x0000000703200000|  0%| F|  |TAMS 0x0000000703000000, 0x0000000703000000| Untracked 
|   5|0x0000000703200000, 0x0000000703400000, 0x0000000703400000|100%| O|  |TAMS 0x0000000703200000, 0x0000000703200000| Untracked 
|   6|0x0000000703400000, 0x0000000703600000, 0x0000000703600000|100%| O|  |TAMS 0x0000000703400000, 0x0000000703400000| Untracked 
|   7|0x0000000703600000, 0x0000000703800000, 0x0000000703800000|100%| O|  |TAMS 0x0000000703600000, 0x0000000703600000| Untracked 
|   8|0x0000000703800000, 0x0000000703a00000, 0x0000000703a00000|100%| O|  |TAMS 0x0000000703800000, 0x0000000703800000| Untracked 
|   9|0x0000000703a00000, 0x0000000703b5f000, 0x0000000703c00000| 68%| O|  |TAMS 0x0000000703a00000, 0x0000000703a00000| Untracked 
|  10|0x0000000703c00000, 0x0000000703c00000, 0x0000000703e00000|  0%| F|  |TAMS 0x0000000703c00000, 0x0000000703c00000| Untracked 
|  11|0x0000000703e00000, 0x0000000703e00000, 0x0000000704000000|  0%| F|  |TAMS 0x0000000703e00000, 0x0000000703e00000| Untracked 
|  12|0x0000000704000000, 0x0000000704000000, 0x0000000704200000|  0%| F|  |TAMS 0x0000000704000000, 0x0000000704000000| Untracked 
|  13|0x0000000704200000, 0x0000000704200000, 0x0000000704400000|  0%| F|  |TAMS 0x0000000704200000, 0x0000000704200000| Untracked 
|  14|0x0000000704400000, 0x0000000704400000, 0x0000000704600000|  0%| F|  |TAMS 0x0000000704400000, 0x0000000704400000| Untracked 
|  15|0x0000000704600000, 0x0000000704600000, 0x0000000704800000|  0%| F|  |TAMS 0x0000000704600000, 0x0000000704600000| Untracked 
|  16|0x0000000704800000, 0x0000000704800000, 0x0000000704a00000|  0%| F|  |TAMS 0x0000000704800000, 0x0000000704800000| Untracked 
|  17|0x0000000704a00000, 0x0000000704af2b40, 0x0000000704c00000| 47%| S|CS|TAMS 0x0000000704a00000, 0x0000000704a00000| Complete 
|  18|0x0000000704c00000, 0x0000000704e00000, 0x0000000704e00000|100%| S|CS|TAMS 0x0000000704c00000, 0x0000000704c00000| Complete 
|  19|0x0000000704e00000, 0x0000000704e00000, 0x0000000705000000|  0%| F|  |TAMS 0x0000000704e00000, 0x0000000704e00000| Untracked 
|  20|0x0000000705000000, 0x0000000705000000, 0x0000000705200000|  0%| F|  |TAMS 0x0000000705000000, 0x0000000705000000| Untracked 
|  21|0x0000000705200000, 0x0000000705200000, 0x0000000705400000|  0%| F|  |TAMS 0x0000000705200000, 0x0000000705200000| Untracked 
|  22|0x0000000705400000, 0x0000000705400000, 0x0000000705600000|  0%| F|  |TAMS 0x0000000705400000, 0x0000000705400000| Untracked 
|  23|0x0000000705600000, 0x00000007057cdf48, 0x0000000705800000| 90%| E|  |TAMS 0x0000000705600000, 0x0000000705600000| Complete 
|  24|0x0000000705800000, 0x0000000705a00000, 0x0000000705a00000|100%| E|CS|TAMS 0x0000000705800000, 0x0000000705800000| Complete 
|  25|0x0000000705a00000, 0x0000000705c00000, 0x0000000705c00000|100%| E|CS|TAMS 0x0000000705a00000, 0x0000000705a00000| Complete 
|  96|0x000000070e800000, 0x000000070ea00000, 0x000000070ea00000|100%| E|CS|TAMS 0x000000070e800000, 0x000000070e800000| Complete 
|  97|0x000000070ea00000, 0x000000070ec00000, 0x000000070ec00000|100%| E|CS|TAMS 0x000000070ea00000, 0x000000070ea00000| Complete 
|  98|0x000000070ec00000, 0x000000070ee00000, 0x000000070ee00000|100%| E|CS|TAMS 0x000000070ec00000, 0x000000070ec00000| Complete 
| 126|0x0000000712400000, 0x0000000712600000, 0x0000000712600000|100%| E|CS|TAMS 0x0000000712400000, 0x0000000712400000| Complete 

Card table byte_map: [0x0000029100000000,0x00000291007f0000] _byte_map_base: 0x00000290fc7ec000

Marking Bits (Prev, Next): (CMBitMap*) 0x00000291685377e0, (CMBitMap*) 0x00000291685377a0
 Prev Bits: [0x0000029104f40000, 0x0000029108ea0000)
 Next Bits: [0x0000029100fe0000, 0x0000029104f40000)

Polling page: 0x0000029167c30000

Metaspace:

Usage:
  Non-class:     26.28 MB used.
      Class:      3.87 MB used.
       Both:     30.15 MB used.

Virtual space:
  Non-class space:       64.00 MB reserved,      26.50 MB ( 41%) committed,  1 nodes.
      Class space:        1.00 GB reserved,       4.06 MB ( <1%) committed,  1 nodes.
             Both:        1.06 GB reserved,      30.56 MB (  3%) committed. 

Chunk freelists:
   Non-Class:  5.06 MB
       Class:  11.97 MB
        Both:  17.03 MB

MaxMetaspaceSize: unlimited
CompressedClassSpaceSize: 1.00 GB
Initial GC threshold: 21.00 MB
Current GC threshold: 35.12 MB
CDS: on
MetaspaceReclaimPolicy: balanced
 - commit_granule_bytes: 65536.
 - commit_granule_words: 8192.
 - virtual_space_node_default_size: 8388608.
 - enlarge_chunks_in_place: 1.
 - new_chunks_are_fully_committed: 0.
 - uncommit_free_chunks: 1.
 - use_allocation_guard: 0.
 - handle_deallocations: 1.


Internal statistics:

num_allocs_failed_limit: 5.
num_arena_births: 424.
num_arena_deaths: 0.
num_vsnodes_births: 2.
num_vsnodes_deaths: 0.
num_space_committed: 489.
num_space_uncommitted: 0.
num_chunks_returned_to_freelist: 5.
num_chunks_taken_from_freelist: 1495.
num_chunk_merges: 5.
num_chunk_splits: 1012.
num_chunks_enlarged: 737.
num_inconsistent_stats: 0.

CodeHeap 'non-profiled nmethods': size=120000Kb used=1886Kb max_used=1886Kb free=118113Kb
 bounds [0x0000029177ac0000, 0x0000029177d30000, 0x000002917eff0000]
CodeHeap 'profiled nmethods': size=120000Kb used=7760Kb max_used=7760Kb free=112239Kb
 bounds [0x000002916fff0000, 0x0000029170790000, 0x0000029177520000]
CodeHeap 'non-nmethods': size=5760Kb used=1231Kb max_used=1315Kb free=4529Kb
 bounds [0x0000029177520000, 0x0000029177790000, 0x0000029177ac0000]
 total_blobs=4273 nmethods=3737 adapters=448
 compilation: enabled
              stopped_count=0, restarted_count=0
 full_count=0

Compilation events (20 events):
Event: 5.496 Thread 0x000002910b978c00 3705       3       org.springframework.beans.factory.support.InstantiationStrategy::getActualBeanClass (5 bytes)
Event: 5.496 Thread 0x000002910b978c00 nmethod 3705 0x000002917075f990 code [0x000002917075fb40, 0x000002917075fd08]
Event: 5.498 Thread 0x000002910b978c00 3706       3       org.springframework.core.ResolvableType::forRawClass (10 bytes)
Event: 5.498 Thread 0x000002910b978c00 nmethod 3706 0x000002917075fe10 code [0x000002917075ffc0, 0x0000029170760228]
Event: 5.498 Thread 0x000002910b978c00 3707       3       org.springframework.core.ResolvableType$1::<init> (11 bytes)
Event: 5.498 Thread 0x000002910b978c00 nmethod 3707 0x0000029170760310 code [0x00000291707604c0, 0x0000029170760648]
Event: 5.502 Thread 0x000002910b978c00 3708       3       org.springframework.core.annotation.TypeMappedAnnotations$Aggregate::getMapping (24 bytes)
Event: 5.503 Thread 0x000002910b978c00 nmethod 3708 0x0000029170760710 code [0x0000029170760900, 0x0000029170760e98]
Event: 5.503 Thread 0x000002910b978c00 3709       3       org.springframework.core.annotation.TypeMappedAnnotations$Aggregate::getMappings (7 bytes)
Event: 5.505 Thread 0x000002910b978c00 nmethod 3709 0x0000029170761110 code [0x00000291707612a0, 0x00000291707613d8]
Event: 5.505 Thread 0x000002910b978c00 3710       3       org.springframework.beans.factory.support.DefaultListableBeanFactory::getBeanNamesForType (101 bytes)
Event: 5.507 Thread 0x000002910b978c00 nmethod 3710 0x0000029170761490 code [0x00000291707616e0, 0x00000291707621a8]
Event: 5.512 Thread 0x000002910b978c00 3711       3       org.springframework.boot.autoconfigure.condition.OnBeanCondition::addAll (33 bytes)
Event: 5.515 Thread 0x000002910b978c00 nmethod 3711 0x0000029170762490 code [0x0000029170762680, 0x0000029170762a58]
Event: 5.515 Thread 0x000002910b978c00 3712       3       org.springframework.core.type.classreading.SimpleMethodMetadata::isStatic (16 bytes)
Event: 5.517 Thread 0x000002910b978c00 nmethod 3712 0x0000029170762b90 code [0x0000029170762d20, 0x0000029170762e98]
Event: 5.517 Thread 0x000002910b978c00 3713       3       org.springframework.core.annotation.AbstractMergedAnnotation::getString (11 bytes)
Event: 5.519 Thread 0x000002910b978c00 nmethod 3713 0x0000029170762f10 code [0x00000291707630c0, 0x0000029170763308]
Event: 5.520 Thread 0x000002910b978c00 3714   !   3       org.springframework.boot.autoconfigure.condition.OnBeanCondition::getBeanNamesForType (21 bytes)
Event: 5.521 Thread 0x000002910b978c00 nmethod 3714 0x0000029170763410 code [0x00000291707635e0, 0x0000029170763908]

GC Heap History (14 events):
Event: 0.960 GC heap before
{Heap before GC invocations=0 (full 0):
 garbage-first heap   total 260096K, used 22528K [0x0000000702800000, 0x0000000800000000)
  region size 2048K, 11 young (22528K), 0 survivors (0K)
 Metaspace       used 6802K, committed 6976K, reserved 1114112K
  class space    used 762K, committed 832K, reserved 1048576K
}
Event: 0.966 GC heap after
{Heap after GC invocations=1 (full 0):
 garbage-first heap   total 260096K, used 9272K [0x0000000702800000, 0x0000000800000000)
  region size 2048K, 2 young (4096K), 2 survivors (4096K)
 Metaspace       used 6802K, committed 6976K, reserved 1114112K
  class space    used 762K, committed 832K, reserved 1048576K
}
Event: 1.608 GC heap before
{Heap before GC invocations=1 (full 0):
 garbage-first heap   total 260096K, used 25656K [0x0000000702800000, 0x0000000800000000)
  region size 2048K, 10 young (20480K), 2 survivors (4096K)
 Metaspace       used 11471K, committed 11776K, reserved 1114112K
  class space    used 1399K, committed 1536K, reserved 1048576K
}
Event: 1.613 GC heap after
{Heap after GC invocations=2 (full 0):
 garbage-first heap   total 260096K, used 10921K [0x0000000702800000, 0x0000000800000000)
  region size 2048K, 1 young (2048K), 1 survivors (2048K)
 Metaspace       used 11471K, committed 11776K, reserved 1114112K
  class space    used 1399K, committed 1536K, reserved 1048576K
}
Event: 3.021 GC heap before
{Heap before GC invocations=2 (full 0):
 garbage-first heap   total 260096K, used 62121K [0x0000000702800000, 0x0000000800000000)
  region size 2048K, 28 young (57344K), 1 survivors (2048K)
 Metaspace       used 21252K, committed 21504K, reserved 1114112K
  class space    used 2681K, committed 2816K, reserved 1048576K
}
Event: 3.027 GC heap after
{Heap after GC invocations=3 (full 0):
 garbage-first heap   total 260096K, used 15400K [0x0000000702800000, 0x0000000800000000)
  region size 2048K, 3 young (6144K), 3 survivors (6144K)
 Metaspace       used 21252K, committed 21504K, reserved 1114112K
  class space    used 2681K, committed 2816K, reserved 1048576K
}
Event: 3.823 GC heap before
{Heap before GC invocations=4 (full 0):
 garbage-first heap   total 61440K, used 42024K [0x0000000702800000, 0x0000000800000000)
  region size 2048K, 17 young (34816K), 3 survivors (6144K)
 Metaspace       used 25533K, committed 25920K, reserved 1114112K
  class space    used 3245K, committed 3456K, reserved 1048576K
}
Event: 3.831 GC heap after
{Heap after GC invocations=5 (full 0):
 garbage-first heap   total 61440K, used 18257K [0x0000000702800000, 0x0000000800000000)
  region size 2048K, 2 young (4096K), 2 survivors (4096K)
 Metaspace       used 25533K, committed 25920K, reserved 1114112K
  class space    used 3245K, committed 3456K, reserved 1048576K
}
Event: 3.892 GC heap before
{Heap before GC invocations=5 (full 0):
 garbage-first heap   total 61440K, used 18257K [0x0000000702800000, 0x0000000800000000)
  region size 2048K, 3 young (6144K), 2 survivors (4096K)
 Metaspace       used 25633K, committed 25984K, reserved 1114112K
  class space    used 3254K, committed 3456K, reserved 1048576K
}
Event: 3.897 GC heap after
{Heap after GC invocations=6 (full 0):
 garbage-first heap   total 61440K, used 18408K [0x0000000702800000, 0x0000000800000000)
  region size 2048K, 1 young (2048K), 1 survivors (2048K)
 Metaspace       used 25633K, committed 25984K, reserved 1114112K
  class space    used 3254K, committed 3456K, reserved 1048576K
}
Event: 4.518 GC heap before
{Heap before GC invocations=6 (full 0):
 garbage-first heap   total 61440K, used 34792K [0x0000000702800000, 0x0000000800000000)
  region size 2048K, 10 young (20480K), 1 survivors (2048K)
 Metaspace       used 27034K, committed 27328K, reserved 1114112K
  class space    used 3436K, committed 3584K, reserved 1048576K
}
Event: 4.523 GC heap after
{Heap after GC invocations=7 (full 0):
 garbage-first heap   total 61440K, used 19406K [0x0000000702800000, 0x0000000800000000)
  region size 2048K, 1 young (2048K), 1 survivors (2048K)
 Metaspace       used 27034K, committed 27328K, reserved 1114112K
  class space    used 3436K, committed 3584K, reserved 1048576K
}
Event: 5.243 GC heap before
{Heap before GC invocations=7 (full 0):
 garbage-first heap   total 61440K, used 39886K [0x0000000702800000, 0x0000000800000000)
  region size 2048K, 11 young (22528K), 1 survivors (2048K)
 Metaspace       used 29625K, committed 29952K, reserved 1114112K
  class space    used 3756K, committed 3904K, reserved 1048576K
}
Event: 5.248 GC heap after
{Heap after GC invocations=8 (full 0):
 garbage-first heap   total 61440K, used 20806K [0x0000000702800000, 0x0000000800000000)
  region size 2048K, 2 young (4096K), 2 survivors (4096K)
 Metaspace       used 29625K, committed 29952K, reserved 1114112K
  class space    used 3756K, committed 3904K, reserved 1048576K
}

Dll operation events (14 events):
Event: 0.010 Loaded shared library C:\Users\Arthur\.jdks\corretto-17.0.14\bin\java.dll
Event: 0.027 Loaded shared library C:\Users\Arthur\.jdks\corretto-17.0.14\bin\jsvml.dll
Event: 0.170 Loaded shared library C:\Users\Arthur\.jdks\corretto-17.0.14\bin\zip.dll
Event: 0.173 Loaded shared library C:\Users\Arthur\.jdks\corretto-17.0.14\bin\instrument.dll
Event: 0.179 Loaded shared library C:\Users\Arthur\.jdks\corretto-17.0.14\bin\net.dll
Event: 0.181 Loaded shared library C:\Users\Arthur\.jdks\corretto-17.0.14\bin\nio.dll
Event: 0.183 Loaded shared library C:\Users\Arthur\.jdks\corretto-17.0.14\bin\zip.dll
Event: 0.241 Loaded shared library C:\Users\Arthur\.jdks\corretto-17.0.14\bin\jimage.dll
Event: 0.301 Loaded shared library C:\Program Files\JetBrains\IntelliJ IDEA 2024.3.2.2\bin\breakgen64.dll
Event: 0.326 Loaded shared library C:\Users\Arthur\.jdks\corretto-17.0.14\bin\extnet.dll
Event: 0.338 Loaded shared library C:\Users\Arthur\.jdks\corretto-17.0.14\bin\management.dll
Event: 0.361 Loaded shared library C:\Users\Arthur\.jdks\corretto-17.0.14\bin\verify.dll
Event: 0.367 Loaded shared library C:\Users\Arthur\.jdks\corretto-17.0.14\bin\management_ext.dll
Event: 3.545 Loaded shared library C:\Users\Arthur\.jdks\corretto-17.0.14\bin\sunmscapi.dll

Deoptimization events (20 events):
Event: 4.818 Thread 0x00000291684ca3e0 Uncommon trap: trap_request=0xffffffd6 fr.pc=0x0000029177c5e484 relative=0x00000000000003c4
Event: 4.818 Thread 0x00000291684ca3e0 Uncommon trap: reason=array_check action=maybe_recompile pc=0x0000029177c5e484 method=java.util.AbstractCollection.toArray([Ljava/lang/Object;)[Ljava/lang/Object; @ 116 c2
Event: 4.818 Thread 0x00000291684ca3e0 DEOPT PACKING pc=0x0000029177c5e484 sp=0x000000e5c21fd4f0
Event: 4.818 Thread 0x00000291684ca3e0 DEOPT UNPACKING pc=0x00000291775769a3 sp=0x000000e5c21fd4a0 mode 2
Event: 4.819 Thread 0x00000291684ca3e0 Uncommon trap: trap_request=0xffffffd6 fr.pc=0x0000029177c5e484 relative=0x00000000000003c4
Event: 4.819 Thread 0x00000291684ca3e0 Uncommon trap: reason=array_check action=maybe_recompile pc=0x0000029177c5e484 method=java.util.AbstractCollection.toArray([Ljava/lang/Object;)[Ljava/lang/Object; @ 116 c2
Event: 4.819 Thread 0x00000291684ca3e0 DEOPT PACKING pc=0x0000029177c5e484 sp=0x000000e5c21fd940
Event: 4.819 Thread 0x00000291684ca3e0 DEOPT UNPACKING pc=0x00000291775769a3 sp=0x000000e5c21fd8e0 mode 2
Event: 5.444 Thread 0x00000291684ca3e0 Uncommon trap: trap_request=0xffffffc6 fr.pc=0x0000029177bd97c4 relative=0x0000000000000484
Event: 5.444 Thread 0x00000291684ca3e0 Uncommon trap: reason=bimorphic_or_optimized_type_check action=maybe_recompile pc=0x0000029177bd97c4 method=java.util.ArrayList.indexOfRange(Ljava/lang/Object;II)I @ 54 c2
Event: 5.444 Thread 0x00000291684ca3e0 DEOPT PACKING pc=0x0000029177bd97c4 sp=0x000000e5c21fe470
Event: 5.444 Thread 0x00000291684ca3e0 DEOPT UNPACKING pc=0x00000291775769a3 sp=0x000000e5c21fe3f8 mode 2
Event: 5.450 Thread 0x00000291684ca3e0 Uncommon trap: trap_request=0xffffff45 fr.pc=0x0000029177c72650 relative=0x0000000000000fb0
Event: 5.450 Thread 0x00000291684ca3e0 Uncommon trap: reason=unstable_if action=reinterpret pc=0x0000029177c72650 method=org.springframework.core.ResolvableType$1.isAssignableFrom(Ljava/lang/Class;)Z @ 15 c2
Event: 5.450 Thread 0x00000291684ca3e0 DEOPT PACKING pc=0x0000029177c72650 sp=0x000000e5c21fe0c0
Event: 5.450 Thread 0x00000291684ca3e0 DEOPT UNPACKING pc=0x00000291775769a3 sp=0x000000e5c21fe010 mode 2
Event: 5.490 Thread 0x00000291684ca3e0 Uncommon trap: trap_request=0xffffffc6 fr.pc=0x0000029177bd97c4 relative=0x0000000000000484
Event: 5.490 Thread 0x00000291684ca3e0 Uncommon trap: reason=bimorphic_or_optimized_type_check action=maybe_recompile pc=0x0000029177bd97c4 method=java.util.ArrayList.indexOfRange(Ljava/lang/Object;II)I @ 54 c2
Event: 5.490 Thread 0x00000291684ca3e0 DEOPT PACKING pc=0x0000029177bd97c4 sp=0x000000e5c21fe440
Event: 5.490 Thread 0x00000291684ca3e0 DEOPT UNPACKING pc=0x00000291775769a3 sp=0x000000e5c21fe3c8 mode 2

Classes loaded (20 events):
Event: 3.574 Loading class com/sun/security/sasl/Provider$1
Event: 3.574 Loading class com/sun/security/sasl/Provider$1 done
Event: 3.574 Loading class com/sun/security/sasl/Provider$ProviderService
Event: 3.574 Loading class com/sun/security/sasl/Provider$ProviderService done
Event: 3.770 Loading class java/beans/PropertyVetoException
Event: 3.770 Loading class java/beans/PropertyVetoException done
Event: 4.372 Loading class java/util/stream/Streams$ConcatSpliterator$OfRef
Event: 4.372 Loading class java/util/stream/Streams$ConcatSpliterator
Event: 4.372 Loading class java/util/stream/Streams$ConcatSpliterator done
Event: 4.372 Loading class java/util/stream/Streams$ConcatSpliterator$OfRef done
Event: 4.373 Loading class java/util/stream/Streams$2
Event: 4.373 Loading class java/util/stream/Streams$2 done
Event: 4.489 Loading class java/util/stream/ReferencePipeline$15
Event: 4.489 Loading class java/util/stream/ReferencePipeline$15 done
Event: 4.490 Loading class java/util/stream/ReferencePipeline$15$1
Event: 4.490 Loading class java/util/stream/ReferencePipeline$15$1 done
Event: 5.020 Loading class java/lang/UnsupportedClassVersionError
Event: 5.020 Loading class java/lang/ClassFormatError
Event: 5.020 Loading class java/lang/ClassFormatError done
Event: 5.020 Loading class java/lang/UnsupportedClassVersionError done

Classes unloaded (0 events):
No events

Classes redefined (0 events):
No events

Internal exceptions (20 events):
Event: 1.511 Thread 0x00000291684ca3e0 Exception <a 'java/lang/NoSuchMethodError'{0x0000000711627cb0}: 'void java.lang.invoke.DirectMethodHandle$Holder.invokeInterface(java.lang.Object, java.lang.Object, java.lang.Object)'> (0x0000000711627cb0) 
thrown [s\src\hotspot\share\interpreter\linkResolver.cpp, line 759]
Event: 1.539 Thread 0x00000291684ca3e0 Exception <a 'java/lang/NoSuchMethodError'{0x00000007116ba060}: 'void java.lang.invoke.DirectMethodHandle$Holder.invokeStaticInit(java.lang.Object, java.lang.Object, java.lang.Object)'> (0x00000007116ba060) 
thrown [s\src\hotspot\share\interpreter\linkResolver.cpp, line 759]
Event: 1.550 Thread 0x00000291684ca3e0 Exception <a 'java/lang/NoSuchMethodError'{0x0000000711702b80}: 'java.lang.Object java.lang.invoke.DirectMethodHandle$Holder.invokeVirtual(java.lang.Object, java.lang.Object, java.lang.Object)'> (0x0000000711702b80) 
thrown [s\src\hotspot\share\interpreter\linkResolver.cpp, line 759]
Event: 1.554 Thread 0x00000291684ca3e0 Exception <a 'java/lang/NoSuchMethodError'{0x000000071171e780}: 'java.lang.Object java.lang.invoke.DirectMethodHandle$Holder.invokeStatic(java.lang.Object, java.lang.Object, long, java.lang.Object)'> (0x000000071171e780) 
thrown [s\src\hotspot\share\interpreter\linkResolver.cpp, line 759]
Event: 1.555 Thread 0x00000291684ca3e0 Exception <a 'java/lang/NoSuchMethodError'{0x0000000711722218}: 'java.lang.Object java.lang.invoke.DirectMethodHandle$Holder.invokeStaticInit(java.lang.Object, java.lang.Object, long, java.lang.Object)'> (0x0000000711722218) 
thrown [s\src\hotspot\share\interpreter\linkResolver.cpp, line 759]
Event: 1.555 Thread 0x00000291684ca3e0 Exception <a 'java/lang/NoSuchMethodError'{0x0000000711728828}: 'java.lang.Object java.lang.invoke.DirectMethodHandle$Holder.newInvokeSpecial(java.lang.Object, java.lang.Object, long)'> (0x0000000711728828) 
thrown [s\src\hotspot\share\interpreter\linkResolver.cpp, line 759]
Event: 1.583 Thread 0x00000291684ca3e0 Exception <a 'java/lang/NoSuchMethodError'{0x0000000711783f50}: 'void java.lang.invoke.DirectMethodHandle$Holder.invokeVirtual(java.lang.Object, java.lang.Object, java.lang.Object, java.lang.Object)'> (0x0000000711783f50) 
thrown [s\src\hotspot\share\interpreter\linkResolver.cpp, line 759]
Event: 1.660 Thread 0x00000291684ca3e0 Exception <a 'java/lang/NoSuchMethodError'{0x000000071254b738}: 'void java.lang.invoke.DirectMethodHandle$Holder.invokeSpecial(java.lang.Object, java.lang.Object, java.lang.Object)'> (0x000000071254b738) 
thrown [s\src\hotspot\share\interpreter\linkResolver.cpp, line 759]
Event: 1.675 Thread 0x00000291684ca3e0 Exception <a 'java/lang/IncompatibleClassChangeError'{0x000000071257d218}: Found class java.lang.Object, but interface was expected> (0x000000071257d218) 
thrown [s\src\hotspot\share\interpreter\linkResolver.cpp, line 826]
Event: 2.389 Thread 0x00000291684ca3e0 Exception <a 'java/lang/NoSuchMethodError'{0x0000000710ca69a0}: 'int java.lang.invoke.DirectMethodHandle$Holder.invokeSpecial(java.lang.Object, java.lang.Object, java.lang.Object, java.lang.Object, java.lang.Object)'> (0x0000000710ca69a0) 
thrown [s\src\hotspot\share\interpreter\linkResolver.cpp, line 759]
Event: 2.393 Thread 0x00000291684ca3e0 Exception <a 'java/lang/NoSuchMethodError'{0x0000000710caf578}: 'void java.lang.invoke.DirectMethodHandle$Holder.invokeVirtual(java.lang.Object, java.lang.Object)'> (0x0000000710caf578) 
thrown [s\src\hotspot\share\interpreter\linkResolver.cpp, line 759]
Event: 3.178 Thread 0x00000291684ca3e0 Exception <a 'java/lang/IncompatibleClassChangeError'{0x0000000705b4aaf0}: Found class java.lang.Object, but interface was expected> (0x0000000705b4aaf0) 
thrown [s\src\hotspot\share\interpreter\linkResolver.cpp, line 826]
Event: 3.255 Thread 0x0000029151dc8d60 Exception <a 'java/lang/NoSuchMethodError'{0x0000000705325460}: 'long java.lang.invoke.DirectMethodHandle$Holder.invokeSpecial(java.lang.Object, java.lang.Object)'> (0x0000000705325460) 
thrown [s\src\hotspot\share\interpreter\linkResolver.cpp, line 759]
Event: 3.260 Thread 0x0000029151dc8d60 Exception <a 'java/lang/NoSuchMethodError'{0x0000000705330058}: 'long java.lang.invoke.DirectMethodHandle$Holder.invokeStatic(java.lang.Object, java.lang.Object)'> (0x0000000705330058) 
thrown [s\src\hotspot\share\interpreter\linkResolver.cpp, line 759]
Event: 3.260 Thread 0x0000029151dc8d60 Exception <a 'java/lang/NoSuchMethodError'{0x00000007053333b0}: 'long java.lang.invoke.DirectMethodHandle$Holder.invokeStaticInit(java.lang.Object, java.lang.Object)'> (0x00000007053333b0) 
thrown [s\src\hotspot\share\interpreter\linkResolver.cpp, line 759]
Event: 3.265 Thread 0x0000029151dc8d60 Exception <a 'java/lang/NoSuchMethodError'{0x0000000705340c70}: 'long java.lang.invoke.DirectMethodHandle$Holder.invokeInterface(java.lang.Object, java.lang.Object)'> (0x0000000705340c70) 
thrown [s\src\hotspot\share\interpreter\linkResolver.cpp, line 759]
Event: 3.266 Thread 0x0000029151dc8d60 Exception <a 'java/lang/IncompatibleClassChangeError'{0x0000000705343f58}: Found class java.lang.Object, but interface was expected> (0x0000000705343f58) 
thrown [s\src\hotspot\share\interpreter\linkResolver.cpp, line 826]
Event: 3.280 Thread 0x0000029151dc8d60 Exception <a 'java/lang/NoSuchMethodError'{0x000000070535cda8}: 'java.lang.Object java.lang.invoke.DirectMethodHandle$Holder.invokeVirtual(java.lang.Object, java.lang.Object, java.lang.Object, java.lang.Object)'> (0x000000070535cda8) 
thrown [s\src\hotspot\share\interpreter\linkResolver.cpp, line 759]
Event: 3.310 Thread 0x0000029151dc8d60 Exception <a 'java/lang/NoSuchMethodError'{0x00000007051109f8}: 'java.lang.Object java.lang.invoke.DirectMethodHandle$Holder.invokeStaticInit(java.lang.Object, java.lang.Object, java.lang.Object, java.lang.Object, java.lang.Object)'> (0x00000007051109f8) 
thrown [s\src\hotspot\share\interpreter\linkResolver.cpp, line 759]
Event: 3.431 Thread 0x0000029151dc8d60 Implicit null exception at 0x0000029177bc2000 to 0x0000029177bc2868

VM Operations (20 events):
Event: 3.512 Executing VM operation: HandshakeAllThreads
Event: 3.512 Executing VM operation: HandshakeAllThreads done
Event: 3.624 Executing VM operation: ICBufferFull
Event: 3.624 Executing VM operation: ICBufferFull done
Event: 3.823 Executing VM operation: G1CollectForAllocation
Event: 3.831 Executing VM operation: G1CollectForAllocation done
Event: 3.892 Executing VM operation: G1CollectForAllocation
Event: 3.897 Executing VM operation: G1CollectForAllocation done
Event: 4.064 Executing VM operation: HandshakeAllThreads
Event: 4.064 Executing VM operation: HandshakeAllThreads done
Event: 4.300 Executing VM operation: HandshakeAllThreads
Event: 4.301 Executing VM operation: HandshakeAllThreads done
Event: 4.301 Executing VM operation: HandshakeAllThreads
Event: 4.301 Executing VM operation: HandshakeAllThreads done
Event: 4.518 Executing VM operation: G1CollectForAllocation
Event: 4.523 Executing VM operation: G1CollectForAllocation done
Event: 4.845 Executing VM operation: ICBufferFull
Event: 4.845 Executing VM operation: ICBufferFull done
Event: 5.243 Executing VM operation: G1CollectForAllocation
Event: 5.248 Executing VM operation: G1CollectForAllocation done

Memory protections (0 events):
No events

Nmethod flushes (0 events):
No events

Events (20 events):
Event: 0.039 Thread 0x00000291684ca3e0 Thread added: 0x000002910b955640
Event: 0.039 Thread 0x00000291684ca3e0 Thread added: 0x000002910b956000
Event: 0.039 Thread 0x00000291684ca3e0 Thread added: 0x000002910b9569c0
Event: 0.040 Thread 0x00000291684ca3e0 Thread added: 0x000002910b957b20
Event: 0.040 Thread 0x00000291684ca3e0 Thread added: 0x000002910b95a470
Event: 0.040 Thread 0x00000291684ca3e0 Thread added: 0x000002910b978c00
Event: 0.040 Thread 0x00000291684ca3e0 Thread added: 0x000002910b981fe0
Event: 0.154 Thread 0x00000291684ca3e0 Thread added: 0x000002910ba7ee80
Event: 0.200 Thread 0x000002910b978c00 Thread added: 0x000002910b979150
Event: 0.212 Thread 0x000002910b978c00 Thread added: 0x000002910b979bf0
Event: 0.302 Thread 0x00000291684ca3e0 Thread added: 0x000002915150be30
Event: 0.302 Thread 0x00000291684ca3e0 Thread added: 0x0000029151297f60
Event: 0.997 Thread 0x000002910b956000 Thread added: 0x00000291516540e0
Event: 1.041 Thread 0x00000291516540e0 Thread added: 0x0000029152174d60
Event: 1.122 Thread 0x0000029152174d60 Thread added: 0x0000029151db5bd0
Event: 1.137 Thread 0x0000029152174d60 Thread added: 0x0000029152154530
Event: 1.669 Thread 0x00000291684ca3e0 Thread added: 0x0000029151dc8d60
Event: 2.915 Thread 0x00000291684ca3e0 Thread added: 0x000002915297cc60
Event: 3.150 Thread 0x000002915297cc60 Thread exited: 0x000002915297cc60
Event: 3.579 Thread 0x0000029151dc8d60 Thread exited: 0x0000029151dc8d60


Dynamic libraries:
0x00007ff686990000 - 0x00007ff68699e000 	C:\Users\Arthur\.jdks\corretto-17.0.14\bin\java.exe
0x00007ff82b980000 - 0x00007ff82bbe6000 	C:\WINDOWS\SYSTEM32\ntdll.dll
0x00007ff829be0000 - 0x00007ff829ca9000 	C:\WINDOWS\System32\KERNEL32.DLL
0x00007ff829370000 - 0x00007ff82973c000 	C:\WINDOWS\System32\KERNELBASE.dll
0x00007ff829090000 - 0x00007ff8291db000 	C:\WINDOWS\System32\ucrtbase.dll
0x00007ff80d980000 - 0x00007ff80d99b000 	C:\Users\Arthur\.jdks\corretto-17.0.14\bin\VCRUNTIME140.dll
0x00007ff80b280000 - 0x00007ff80b297000 	C:\Users\Arthur\.jdks\corretto-17.0.14\bin\jli.dll
0x00007ff829cb0000 - 0x00007ff829e7a000 	C:\WINDOWS\System32\USER32.dll
0x00007ff814ed0000 - 0x00007ff81516a000 	C:\WINDOWS\WinSxS\amd64_microsoft.windows.common-controls_6595b64144ccf1df_6.0.26100.3912_none_3e07963ce335137e\COMCTL32.dll
0x00007ff8291e0000 - 0x00007ff829207000 	C:\WINDOWS\System32\win32u.dll
0x00007ff8298d0000 - 0x00007ff829979000 	C:\WINDOWS\System32\msvcrt.dll
0x00007ff82ac40000 - 0x00007ff82ac6b000 	C:\WINDOWS\System32\GDI32.dll
0x00007ff828d40000 - 0x00007ff828e72000 	C:\WINDOWS\System32\gdi32full.dll
0x00007ff828b10000 - 0x00007ff828bb3000 	C:\WINDOWS\System32\msvcp_win.dll
0x00007ff82a150000 - 0x00007ff82a180000 	C:\WINDOWS\System32\IMM32.DLL
0x00007ff821d50000 - 0x00007ff821d5c000 	C:\Users\Arthur\.jdks\corretto-17.0.14\bin\vcruntime140_1.dll
0x00007ff804640000 - 0x00007ff8046cd000 	C:\Users\Arthur\.jdks\corretto-17.0.14\bin\msvcp140.dll
0x00007fff9d360000 - 0x00007fff9dfcc000 	C:\Users\Arthur\.jdks\corretto-17.0.14\bin\server\jvm.dll
0x00007ff829e90000 - 0x00007ff829f42000 	C:\WINDOWS\System32\ADVAPI32.dll
0x00007ff82b500000 - 0x00007ff82b5a6000 	C:\WINDOWS\System32\sechost.dll
0x00007ff82add0000 - 0x00007ff82aee6000 	C:\WINDOWS\System32\RPCRT4.dll
0x00007ff829740000 - 0x00007ff8297b4000 	C:\WINDOWS\System32\WS2_32.dll
0x00007ff8284e0000 - 0x00007ff82853e000 	C:\WINDOWS\SYSTEM32\POWRPROF.dll
0x00007ff816e00000 - 0x00007ff816e36000 	C:\WINDOWS\SYSTEM32\WINMM.dll
0x00007ff8203a0000 - 0x00007ff8203ab000 	C:\WINDOWS\SYSTEM32\VERSION.dll
0x00007ff8284c0000 - 0x00007ff8284d4000 	C:\WINDOWS\SYSTEM32\UMPDC.dll
0x00007ff827890000 - 0x00007ff8278aa000 	C:\WINDOWS\SYSTEM32\kernel.appcore.dll
0x00007ff812d60000 - 0x00007ff812d6a000 	C:\Users\Arthur\.jdks\corretto-17.0.14\bin\jimage.dll
0x00007ff8162b0000 - 0x00007ff8164f1000 	C:\WINDOWS\SYSTEM32\DBGHELP.DLL
0x00007ff82b5b0000 - 0x00007ff82b934000 	C:\WINDOWS\System32\combase.dll
0x00007ff82aef0000 - 0x00007ff82afd0000 	C:\WINDOWS\System32\OLEAUT32.dll
0x00007ff812080000 - 0x00007ff8120b9000 	C:\WINDOWS\SYSTEM32\dbgcore.DLL
0x00007ff8292d0000 - 0x00007ff829369000 	C:\WINDOWS\System32\bcryptPrimitives.dll
0x00007ff80b270000 - 0x00007ff80b27e000 	C:\Users\Arthur\.jdks\corretto-17.0.14\bin\instrument.dll
0x00007ff80b010000 - 0x00007ff80b035000 	C:\Users\Arthur\.jdks\corretto-17.0.14\bin\java.dll
0x00007ff8038c0000 - 0x00007ff803997000 	C:\Users\Arthur\.jdks\corretto-17.0.14\bin\jsvml.dll
0x00007ff82a190000 - 0x00007ff82a8bd000 	C:\WINDOWS\System32\SHELL32.dll
0x00007ff828f10000 - 0x00007ff829084000 	C:\WINDOWS\System32\wintypes.dll
0x00007ff826760000 - 0x00007ff826fb6000 	C:\WINDOWS\SYSTEM32\windows.storage.dll
0x00007ff82a9c0000 - 0x00007ff82aaaf000 	C:\WINDOWS\System32\SHCORE.dll
0x00007ff829b70000 - 0x00007ff829bd9000 	C:\WINDOWS\System32\shlwapi.dll
0x00007ff828a20000 - 0x00007ff828a4f000 	C:\WINDOWS\SYSTEM32\profapi.dll
0x00007ff803880000 - 0x00007ff803898000 	C:\Users\Arthur\.jdks\corretto-17.0.14\bin\zip.dll
0x00007ff804620000 - 0x00007ff804639000 	C:\Users\Arthur\.jdks\corretto-17.0.14\bin\net.dll
0x00007ff81d700000 - 0x00007ff81d81e000 	C:\WINDOWS\SYSTEM32\WINHTTP.dll
0x00007ff827de0000 - 0x00007ff827e4a000 	C:\WINDOWS\system32\mswsock.dll
0x00007ff8038a0000 - 0x00007ff8038b6000 	C:\Users\Arthur\.jdks\corretto-17.0.14\bin\nio.dll
0x00007ff803860000 - 0x00007ff80387a000 	C:\Program Files\JetBrains\IntelliJ IDEA 2024.3.2.2\bin\breakgen64.dll
0x00007ff827340000 - 0x00007ff827467000 	C:\WINDOWS\SYSTEM32\DNSAPI.dll
0x00007ff8272b0000 - 0x00007ff8272e3000 	C:\WINDOWS\SYSTEM32\IPHLPAPI.DLL
0x00007ff829b60000 - 0x00007ff829b6a000 	C:\WINDOWS\System32\NSI.dll
0x00007ff803840000 - 0x00007ff803849000 	C:\Users\Arthur\.jdks\corretto-17.0.14\bin\extnet.dll
0x00007ff81af90000 - 0x00007ff81af9b000 	C:\Windows\System32\rasadhlp.dll
0x00007ff81c6c0000 - 0x00007ff81c746000 	C:\WINDOWS\System32\fwpuclnt.dll
0x00007ff803830000 - 0x00007ff803839000 	C:\Users\Arthur\.jdks\corretto-17.0.14\bin\management.dll
0x00007ff803820000 - 0x00007ff803830000 	C:\Users\Arthur\.jdks\corretto-17.0.14\bin\verify.dll
0x00007ff803810000 - 0x00007ff80381b000 	C:\Users\Arthur\.jdks\corretto-17.0.14\bin\management_ext.dll
0x00007ff82aac0000 - 0x00007ff82aac8000 	C:\WINDOWS\System32\PSAPI.DLL
0x00007ff8281a0000 - 0x00007ff8281bc000 	C:\WINDOWS\SYSTEM32\CRYPTSP.dll
0x00007ff8277f0000 - 0x00007ff82782a000 	C:\WINDOWS\system32\rsaenh.dll
0x00007ff827e80000 - 0x00007ff827eab000 	C:\WINDOWS\SYSTEM32\USERENV.dll
0x00007ff8289f0000 - 0x00007ff828a16000 	C:\WINDOWS\SYSTEM32\bcrypt.dll
0x00007ff828010000 - 0x00007ff82801c000 	C:\WINDOWS\SYSTEM32\CRYPTBASE.dll
0x00007ff81ff10000 - 0x00007ff81ff2f000 	C:\WINDOWS\SYSTEM32\dhcpcsvc6.DLL
0x00007ff81fce0000 - 0x00007ff81fd05000 	C:\WINDOWS\SYSTEM32\dhcpcsvc.DLL
0x00007ff80cde0000 - 0x00007ff80cdf8000 	C:\WINDOWS\system32\napinsp.dll
0x00007ff80cdc0000 - 0x00007ff80cdd2000 	C:\WINDOWS\System32\winrnr.dll
0x00007ff80cd80000 - 0x00007ff80cdb0000 	C:\WINDOWS\system32\nlansp_c.dll
0x00007ff81fea0000 - 0x00007ff81fec0000 	C:\WINDOWS\system32\wshbth.dll
0x00007ff811320000 - 0x00007ff81136e000 	C:\WINDOWS\SYSTEM32\pdh.dll
0x00007ff821d20000 - 0x00007ff821d32000 	C:\WINDOWS\System32\perfproc.dll
0x00007ff821bf0000 - 0x00007ff821c01000 	C:\WINDOWS\System32\perfos.dll
0x00007ff823bc0000 - 0x00007ff823bd2000 	C:\WINDOWS\SYSTEM32\pfclient.dll
0x00007ff804500000 - 0x00007ff80450e000 	C:\Users\Arthur\.jdks\corretto-17.0.14\bin\sunmscapi.dll
0x00007ff828bc0000 - 0x00007ff828d37000 	C:\WINDOWS\System32\CRYPT32.dll
0x00007ff828360000 - 0x00007ff828390000 	C:\WINDOWS\SYSTEM32\ncrypt.dll
0x00007ff828310000 - 0x00007ff82834f000 	C:\WINDOWS\SYSTEM32\NTASN1.dll

dbghelp: loaded successfully - version: 4.0.5 - missing functions: none
symbol engine: initialized successfully - sym options: 0x614 - pdb path: .;C:\Users\Arthur\.jdks\corretto-17.0.14\bin;C:\WINDOWS\SYSTEM32;C:\WINDOWS\WinSxS\amd64_microsoft.windows.common-controls_6595b64144ccf1df_6.0.26100.3912_none_3e07963ce335137e;C:\Users\Arthur\.jdks\corretto-17.0.14\bin\server;C:\Program Files\JetBrains\IntelliJ IDEA 2024.3.2.2\bin

VM Arguments:
jvm_args: -javaagent:C:\Program Files\JetBrains\IntelliJ IDEA 2024.3.2.2\lib\idea_rt.jar=50471:C:\Program Files\JetBrains\IntelliJ IDEA 2024.3.2.2\bin -Dfile.encoding=UTF-8 
java_command: com.luna.luna_project.LunaProjectApplication
java_class_path (initial): C:\Projects\LUNA\Nova pasta\Back-end\luna-project\target\classes;C:\Users\Arthur\.m2\repository\org\springframework\boot\spring-boot-starter-data-jpa\3.3.3\spring-boot-starter-data-jpa-3.3.3.jar;C:\Users\Arthur\.m2\repository\org\springframework\boot\spring-boot-starter-aop\3.3.3\spring-boot-starter-aop-3.3.3.jar;C:\Users\Arthur\.m2\repository\org\aspectj\aspectjweaver\1.9.22.1\aspectjweaver-1.9.22.1.jar;C:\Users\Arthur\.m2\repository\org\springframework\boot\spring-boot-starter-jdbc\3.3.3\spring-boot-starter-jdbc-3.3.3.jar;C:\Users\Arthur\.m2\repository\com\zaxxer\HikariCP\5.1.0\HikariCP-5.1.0.jar;C:\Users\Arthur\.m2\repository\org\springframework\spring-jdbc\6.1.12\spring-jdbc-6.1.12.jar;C:\Users\Arthur\.m2\repository\org\hibernate\orm\hibernate-core\6.5.2.Final\hibernate-core-6.5.2.Final.jar;C:\Users\Arthur\.m2\repository\jakarta\persistence\jakarta.persistence-api\3.1.0\jakarta.persistence-api-3.1.0.jar;C:\Users\Arthur\.m2\repository\jakarta\transaction\jakarta.transaction-api\2.0.1\jakarta.transaction-api-2.0.1.jar;C:\Users\Arthur\.m2\repository\org\jboss\logging\jboss-logging\3.5.3.Final\jboss-logging-3.5.3.Final.jar;C:\Users\Arthur\.m2\repository\org\hibernate\common\hibernate-commons-annotations\6.0.6.Final\hibernate-commons-annotations-6.0.6.Final.jar;C:\Users\Arthur\.m2\repository\io\smallrye\jandex\3.1.2\jandex-3.1.2.jar;C:\Users\Arthur\.m2\repository\com\fasterxml\classmate\1.7.0\classmate-1.7.0.jar;C:\Users\Arthur\.m2\repository\net\bytebuddy\byte-buddy\1.14.19\byte-buddy-1.14.19.jar;C:\Users\Arthur\.m2\repository\org\glassfish\jaxb\jaxb-runtime\4.0.5\jaxb-runtime-4.0.5.jar;C:\Users\Arthur\.m2\repository\org\glassfish\jaxb\jaxb-core\4.0.5\jaxb-core-4.0.5.jar;C:\Users\Arthur\.m2\repository\org\eclipse\angus\angus-activation\2.0.2\angus-activation-2.0.2.jar;C:\Users\Arthur\.m2\repository\org\glassfish\jaxb\txw2\4.0.5\txw2-4.0.5.jar;C:\Users\Arthur\.m2\repository\com\sun\istack\istack-commons-runtime\4.1.2\istack-commons-runtim
Launcher Type: SUN_STANDARD

[Global flags]
     intx CICompilerCount                          = 4                                         {product} {ergonomic}
     uint ConcGCThreads                            = 3                                         {product} {ergonomic}
     uint G1ConcRefinementThreads                  = 10                                        {product} {ergonomic}
   size_t G1HeapRegionSize                         = 2097152                                   {product} {ergonomic}
    uintx GCDrainStackTargetSize                   = 64                                        {product} {ergonomic}
   size_t InitialHeapSize                          = 266338304                                 {product} {ergonomic}
   size_t MarkStackSize                            = 4194304                                   {product} {ergonomic}
   size_t MaxHeapSize                              = 4253024256                                {product} {ergonomic}
   size_t MaxNewSize                               = 2550136832                                {product} {ergonomic}
   size_t MinHeapDeltaBytes                        = 2097152                                   {product} {ergonomic}
   size_t MinHeapSize                              = 8388608                                   {product} {ergonomic}
    uintx NonNMethodCodeHeapSize                   = 5839372                                {pd product} {ergonomic}
    uintx NonProfiledCodeHeapSize                  = 122909434                              {pd product} {ergonomic}
    uintx ProfiledCodeHeapSize                     = 122909434                              {pd product} {ergonomic}
    uintx ReservedCodeCacheSize                    = 251658240                              {pd product} {ergonomic}
     bool SegmentedCodeCache                       = true                                      {product} {ergonomic}
   size_t SoftMaxHeapSize                          = 4253024256                             {manageable} {ergonomic}
     bool UseCompressedClassPointers               = true                           {product lp64_product} {ergonomic}
     bool UseCompressedOops                        = true                           {product lp64_product} {ergonomic}
     bool UseG1GC                                  = true                                      {product} {ergonomic}
     bool UseLargePagesIndividualAllocation        = false                                  {pd product} {ergonomic}

Logging:
Log output configuration:
 #0: stdout all=warning uptime,level,tags
 #1: stderr all=off uptime,level,tags

Environment Variables:
PATH=C:\Program Files\Eclipse Adoptium\jdk-21.0.5.11-hotspot\bin;C:\Program Files (x86)\Common Files\Oracle\Java\java8path;C:\Program Files (x86)\Common Files\Oracle\Java\javapath;c:\windows\system32;c:\windows;c:\windows\system32\wbem;c:\windows\system32\windowspowershell\v1.0\;c:\windows\system32\openssh\;c:\program files\nvidia corporation\nvidia app\nvdlisr;C:\Program Files\Docker\Docker\resources\bin;C:\Program Files\dotnet\;C:\WINDOWS\system32;C:\WINDOWS;C:\WINDOWS\System32\Wbem;C:\WINDOWS\System32\WindowsPowerShell\v1.0\;C:\WINDOWS\System32\OpenSSH\;C:\Program Files (x86)\NVIDIA Corporation\PhysX\Common;C:\Program Files\Git\cmd;C:\Program Files\nodejs\;C:\gradle-8.13\bin;C:\apache-maven-3.9.9\bin;C:\Program Files\Go\bin;C:\Program Files\MySQL\MySQL Shell 8.0\bin\;C:\Users\Arthur\AppData\Local\Microsoft\WindowsApps;C:\Users\Arthur\AppData\Local\Programs\Microsoft VS Code\bin;C:\Program Files\sf\bin;C:\Users\Arthur\AppData\Roaming\npm;C:\Users\Arthur\AppData\Local\spicetify;C:\gradle-8.13\bin;C:\apache-maven-3.9.9\bin;C:\Users\Arthur\go\bin
USERNAME=Arthur
OS=Windows_NT
PROCESSOR_IDENTIFIER=Intel64 Family 6 Model 158 Stepping 10, GenuineIntel
TMP=C:\Users\Arthur\AppData\Local\Temp
TEMP=C:\Users\Arthur\AppData\Local\Temp



Periodic native trim disabled


---------------  S Y S T E M  ---------------

OS:
 Windows 11 , 64 bit Build 26100 (10.0.26100.3912)
OS uptime: 2 days 2:22 hours
Hyper-V role detected

CPU: total 12 (initial active 12) (6 cores per cpu, 2 threads per core) family 6 model 158 stepping 10 microcode 0xde, cx8, cmov, fxsr, ht, mmx, 3dnowpref, sse, sse2, sse3, ssse3, sse4.1, sse4.2, popcnt, lzcnt, tsc, tscinvbit, avx, avx2, aes, erms, clmul, bmi1, bmi2, adx, fma, vzeroupper, clflush, clflushopt, hv
Processor Information for all 12 processors :
  Max Mhz: 2592, Current Mhz: 2592, Mhz Limit: 2592

Memory: 4k page, system-wide physical 16221M (4487M free)
TotalPageFile size 23901M (AvailPageFile size 8790M)
current process WorkingSet (physical memory assigned to process): 196M, peak: 204M
current process commit charge ("private bytes"): 241M, peak: 416M

vm_info: OpenJDK 64-Bit Server VM (17.0.14+7-LTS) for windows-amd64 JRE (17.0.14+7-LTS), built on Jan  7 2025 20:14:24 by "Administrator" with MS VC++ 16.10 / 16.11 (VS2019)

END.
